******************************************************************************
                  MSP430 Linker PC v18.1.3                     
******************************************************************************
>> Linked Wed Dec 19 20:10:01 2018

OUTPUT FILE NAME:   <taideng.out>
ENTRY POINT SYMBOL: "_c_int00_noargs"  address: 00001e28


MEMORY CONFIGURATION

         name            origin    length      used     unused   attr    fill
----------------------  --------  ---------  --------  --------  ----  --------
  SFR                   00000000   00000010  00000000  00000010  RWIX
  PERIPHERALS_8BIT      00000010   000000f0  00000000  000000f0  RWIX
  PERIPHERALS_16BIT     00000100   00000100  00000000  00000100  RWIX
  RAM                   00000200   00000800  0000006e  00000792  RWIX
  INFOB                 00001000   00000080  00000000  00000080  RWIX
  INFOA                 00001080   00000080  00000000  00000080  RWIX
  FLASH                 00001100   0000eee0  00001952  0000d58e  RWIX
  INT00                 0000ffe0   00000002  00000002  00000000  RWIX
  INT01                 0000ffe2   00000002  00000002  00000000  RWIX
  INT02                 0000ffe4   00000002  00000002  00000000  RWIX
  INT03                 0000ffe6   00000002  00000002  00000000  RWIX
  INT04                 0000ffe8   00000002  00000002  00000000  RWIX
  INT05                 0000ffea   00000002  00000002  00000000  RWIX
  INT06                 0000ffec   00000002  00000002  00000000  RWIX
  INT07                 0000ffee   00000002  00000002  00000000  RWIX
  INT08                 0000fff0   00000002  00000002  00000000  RWIX
  INT09                 0000fff2   00000002  00000002  00000000  RWIX
  INT10                 0000fff4   00000002  00000002  00000000  RWIX
  INT11                 0000fff6   00000002  00000002  00000000  RWIX
  INT12                 0000fff8   00000002  00000002  00000000  RWIX
  INT13                 0000fffa   00000002  00000002  00000000  RWIX
  INT14                 0000fffc   00000002  00000002  00000000  RWIX
  RESET                 0000fffe   00000002  00000002  00000000  RWIX


SECTION ALLOCATION MAP

 output                                  attributes/
section   page    origin      length       input sections
--------  ----  ----------  ----------   ----------------
.bss       0    00000200    0000001d     UNINITIALIZED
                  00000200    00000008     (.common:Temp_Value)
                  00000208    00000004     (.common:Period)
                  0000020c    00000004     (.common:S)
                  00000210    00000002     (.common:RiseCapVal)
                  00000212    00000002     (.common:TA_Overflow_Cnt)
                  00000214    00000001     (.common:A1)
                  00000215    00000001     (.common:A2)
                  00000216    00000001     (.common:A3)
                  00000217    00000001     (.common:A4)
                  00000218    00000001     (.common:choose)
                  00000219    00000001     (.common:clear)
                  0000021a    00000001     (.common:key)
                  0000021b    00000001     (.common:open)
                  0000021c    00000001     (.common:statu)

.data      0    0000021d    00000001     UNINITIALIZED
                  0000021d    00000001     main.obj (.data)

.stack     0    000009b0    00000050     UNINITIALIZED
                  000009b0    00000002     rts430_eabi.lib : boot.c.obj (.stack)
                  000009b2    0000004e     --HOLE--

.text      0    00001100    00000e3e     
                  00001100    000002ba     TFT.obj (.text:TFT_init)
                  000013ba    000001e4     main.obj (.text:main)
                  0000159e    00000104     PWM.obj (.text:Light)
                  000016a2    000000a2     TFT.obj (.text:Put16x16)
                  00001744    000000a2     TFT.obj (.text:PutGB2424)
                  000017e6    00000094     SRF05.obj (.text:Data_do)
                  0000187a    0000008a     SRF05.obj (.text:Timer_A)
                  00001904    0000007c     rts430_eabi.lib : copy_decompress_lzss.c.obj (.text:decompress:lzss:__TI_decompress_lzss)
                  00001980    0000007a     PWM.obj (.text:PWM_Init)
                  000019fa    00000074     TFT.obj (.text:Address_set)
                  00001a6e    00000072     TFT.obj (.text:LCD_PutChar)
                  00001ae0    00000072     TFT.obj (.text:LCD_PutString24)
                  00001b52    0000006c     TFT.obj (.text:LCD_PutString)
                  00001bbe    00000058     rts430_eabi.lib : div32u.asm.obj (.text)
                  00001c16    0000004c                     : lsr16.asm.obj (.text)
                  00001c62    00000042     TFT.obj (.text:LCD_Clear)
                  00001ca4    00000042     rts430_eabi.lib : autoinit.c.obj (.text:__TI_auto_init_nobinit_nopinit:__TI_auto_init_nobinit_nopinit)
                  00001ce6    0000003a     SPI.obj (.text:init_spi)
                  00001d20    00000032     SRF05.obj (.text:SRF05_IOinit)
                  00001d52    00000030     Key.obj (.text:p1init)
                  00001d82    0000002e     Config.obj (.text:Clock_Init)
                  00001db0    0000002e     rts430_eabi.lib : mult32_hw.asm.obj (.text)
                  00001dde    0000002c                     : lsl16.asm.obj (.text)
                  00001e0a    0000001e     TFT.obj (.text:LCD_write_data)
                  00001e28    0000001c     rts430_eabi.lib : boot.c.obj (.text:_c_int00_noargs)
                  00001e44    00000018     SRF05.obj (.text:Auto)
                  00001e5c    00000016     rts430_eabi.lib : div16u.asm.obj (.text)
                  00001e72    00000014     Key.obj (.text:Key_Portinit)
                  00001e86    00000014     TFT.obj (.text:TFT_port_init)
                  00001e9a    00000014     rts430_eabi.lib : copy_zero_init.c.obj (.text:decompress:ZI:__TI_zero_init_nomemset:__TI_zero_init_nomemset)
                  00001eae    00000014                     : mult16_hw.asm.obj (.text)
                  00001ec2    00000012                     : copy_decompress_none.c.obj (.text:decompress:none:__TI_decompress_none)
                  00001ed4    00000012                     : memcpy.c.obj (.text:memcpy)
                  00001ee6    00000010                     : epilog.asm.obj (.text)
                  00001ef6    0000000e     SRF05.obj (.text:init_timerA)
                  00001f04    0000000e     SPI.obj (.text:spi_sendByte)
                  00001f12    0000000c     TFT.obj (.text:LCD_write_command)
                  00001f1e    0000000c     TFT.obj (.text:LCD_write_data8)
                  00001f2a    00000008     rts430_eabi.lib : isr_trap.asm.obj (.text:_isr:__TI_ISR_TRAP)
                  00001f32    00000006                     : exit.c.obj (.text:abort)
                  00001f38    00000004                     : pre_init.c.obj (.text:_system_pre_init)
                  00001f3c    00000002                     : startup.c.obj (.text:_system_post_cinit)

.const     0    00001f3e    00000afc     
                  00001f3e    00000600     TFT.obj (.const:.string:Font8x16)
                  0000253e    00000352     TFT.obj (.const:ch16)
                  00002890    00000128     TFT.obj (.const:codeGB_24)
                  000029b8    00000056     main.obj (.const:.string)
                  00002a0e    0000002c     PWM.obj (.const:.string)

.cinit     0    00002a3a    00000018     
                  00002a3a    00000006     (__TI_handler_table)
                  00002a40    00000005     (.cinit..data.load) [load image]
                  00002a45    00000001     --HOLE-- [fill = 0]
                  00002a46    00000004     (.cinit..bss.load) [load image, compression = zero_init]
                  00002a4a    00000008     (__TI_cinit_table)

.binit     0    00001100    00000000     

.init_array 
*          0    00001100    00000000     UNINITIALIZED

DACDMA     0    0000ffe0    00000002     
                  0000ffe0    00000002     rts430_eabi.lib : int00.asm.obj (.int00)

PORT2      0    0000ffe2    00000002     
                  0000ffe2    00000002     rts430_eabi.lib : int01.asm.obj (.int01)

USART1TX   0    0000ffe4    00000002     
                  0000ffe4    00000002     rts430_eabi.lib : int02.asm.obj (.int02)

USART1RX   0    0000ffe6    00000002     
                  0000ffe6    00000002     rts430_eabi.lib : int03.asm.obj (.int03)

PORT1      0    0000ffe8    00000002     
                  0000ffe8    00000002     Key.obj (.int04)

TIMERA1    0    0000ffea    00000002     
                  0000ffea    00000002     SRF05.obj (.int05)

TIMERA0    0    0000ffec    00000002     
                  0000ffec    00000002     rts430_eabi.lib : int06.asm.obj (.int06)

ADC12      0    0000ffee    00000002     
                  0000ffee    00000002     rts430_eabi.lib : int07.asm.obj (.int07)

USART0TX   0    0000fff0    00000002     
                  0000fff0    00000002     rts430_eabi.lib : int08.asm.obj (.int08)

USART0RX   0    0000fff2    00000002     
                  0000fff2    00000002     rts430_eabi.lib : int09.asm.obj (.int09)

WDT        0    0000fff4    00000002     
                  0000fff4    00000002     rts430_eabi.lib : int10.asm.obj (.int10)

COMPARATORA 
*          0    0000fff6    00000002     
                  0000fff6    00000002     rts430_eabi.lib : int11.asm.obj (.int11)

TIMERB1    0    0000fff8    00000002     
                  0000fff8    00000002     rts430_eabi.lib : int12.asm.obj (.int12)

TIMERB0    0    0000fffa    00000002     
                  0000fffa    00000002     rts430_eabi.lib : int13.asm.obj (.int13)

NMI        0    0000fffc    00000002     
                  0000fffc    00000002     rts430_eabi.lib : int14.asm.obj (.int14)

.reset     0    0000fffe    00000002     
                  0000fffe    00000002     rts430_eabi.lib : boot.c.obj (.reset)

MODULE SUMMARY

       Module                       code   ro data   rw data
       ------                       ----   -------   -------
    .\
       TFT.obj                      1614   2682      0      
       main.obj                     484    86        30     
       PWM.obj                      382    44        0      
       SRF05.obj                    374    2         0      
       SPI.obj                      72     0         0      
       Key.obj                      68     2         0      
       Config.obj                   46     0         0      
    +--+----------------------------+------+---------+---------+
       Total:                       3040   2816      30     
                                                            
    D:\Learn\CCS\ccsv8\tools\compiler\ti-cgt-msp430_18.1.3.LTS\lib\rts430_eabi.lib
       copy_decompress_lzss.c.obj   124    0         0      
       div32u.asm.obj               88     0         0      
       lsr16.asm.obj                76     0         0      
       autoinit.c.obj               66     0         0      
       mult32_hw.asm.obj            46     0         0      
       lsl16.asm.obj                44     0         0      
       boot.c.obj                   28     2         0      
       div16u.asm.obj               22     0         0      
       copy_zero_init.c.obj         20     0         0      
       mult16_hw.asm.obj            20     0         0      
       copy_decompress_none.c.obj   18     0         0      
       memcpy.c.obj                 18     0         0      
       epilog.asm.obj               16     0         0      
       isr_trap.asm.obj             8      0         0      
       exit.c.obj                   6      0         0      
       pre_init.c.obj               4      0         0      
       int00.asm.obj                0      2         0      
       int01.asm.obj                0      2         0      
       int02.asm.obj                0      2         0      
       int03.asm.obj                0      2         0      
       int06.asm.obj                0      2         0      
       int07.asm.obj                0      2         0      
       int08.asm.obj                0      2         0      
       int09.asm.obj                0      2         0      
       int10.asm.obj                0      2         0      
       int11.asm.obj                0      2         0      
       int12.asm.obj                0      2         0      
       int13.asm.obj                0      2         0      
       int14.asm.obj                0      2         0      
       startup.c.obj                2      0         0      
    +--+----------------------------+------+---------+---------+
       Total:                       606    28        0      
                                                            
       Stack:                       0      0         80     
       Linker Generated:            0      23        0      
    +--+----------------------------+------+---------+---------+
       Grand Total:                 3646   2867      110    


LINKER GENERATED COPY TABLES

__TI_cinit_table @ 00002a4a records: 2, size/record: 4, table size: 8
	.data: load addr=00002a40, load size=00000005 bytes, run addr=0000021d, run size=00000001 bytes, compression=copy
	.bss: load addr=00002a46, load size=00000004 bytes, run addr=00000200, run size=0000001d bytes, compression=zero_init


LINKER GENERATED HANDLER TABLE

__TI_handler_table @ 00002a3a records: 3, size/record: 2, table size: 6
	index: 0, handler: __TI_zero_init
	index: 1, handler: __TI_decompress_lzss
	index: 2, handler: __TI_decompress_none


GLOBAL SYMBOLS: SORTED ALPHABETICALLY BY Name 

address   name                          
-------   ----                          
00000214  A1                            
00000215  A2                            
00000216  A3                            
00000217  A4                            
000001a0  ADC12CTL0                     
000001a2  ADC12CTL1                     
000001a6  ADC12IE                       
000001a4  ADC12IFG                      
000001a8  ADC12IV                       
00000080  ADC12MCTL0                    
00000081  ADC12MCTL1                    
0000008a  ADC12MCTL10                   
0000008b  ADC12MCTL11                   
0000008c  ADC12MCTL12                   
0000008d  ADC12MCTL13                   
0000008e  ADC12MCTL14                   
0000008f  ADC12MCTL15                   
00000082  ADC12MCTL2                    
00000083  ADC12MCTL3                    
00000084  ADC12MCTL4                    
00000085  ADC12MCTL5                    
00000086  ADC12MCTL6                    
00000087  ADC12MCTL7                    
00000088  ADC12MCTL8                    
00000089  ADC12MCTL9                    
00000140  ADC12MEM0                     
00000142  ADC12MEM1                     
00000154  ADC12MEM10                    
00000156  ADC12MEM11                    
00000158  ADC12MEM12                    
0000015a  ADC12MEM13                    
0000015c  ADC12MEM14                    
0000015e  ADC12MEM15                    
00000144  ADC12MEM2                     
00000146  ADC12MEM3                     
00000148  ADC12MEM4                     
0000014a  ADC12MEM5                     
0000014c  ADC12MEM6                     
0000014e  ADC12MEM7                     
00000150  ADC12MEM8                     
00000152  ADC12MEM9                     
000019fa  Address_set                   
00001e44  Auto                          
00000057  BCSCTL1                       
00000058  BCSCTL2                       
00001f32  C$$EXIT                       
00000059  CACTL1                        
0000005a  CACTL2                        
0000005b  CAPD                          
00001d82  Clock_Init                    
000001c0  DAC12_0CTL                    
000001c8  DAC12_0DAT                    
000001c2  DAC12_1CTL                    
000001ca  DAC12_1DAT                    
00000056  DCOCTL                        
000001e0  DMA0CTL                       
000001e4  DMA0DA                        
000001e2  DMA0SA                        
000001e6  DMA0SZ                        
000001e8  DMA1CTL                       
000001ec  DMA1DA                        
000001ea  DMA1SA                        
000001ee  DMA1SZ                        
000001f0  DMA2CTL                       
000001f4  DMA2DA                        
000001f2  DMA2SA                        
000001f6  DMA2SZ                        
00000122  DMACTL0                       
00000124  DMACTL1                       
000017e6  Data_do                       
0000021d  Edge                          
00000128  FCTL1                         
0000012a  FCTL2                         
0000012c  FCTL3                         
00000072  I2CDCTL                       
00000076  I2CDRB                        
00000076  I2CDRW                        
00000050  I2CIE                         
00000051  I2CIFG                        
0000011c  I2CIV                         
00000052  I2CNDAT                       
00000118  I2COA                         
00000073  I2CPSC                        
0000011a  I2CSA                         
00000074  I2CSCLH                       
00000075  I2CSCLL                       
00000071  I2CTCTL                       
00000000  IE1                           
00000001  IE2                           
00000002  IFG1                          
00000003  IFG2                          
00001e72  Key_Portinit                  
00001c62  LCD_Clear                     
00001a6e  LCD_PutChar                   
00001b52  LCD_PutString                 
00001ae0  LCD_PutString24               
00001f12  LCD_write_command             
00001e0a  LCD_write_data                
00001f1e  LCD_write_data8               
0000159e  Light                         
00000134  MAC                           
00000136  MACS                          
00000004  ME1                           
00000005  ME2                           
00000130  MPY                           
00000132  MPYS                          
00000138  OP2                           
00000022  P1DIR                         
00000025  P1IE                          
00000024  P1IES                         
00000023  P1IFG                         
00000020  P1IN                          
00000021  P1OUT                         
00000026  P1SEL                         
0000002a  P2DIR                         
0000002d  P2IE                          
0000002c  P2IES                         
0000002b  P2IFG                         
00000028  P2IN                          
00000029  P2OUT                         
0000002e  P2SEL                         
0000001a  P3DIR                         
00000018  P3IN                          
00000019  P3OUT                         
0000001b  P3SEL                         
0000001e  P4DIR                         
0000001c  P4IN                          
0000001d  P4OUT                         
0000001f  P4SEL                         
00000032  P5DIR                         
00000030  P5IN                          
00000031  P5OUT                         
00000033  P5SEL                         
00000036  P6DIR                         
00000034  P6IN                          
00000035  P6OUT                         
00000037  P6SEL                         
00001980  PWM_Init                      
00000208  Period                        
000016a2  Put16x16                      
00001744  PutGB2424                     
0000013c  RESHI                         
0000013a  RESLO                         
00000210  RiseCapVal                    
0000020c  S                             
00001d20  SRF05_IOinit                  
0000013e  SUMEXT                        
00000055  SVSCTL                        
00000172  TACCR0                        
00000174  TACCR1                        
00000176  TACCR2                        
00000162  TACCTL0                       
00000164  TACCTL1                       
00000166  TACCTL2                       
00000160  TACTL                         
0000012e  TAIV                          
00000170  TAR                           
00000212  TA_Overflow_Cnt               
00000192  TBCCR0                        
00000194  TBCCR1                        
00000196  TBCCR2                        
00000198  TBCCR3                        
0000019a  TBCCR4                        
0000019c  TBCCR5                        
0000019e  TBCCR6                        
00000182  TBCCTL0                       
00000184  TBCCTL1                       
00000186  TBCCTL2                       
00000188  TBCCTL3                       
0000018a  TBCCTL4                       
0000018c  TBCCTL5                       
0000018e  TBCCTL6                       
00000180  TBCTL                         
0000011e  TBIV                          
00000190  TBR                           
00001100  TFT_init                      
00001e86  TFT_port_init                 
00000200  Temp_Value                    
0000187a  Timer_A                       
00000074  U0BR0                         
00000075  U0BR1                         
00000070  U0CTL                         
00000073  U0MCTL                        
00000072  U0RCTL                        
00000076  U0RXBUF                       
00000071  U0TCTL                        
00000077  U0TXBUF                       
0000007c  U1BR0                         
0000007d  U1BR1                         
00000078  U1CTL                         
0000007b  U1MCTL                        
0000007a  U1RCTL                        
0000007e  U1RXBUF                       
00000079  U1TCTL                        
0000007f  U1TXBUF                       
00000120  WDTCTL                        
00000a00  __STACK_END                   
00000050  __STACK_SIZE                  
00002a4a  __TI_CINIT_Base               
00002a52  __TI_CINIT_Limit              
00002a3a  __TI_Handler_Table_Base       
00002a40  __TI_Handler_Table_Limit      
00001f2a  __TI_ISR_TRAP                 
00001ca4  __TI_auto_init_nobinit_nopinit
00001904  __TI_decompress_lzss          
00001ec2  __TI_decompress_none          
0000ffe0  __TI_int00                    
0000ffe2  __TI_int01                    
0000ffe4  __TI_int02                    
0000ffe6  __TI_int03                    
0000ffe8  __TI_int04                    
0000ffea  __TI_int05                    
0000ffec  __TI_int06                    
0000ffee  __TI_int07                    
0000fff0  __TI_int08                    
0000fff2  __TI_int09                    
0000fff4  __TI_int10                    
0000fff6  __TI_int11                    
0000fff8  __TI_int12                    
0000fffa  __TI_int13                    
0000fffc  __TI_int14                    
ffffffff  __TI_pprof_out_hndl           
ffffffff  __TI_prof_data_size           
ffffffff  __TI_prof_data_start          
00001e9a  __TI_zero_init_nomemset       
ffffffff  __c_args__                    
00001e5c  __mspabi_divu                 
00001bbe  __mspabi_divul                
00001ef2  __mspabi_func_epilog_1        
00001ef0  __mspabi_func_epilog_2        
00001eee  __mspabi_func_epilog_3        
00001eec  __mspabi_func_epilog_4        
00001eea  __mspabi_func_epilog_5        
00001ee8  __mspabi_func_epilog_6        
00001ee6  __mspabi_func_epilog_7        
00001eae  __mspabi_mpyi_hw              
00001db0  __mspabi_mpyl_hw              
00001e5c  __mspabi_remu                 
00001bbe  __mspabi_remul                
00001dde  __mspabi_slli                 
00001e06  __mspabi_slli_1               
00001df4  __mspabi_slli_10              
00001df2  __mspabi_slli_11              
00001df0  __mspabi_slli_12              
00001dee  __mspabi_slli_13              
00001dec  __mspabi_slli_14              
00001dea  __mspabi_slli_15              
00001e04  __mspabi_slli_2               
00001e02  __mspabi_slli_3               
00001e00  __mspabi_slli_4               
00001dfe  __mspabi_slli_5               
00001dfc  __mspabi_slli_6               
00001dfa  __mspabi_slli_7               
00001df8  __mspabi_slli_8               
00001df6  __mspabi_slli_9               
00001c16  __mspabi_srli                 
00001c5c  __mspabi_srli_1               
00001c38  __mspabi_srli_10              
00001c34  __mspabi_srli_11              
00001c30  __mspabi_srli_12              
00001c2c  __mspabi_srli_13              
00001c28  __mspabi_srli_14              
00001c24  __mspabi_srli_15              
00001c58  __mspabi_srli_2               
00001c54  __mspabi_srli_3               
00001c50  __mspabi_srli_4               
00001c4c  __mspabi_srli_5               
00001c48  __mspabi_srli_6               
00001c44  __mspabi_srli_7               
00001c40  __mspabi_srli_8               
00001c3c  __mspabi_srli_9               
00001e28  _c_int00_noargs               
0000fffe  _reset_vector                 
000009b0  _stack                        
00001f3c  _system_post_cinit            
00001f38  _system_pre_init              
00001f32  abort                         
00000218  choose                        
00000219  clear                         
00001ce6  init_spi                      
00001ef6  init_timerA                   
0000021a  key                           
000013ba  main                          
00001ed4  memcpy                        
0000021b  open                          
00001d52  p1init                        
00001f04  spi_sendByte                  
0000021c  statu                         


GLOBAL SYMBOLS: SORTED BY Symbol Address 

address   name                          
-------   ----                          
00000000  IE1                           
00000001  IE2                           
00000002  IFG1                          
00000003  IFG2                          
00000004  ME1                           
00000005  ME2                           
00000018  P3IN                          
00000019  P3OUT                         
0000001a  P3DIR                         
0000001b  P3SEL                         
0000001c  P4IN                          
0000001d  P4OUT                         
0000001e  P4DIR                         
0000001f  P4SEL                         
00000020  P1IN                          
00000021  P1OUT                         
00000022  P1DIR                         
00000023  P1IFG                         
00000024  P1IES                         
00000025  P1IE                          
00000026  P1SEL                         
00000028  P2IN                          
00000029  P2OUT                         
0000002a  P2DIR                         
0000002b  P2IFG                         
0000002c  P2IES                         
0000002d  P2IE                          
0000002e  P2SEL                         
00000030  P5IN                          
00000031  P5OUT                         
00000032  P5DIR                         
00000033  P5SEL                         
00000034  P6IN                          
00000035  P6OUT                         
00000036  P6DIR                         
00000037  P6SEL                         
00000050  I2CIE                         
00000050  __STACK_SIZE                  
00000051  I2CIFG                        
00000052  I2CNDAT                       
00000055  SVSCTL                        
00000056  DCOCTL                        
00000057  BCSCTL1                       
00000058  BCSCTL2                       
00000059  CACTL1                        
0000005a  CACTL2                        
0000005b  CAPD                          
00000070  U0CTL                         
00000071  I2CTCTL                       
00000071  U0TCTL                        
00000072  I2CDCTL                       
00000072  U0RCTL                        
00000073  I2CPSC                        
00000073  U0MCTL                        
00000074  I2CSCLH                       
00000074  U0BR0                         
00000075  I2CSCLL                       
00000075  U0BR1                         
00000076  I2CDRB                        
00000076  I2CDRW                        
00000076  U0RXBUF                       
00000077  U0TXBUF                       
00000078  U1CTL                         
00000079  U1TCTL                        
0000007a  U1RCTL                        
0000007b  U1MCTL                        
0000007c  U1BR0                         
0000007d  U1BR1                         
0000007e  U1RXBUF                       
0000007f  U1TXBUF                       
00000080  ADC12MCTL0                    
00000081  ADC12MCTL1                    
00000082  ADC12MCTL2                    
00000083  ADC12MCTL3                    
00000084  ADC12MCTL4                    
00000085  ADC12MCTL5                    
00000086  ADC12MCTL6                    
00000087  ADC12MCTL7                    
00000088  ADC12MCTL8                    
00000089  ADC12MCTL9                    
0000008a  ADC12MCTL10                   
0000008b  ADC12MCTL11                   
0000008c  ADC12MCTL12                   
0000008d  ADC12MCTL13                   
0000008e  ADC12MCTL14                   
0000008f  ADC12MCTL15                   
00000118  I2COA                         
0000011a  I2CSA                         
0000011c  I2CIV                         
0000011e  TBIV                          
00000120  WDTCTL                        
00000122  DMACTL0                       
00000124  DMACTL1                       
00000128  FCTL1                         
0000012a  FCTL2                         
0000012c  FCTL3                         
0000012e  TAIV                          
00000130  MPY                           
00000132  MPYS                          
00000134  MAC                           
00000136  MACS                          
00000138  OP2                           
0000013a  RESLO                         
0000013c  RESHI                         
0000013e  SUMEXT                        
00000140  ADC12MEM0                     
00000142  ADC12MEM1                     
00000144  ADC12MEM2                     
00000146  ADC12MEM3                     
00000148  ADC12MEM4                     
0000014a  ADC12MEM5                     
0000014c  ADC12MEM6                     
0000014e  ADC12MEM7                     
00000150  ADC12MEM8                     
00000152  ADC12MEM9                     
00000154  ADC12MEM10                    
00000156  ADC12MEM11                    
00000158  ADC12MEM12                    
0000015a  ADC12MEM13                    
0000015c  ADC12MEM14                    
0000015e  ADC12MEM15                    
00000160  TACTL                         
00000162  TACCTL0                       
00000164  TACCTL1                       
00000166  TACCTL2                       
00000170  TAR                           
00000172  TACCR0                        
00000174  TACCR1                        
00000176  TACCR2                        
00000180  TBCTL                         
00000182  TBCCTL0                       
00000184  TBCCTL1                       
00000186  TBCCTL2                       
00000188  TBCCTL3                       
0000018a  TBCCTL4                       
0000018c  TBCCTL5                       
0000018e  TBCCTL6                       
00000190  TBR                           
00000192  TBCCR0                        
00000194  TBCCR1                        
00000196  TBCCR2                        
00000198  TBCCR3                        
0000019a  TBCCR4                        
0000019c  TBCCR5                        
0000019e  TBCCR6                        
000001a0  ADC12CTL0                     
000001a2  ADC12CTL1                     
000001a4  ADC12IFG                      
000001a6  ADC12IE                       
000001a8  ADC12IV                       
000001c0  DAC12_0CTL                    
000001c2  DAC12_1CTL                    
000001c8  DAC12_0DAT                    
000001ca  DAC12_1DAT                    
000001e0  DMA0CTL                       
000001e2  DMA0SA                        
000001e4  DMA0DA                        
000001e6  DMA0SZ                        
000001e8  DMA1CTL                       
000001ea  DMA1SA                        
000001ec  DMA1DA                        
000001ee  DMA1SZ                        
000001f0  DMA2CTL                       
000001f2  DMA2SA                        
000001f4  DMA2DA                        
000001f6  DMA2SZ                        
00000200  Temp_Value                    
00000208  Period                        
0000020c  S                             
00000210  RiseCapVal                    
00000212  TA_Overflow_Cnt               
00000214  A1                            
00000215  A2                            
00000216  A3                            
00000217  A4                            
00000218  choose                        
00000219  clear                         
0000021a  key                           
0000021b  open                          
0000021c  statu                         
0000021d  Edge                          
000009b0  _stack                        
00000a00  __STACK_END                   
00001100  TFT_init                      
000013ba  main                          
0000159e  Light                         
000016a2  Put16x16                      
00001744  PutGB2424                     
000017e6  Data_do                       
0000187a  Timer_A                       
00001904  __TI_decompress_lzss          
00001980  PWM_Init                      
000019fa  Address_set                   
00001a6e  LCD_PutChar                   
00001ae0  LCD_PutString24               
00001b52  LCD_PutString                 
00001bbe  __mspabi_divul                
00001bbe  __mspabi_remul                
00001c16  __mspabi_srli                 
00001c24  __mspabi_srli_15              
00001c28  __mspabi_srli_14              
00001c2c  __mspabi_srli_13              
00001c30  __mspabi_srli_12              
00001c34  __mspabi_srli_11              
00001c38  __mspabi_srli_10              
00001c3c  __mspabi_srli_9               
00001c40  __mspabi_srli_8               
00001c44  __mspabi_srli_7               
00001c48  __mspabi_srli_6               
00001c4c  __mspabi_srli_5               
00001c50  __mspabi_srli_4               
00001c54  __mspabi_srli_3               
00001c58  __mspabi_srli_2               
00001c5c  __mspabi_srli_1               
00001c62  LCD_Clear                     
00001ca4  __TI_auto_init_nobinit_nopinit
00001ce6  init_spi                      
00001d20  SRF05_IOinit                  
00001d52  p1init                        
00001d82  Clock_Init                    
00001db0  __mspabi_mpyl_hw              
00001dde  __mspabi_slli                 
00001dea  __mspabi_slli_15              
00001dec  __mspabi_slli_14              
00001dee  __mspabi_slli_13              
00001df0  __mspabi_slli_12              
00001df2  __mspabi_slli_11              
00001df4  __mspabi_slli_10              
00001df6  __mspabi_slli_9               
00001df8  __mspabi_slli_8               
00001dfa  __mspabi_slli_7               
00001dfc  __mspabi_slli_6               
00001dfe  __mspabi_slli_5               
00001e00  __mspabi_slli_4               
00001e02  __mspabi_slli_3               
00001e04  __mspabi_slli_2               
00001e06  __mspabi_slli_1               
00001e0a  LCD_write_data                
00001e28  _c_int00_noargs               
00001e44  Auto                          
00001e5c  __mspabi_divu                 
00001e5c  __mspabi_remu                 
00001e72  Key_Portinit                  
00001e86  TFT_port_init                 
00001e9a  __TI_zero_init_nomemset       
00001eae  __mspabi_mpyi_hw              
00001ec2  __TI_decompress_none          
00001ed4  memcpy                        
00001ee6  __mspabi_func_epilog_7        
00001ee8  __mspabi_func_epilog_6        
00001eea  __mspabi_func_epilog_5        
00001eec  __mspabi_func_epilog_4        
00001eee  __mspabi_func_epilog_3        
00001ef0  __mspabi_func_epilog_2        
00001ef2  __mspabi_func_epilog_1        
00001ef6  init_timerA                   
00001f04  spi_sendByte                  
00001f12  LCD_write_command             
00001f1e  LCD_write_data8               
00001f2a  __TI_ISR_TRAP                 
00001f32  C$$EXIT                       
00001f32  abort                         
00001f38  _system_pre_init              
00001f3c  _system_post_cinit            
00002a3a  __TI_Handler_Table_Base       
00002a40  __TI_Handler_Table_Limit      
00002a4a  __TI_CINIT_Base               
00002a52  __TI_CINIT_Limit              
0000ffe0  __TI_int00                    
0000ffe2  __TI_int01                    
0000ffe4  __TI_int02                    
0000ffe6  __TI_int03                    
0000ffe8  __TI_int04                    
0000ffea  __TI_int05                    
0000ffec  __TI_int06                    
0000ffee  __TI_int07                    
0000fff0  __TI_int08                    
0000fff2  __TI_int09                    
0000fff4  __TI_int10                    
0000fff6  __TI_int11                    
0000fff8  __TI_int12                    
0000fffa  __TI_int13                    
0000fffc  __TI_int14                    
0000fffe  _reset_vector                 
ffffffff  __TI_pprof_out_hndl           
ffffffff  __TI_prof_data_size           
ffffffff  __TI_prof_data_start          
ffffffff  __c_args__                    

[288 symbols]
