******************************************************************************
                  MSP430 Linker PC v18.1.3                     
******************************************************************************
>> Linked Wed Dec 26 20:20:43 2018

OUTPUT FILE NAME:   <taideng.out>
ENTRY POINT SYMBOL: "_c_int00_noargs"  address: 000034b8


MEMORY CONFIGURATION

         name            origin    length      used     unused   attr    fill
----------------------  --------  ---------  --------  --------  ----  --------
  SFR                   00000000   00000010  00000000  00000010  RWIX
  PERIPHERALS_8BIT      00000010   000000f0  00000000  000000f0  RWIX
  PERIPHERALS_16BIT     00000100   00000100  00000000  00000100  RWIX
  RAM                   00000200   00000800  00000084  0000077c  RWIX
  INFOB                 00001000   00000080  00000000  00000080  RWIX
  INFOA                 00001080   00000080  00000000  00000080  RWIX
  FLASH                 00001100   0000eee0  0000491e  0000a5c2  RWIX
  INT00                 0000ffe0   00000002  00000002  00000000  RWIX
  INT01                 0000ffe2   00000002  00000002  00000000  RWIX
  INT02                 0000ffe4   00000002  00000002  00000000  RWIX
  INT03                 0000ffe6   00000002  00000002  00000000  RWIX
  INT04                 0000ffe8   00000002  00000002  00000000  RWIX
  INT05                 0000ffea   00000002  00000002  00000000  RWIX
  INT06                 0000ffec   00000002  00000002  00000000  RWIX
  INT07                 0000ffee   00000002  00000002  00000000  RWIX
  INT08                 0000fff0   00000002  00000002  00000000  RWIX
  INT09                 0000fff2   00000002  00000002  00000000  RWIX
  INT10                 0000fff4   00000002  00000002  00000000  RWIX
  INT11                 0000fff6   00000002  00000002  00000000  RWIX
  INT12                 0000fff8   00000002  00000002  00000000  RWIX
  INT13                 0000fffa   00000002  00000002  00000000  RWIX
  INT14                 0000fffc   00000002  00000002  00000000  RWIX
  RESET                 0000fffe   00000002  00000002  00000000  RWIX


SECTION ALLOCATION MAP

 output                                  attributes/
section   page    origin      length       input sections
--------  ----  ----------  ----------   ----------------
.bss       0    00000200    00000024     UNINITIALIZED
                  00000200    00000008     (.common:Temp_Value)
                  00000208    00000004     (.common:Period)
                  0000020c    00000004     (.common:S)
                  00000210    00000004     (.common:coordinate)
                  00000214    00000002     (.common:LCD_X)
                  00000216    00000002     (.common:LCD_Y)
                  00000218    00000002     (.common:RiseCapVal)
                  0000021a    00000002     (.common:TA_Overflow_Cnt)
                  0000021c    00000002     (.common:lx)
                  0000021e    00000002     (.common:ly)
                  00000220    00000001     (.common:A1)
                  00000221    00000001     (.common:A2)
                  00000222    00000001     (.common:A3)
                  00000223    00000001     (.common:A4)

.data      0    00000224    00000010     UNINITIALIZED
                  00000224    00000008     Touch.obj (.data)
                  0000022c    00000008     main.obj (.data)

.stack     0    000009b0    00000050     UNINITIALIZED
                  000009b0    00000002     rts430_eabi.lib : boot.c.obj (.stack)
                  000009b2    0000004e     --HOLE--

.text      0    00001100    00002506     
                  00001100    00000478     rts430_eabi.lib : frcdivd.c.obj (.text:__TI_frcdivd)
                  00001578    00000300     main.obj (.text:main)
                  00001878    000002ba     TFT.obj (.text:TFT_init)
                  00001b32    00000286     rts430_eabi.lib : frcmpyd.c.obj (.text:__TI_frcmpyd)
                  00001db8    0000026e                     : mpyd.c.obj (.text:__mspabi_mpyd)
                  00002026    00000238                     : divd.c.obj (.text:__mspabi_divd)
                  0000225e    0000016a     PWM.obj (.text:Light)
                  000023c8    0000012e     main.obj (.text:zidong)
                  000024f6    000000fc     Touch.obj (.text:Getpix)
                  000025f2    000000be     GUI.obj (.text:GUIline)
                  000026b0    000000a2     TFT.obj (.text:Put16x16)
                  00002752    000000a2     TFT.obj (.text:PutGB2424)
                  000027f4    00000094     SRF05.obj (.text:Data_do)
                  00002888    0000008a     SRF05.obj (.text:Timer_A)
                  00002912    0000008a     rts430_eabi.lib : fltuld.c.obj (.text:__mspabi_fltuld)
                  0000299c    0000008a     GUI.obj (.text:plotC)
                  00002a26    0000007c     GUI.obj (.text:GUIsquare2pix)
                  00002aa2    0000007c     rts430_eabi.lib : copy_decompress_lzss.c.obj (.text:decompress:lzss:__TI_decompress_lzss)
                  00002b1e    0000007a     PWM.obj (.text:PWM_Init)
                  00002b98    00000078     TFT.obj (.text:Show_Image)
                  00002c10    00000074     TFT.obj (.text:Address_set)
                  00002c84    00000074     rts430_eabi.lib : fixdul.c.obj (.text:__mspabi_fixdul)
                  00002cf8    00000072     TFT.obj (.text:LCD_PutChar)
                  00002d6a    00000072     TFT.obj (.text:LCD_PutString24)
                  00002ddc    0000006c     TFT.obj (.text:LCD_PutString)
                  00002e48    00000062     GUI.obj (.text:GUIcircle)
                  00002eaa    0000005c     rts430_eabi.lib : lsr32.asm.obj (.text:l_lsr_const)
                  00002f06    00000058     GUI.obj (.text:GUIsquare1pix)
                  00002f5e    00000058     rts430_eabi.lib : div32u.asm.obj (.text)
                  00002fb6    00000058     TouchKey.obj (.text:touchMain)
                  0000300e    00000054     Touch.obj (.text:pix_filter)
                  00003062    0000004e     Touch.obj (.text:AD7843)
                  000030b0    0000004c     rts430_eabi.lib : lsr16.asm.obj (.text)
                  000030fc    00000046     TouchKey.obj (.text:touchVoice)
                  00003142    00000042     TFT.obj (.text:LCD_Clear)
                  00003184    00000042     rts430_eabi.lib : autoinit.c.obj (.text:__TI_auto_init_nobinit_nopinit:__TI_auto_init_nobinit_nopinit)
                  000031c6    0000003e                     : asr32.asm.obj (.text:l_asr_const)
                  00003204    0000003e                     : lsl32.asm.obj (.text:l_lsl_const)
                  00003242    0000003e     TouchKey.obj (.text:touchButton)
                  00003280    0000003c     GUI.obj (.text:GUIfull)
                  000032bc    0000003a     SPI.obj (.text:init_spi)
                  000032f6    0000003a     TouchKey.obj (.text:touchBack)
                  00003330    00000032     SRF05.obj (.text:SRF05_IOinit)
                  00003362    00000030     Touch.obj (.text:Write_7843)
                  00003392    0000002e     Config.obj (.text:Clock_Init)
                  000033c0    0000002e     rts430_eabi.lib : mult32_hw.asm.obj (.text)
                  000033ee    0000002c                     : asr16.asm.obj (.text)
                  0000341a    0000002c                     : lsl16.asm.obj (.text)
                  00003446    0000002a     Touch.obj (.text:Read_7843)
                  00003470    0000002a     Touch.obj (.text:start_7843)
                  0000349a    0000001e     TFT.obj (.text:LCD_write_data)
                  000034b8    0000001c     rts430_eabi.lib : boot.c.obj (.text:_c_int00_noargs)
                  000034d4    00000018     SRF05.obj (.text:Auto)
                  000034ec    00000018     TFT.obj (.text:Put_pixel)
                  00003504    00000016     rts430_eabi.lib : div16u.asm.obj (.text)
                  0000351a    00000014     TFT.obj (.text:TFT_port_init)
                  0000352e    00000014     rts430_eabi.lib : copy_zero_init.c.obj (.text:decompress:ZI:__TI_zero_init_nomemset:__TI_zero_init_nomemset)
                  00003542    00000014                     : mult16_hw.asm.obj (.text)
                  00003556    00000012                     : fixdu.c.obj (.text:__mspabi_fixdu)
                  00003568    00000012                     : copy_decompress_none.c.obj (.text:decompress:none:__TI_decompress_none)
                  0000357a    00000012                     : lsr32.asm.obj (.text:l_lsr)
                  0000358c    00000012                     : memcpy.c.obj (.text:memcpy)
                  0000359e    00000010                     : epilog.asm.obj (.text)
                  000035ae    0000000e     SRF05.obj (.text:init_timerA)
                  000035bc    0000000e     SPI.obj (.text:spi_sendByte)
                  000035ca    0000000c     TFT.obj (.text:LCD_write_command)
                  000035d6    0000000c     TFT.obj (.text:LCD_write_data8)
                  000035e2    0000000a     rts430_eabi.lib : abs.c.obj (.text:abs)
                  000035ec    00000008                     : isr_trap.asm.obj (.text:_isr:__TI_ISR_TRAP)
                  000035f4    00000006                     : fltud.c.obj (.text:__mspabi_fltud)
                  000035fa    00000006                     : exit.c.obj (.text:abort)
                  00003600    00000004                     : pre_init.c.obj (.text:_system_pre_init)
                  00003604    00000002                     : startup.c.obj (.text:_system_post_cinit)

.const     0    00003606    000023f4     
                  00003606    00000c88     main.obj (.const:.string:gImage_laba)
                  0000428e    00000c80     main.obj (.const:.string:gImage_hlaba)
                  00004f0e    00000600     TFT.obj (.const:.string:Font8x16)
                  0000550e    00000352     TFT.obj (.const:ch16)
                  00005860    00000128     TFT.obj (.const:codeGB_24)
                  00005988    00000046     main.obj (.const:.string)
                  000059ce    0000002c     PWM.obj (.const:.string)

.cinit     0    000059fa    00000024     
                  000059fa    00000011     (.cinit..data.load) [load image, compression = lzss]
                  00005a0b    00000001     --HOLE-- [fill = 0]
                  00005a0c    00000006     (__TI_handler_table)
                  00005a12    00000004     (.cinit..bss.load) [load image, compression = zero_init]
                  00005a16    00000008     (__TI_cinit_table)

.binit     0    00001100    00000000     

.init_array 
*          0    00001100    00000000     UNINITIALIZED

DACDMA     0    0000ffe0    00000002     
                  0000ffe0    00000002     rts430_eabi.lib : int00.asm.obj (.int00)

PORT2      0    0000ffe2    00000002     
                  0000ffe2    00000002     rts430_eabi.lib : int01.asm.obj (.int01)

USART1TX   0    0000ffe4    00000002     
                  0000ffe4    00000002     rts430_eabi.lib : int02.asm.obj (.int02)

USART1RX   0    0000ffe6    00000002     
                  0000ffe6    00000002     rts430_eabi.lib : int03.asm.obj (.int03)

PORT1      0    0000ffe8    00000002     
                  0000ffe8    00000002     rts430_eabi.lib : int04.asm.obj (.int04)

TIMERA1    0    0000ffea    00000002     
                  0000ffea    00000002     SRF05.obj (.int05)

TIMERA0    0    0000ffec    00000002     
                  0000ffec    00000002     rts430_eabi.lib : int06.asm.obj (.int06)

ADC12      0    0000ffee    00000002     
                  0000ffee    00000002     rts430_eabi.lib : int07.asm.obj (.int07)

USART0TX   0    0000fff0    00000002     
                  0000fff0    00000002     rts430_eabi.lib : int08.asm.obj (.int08)

USART0RX   0    0000fff2    00000002     
                  0000fff2    00000002     rts430_eabi.lib : int09.asm.obj (.int09)

WDT        0    0000fff4    00000002     
                  0000fff4    00000002     rts430_eabi.lib : int10.asm.obj (.int10)

COMPARATORA 
*          0    0000fff6    00000002     
                  0000fff6    00000002     rts430_eabi.lib : int11.asm.obj (.int11)

TIMERB1    0    0000fff8    00000002     
                  0000fff8    00000002     rts430_eabi.lib : int12.asm.obj (.int12)

TIMERB0    0    0000fffa    00000002     
                  0000fffa    00000002     rts430_eabi.lib : int13.asm.obj (.int13)

NMI        0    0000fffc    00000002     
                  0000fffc    00000002     rts430_eabi.lib : int14.asm.obj (.int14)

.reset     0    0000fffe    00000002     
                  0000fffe    00000002     rts430_eabi.lib : boot.c.obj (.reset)

MODULE SUMMARY

       Module                       code   ro data   rw data
       ------                       ----   -------   -------
    .\
       main.obj                     1070   6478      32     
       TFT.obj                      1758   2682      0      
       GUI.obj                      698    0         0      
       Touch.obj                    546    0         16     
       PWM.obj                      484    44        0      
       SRF05.obj                    374    2         0      
       TouchKey.obj                 278    0         4      
       SPI.obj                      72     0         0      
       Config.obj                   46     0         0      
    +--+----------------------------+------+---------+---------+
       Total:                       5326   9206      52     
                                                            
    D:\Learn\CCS\ccsv8\tools\compiler\ti-cgt-msp430_18.1.3.LTS\lib\rts430_eabi.lib
       frcdivd.c.obj                1144   0         0      
       frcmpyd.c.obj                646    0         0      
       mpyd.c.obj                   622    0         0      
       divd.c.obj                   568    0         0      
       fltuld.c.obj                 138    0         0      
       copy_decompress_lzss.c.obj   124    0         0      
       fixdul.c.obj                 116    0         0      
       lsr32.asm.obj                110    0         0      
       div32u.asm.obj               88     0         0      
       lsr16.asm.obj                76     0         0      
       autoinit.c.obj               66     0         0      
       asr32.asm.obj                62     0         0      
       lsl32.asm.obj                62     0         0      
       mult32_hw.asm.obj            46     0         0      
       asr16.asm.obj                44     0         0      
       lsl16.asm.obj                44     0         0      
       boot.c.obj                   28     2         0      
       div16u.asm.obj               22     0         0      
       copy_zero_init.c.obj         20     0         0      
       mult16_hw.asm.obj            20     0         0      
       copy_decompress_none.c.obj   18     0         0      
       fixdu.c.obj                  18     0         0      
       memcpy.c.obj                 18     0         0      
       epilog.asm.obj               16     0         0      
       abs.c.obj                    10     0         0      
       isr_trap.asm.obj             8      0         0      
       exit.c.obj                   6      0         0      
       fltud.c.obj                  6      0         0      
       pre_init.c.obj               4      0         0      
       int00.asm.obj                0      2         0      
       int01.asm.obj                0      2         0      
       int02.asm.obj                0      2         0      
       int03.asm.obj                0      2         0      
       int04.asm.obj                0      2         0      
       int06.asm.obj                0      2         0      
       int07.asm.obj                0      2         0      
       int08.asm.obj                0      2         0      
       int09.asm.obj                0      2         0      
       int10.asm.obj                0      2         0      
       int11.asm.obj                0      2         0      
       int12.asm.obj                0      2         0      
       int13.asm.obj                0      2         0      
       int14.asm.obj                0      2         0      
       startup.c.obj                2      0         0      
    +--+----------------------------+------+---------+---------+
       Total:                       4152   30        0      
                                                            
       Stack:                       0      0         80     
       Linker Generated:            0      35        0      
    +--+----------------------------+------+---------+---------+
       Grand Total:                 9478   9271      132    


LINKER GENERATED COPY TABLES

__TI_cinit_table @ 00005a16 records: 2, size/record: 4, table size: 8
	.data: load addr=000059fa, load size=00000011 bytes, run addr=00000224, run size=00000010 bytes, compression=lzss
	.bss: load addr=00005a12, load size=00000004 bytes, run addr=00000200, run size=00000024 bytes, compression=zero_init


LINKER GENERATED HANDLER TABLE

__TI_handler_table @ 00005a0c records: 3, size/record: 2, table size: 6
	index: 0, handler: __TI_zero_init
	index: 1, handler: __TI_decompress_lzss
	index: 2, handler: __TI_decompress_none


GLOBAL SYMBOLS: SORTED ALPHABETICALLY BY Name 

address   name                          
-------   ----                          
00000220  A1                            
00000221  A2                            
00000222  A3                            
00000223  A4                            
00003062  AD7843                        
000001a0  ADC12CTL0                     
000001a2  ADC12CTL1                     
000001a6  ADC12IE                       
000001a4  ADC12IFG                      
000001a8  ADC12IV                       
00000080  ADC12MCTL0                    
00000081  ADC12MCTL1                    
0000008a  ADC12MCTL10                   
0000008b  ADC12MCTL11                   
0000008c  ADC12MCTL12                   
0000008d  ADC12MCTL13                   
0000008e  ADC12MCTL14                   
0000008f  ADC12MCTL15                   
00000082  ADC12MCTL2                    
00000083  ADC12MCTL3                    
00000084  ADC12MCTL4                    
00000085  ADC12MCTL5                    
00000086  ADC12MCTL6                    
00000087  ADC12MCTL7                    
00000088  ADC12MCTL8                    
00000089  ADC12MCTL9                    
00000140  ADC12MEM0                     
00000142  ADC12MEM1                     
00000154  ADC12MEM10                    
00000156  ADC12MEM11                    
00000158  ADC12MEM12                    
0000015a  ADC12MEM13                    
0000015c  ADC12MEM14                    
0000015e  ADC12MEM15                    
00000144  ADC12MEM2                     
00000146  ADC12MEM3                     
00000148  ADC12MEM4                     
0000014a  ADC12MEM5                     
0000014c  ADC12MEM6                     
0000014e  ADC12MEM7                     
00000150  ADC12MEM8                     
00000152  ADC12MEM9                     
00002c10  Address_set                   
000034d4  Auto                          
00000057  BCSCTL1                       
00000058  BCSCTL2                       
000035fa  C$$EXIT                       
00000059  CACTL1                        
0000005a  CACTL2                        
0000005b  CAPD                          
00003392  Clock_Init                    
000001c0  DAC12_0CTL                    
000001c8  DAC12_0DAT                    
000001c2  DAC12_1CTL                    
000001ca  DAC12_1DAT                    
00000056  DCOCTL                        
000001e0  DMA0CTL                       
000001e4  DMA0DA                        
000001e2  DMA0SA                        
000001e6  DMA0SZ                        
000001e8  DMA1CTL                       
000001ec  DMA1DA                        
000001ea  DMA1SA                        
000001ee  DMA1SZ                        
000001f0  DMA2CTL                       
000001f4  DMA2DA                        
000001f2  DMA2SA                        
000001f6  DMA2SZ                        
00000122  DMACTL0                       
00000124  DMACTL1                       
000027f4  Data_do                       
0000022c  Edge                          
00000128  FCTL1                         
0000012a  FCTL2                         
0000012c  FCTL3                         
00002e48  GUIcircle                     
00003280  GUIfull                       
000025f2  GUIline                       
00002f06  GUIsquare1pix                 
00002a26  GUIsquare2pix                 
000024f6  Getpix                        
00000072  I2CDCTL                       
00000076  I2CDRB                        
00000076  I2CDRW                        
00000050  I2CIE                         
00000051  I2CIFG                        
0000011c  I2CIV                         
00000052  I2CNDAT                       
00000118  I2COA                         
00000073  I2CPSC                        
0000011a  I2CSA                         
00000074  I2CSCLH                       
00000075  I2CSCLL                       
00000071  I2CTCTL                       
00000000  IE1                           
00000001  IE2                           
00000002  IFG1                          
00000003  IFG2                          
00003142  LCD_Clear                     
00002cf8  LCD_PutChar                   
00002ddc  LCD_PutString                 
00002d6a  LCD_PutString24               
00000214  LCD_X                         
00000216  LCD_Y                         
000035ca  LCD_write_command             
0000349a  LCD_write_data                
000035d6  LCD_write_data8               
0000225e  Light                         
00000134  MAC                           
00000136  MACS                          
00000004  ME1                           
00000005  ME2                           
00000130  MPY                           
00000132  MPYS                          
00000138  OP2                           
00000022  P1DIR                         
00000025  P1IE                          
00000024  P1IES                         
00000023  P1IFG                         
00000020  P1IN                          
00000021  P1OUT                         
00000026  P1SEL                         
0000002a  P2DIR                         
0000002d  P2IE                          
0000002c  P2IES                         
0000002b  P2IFG                         
00000028  P2IN                          
00000029  P2OUT                         
0000002e  P2SEL                         
0000001a  P3DIR                         
00000018  P3IN                          
00000019  P3OUT                         
0000001b  P3SEL                         
0000001e  P4DIR                         
0000001c  P4IN                          
0000001d  P4OUT                         
0000001f  P4SEL                         
00000032  P5DIR                         
00000030  P5IN                          
00000031  P5OUT                         
00000033  P5SEL                         
00000036  P6DIR                         
00000034  P6IN                          
00000035  P6OUT                         
00000037  P6SEL                         
00002b1e  PWM_Init                      
00000208  Period                        
000026b0  Put16x16                      
00002752  PutGB2424                     
000034ec  Put_pixel                     
0000013c  RESHI                         
0000013a  RESLO                         
00003446  Read_7843                     
00000218  RiseCapVal                    
0000020c  S                             
00003330  SRF05_IOinit                  
0000013e  SUMEXT                        
00000055  SVSCTL                        
00002b98  Show_Image                    
00000172  TACCR0                        
00000174  TACCR1                        
00000176  TACCR2                        
00000162  TACCTL0                       
00000164  TACCTL1                       
00000166  TACCTL2                       
00000160  TACTL                         
0000012e  TAIV                          
00000170  TAR                           
0000021a  TA_Overflow_Cnt               
00000192  TBCCR0                        
00000194  TBCCR1                        
00000196  TBCCR2                        
00000198  TBCCR3                        
0000019a  TBCCR4                        
0000019c  TBCCR5                        
0000019e  TBCCR6                        
00000182  TBCCTL0                       
00000184  TBCCTL1                       
00000186  TBCCTL2                       
00000188  TBCCTL3                       
0000018a  TBCCTL4                       
0000018c  TBCCTL5                       
0000018e  TBCCTL6                       
00000180  TBCTL                         
0000011e  TBIV                          
00000190  TBR                           
00001878  TFT_init                      
0000351a  TFT_port_init                 
00000200  Temp_Value                    
00002888  Timer_A                       
00000074  U0BR0                         
00000075  U0BR1                         
00000070  U0CTL                         
00000073  U0MCTL                        
00000072  U0RCTL                        
00000076  U0RXBUF                       
00000071  U0TCTL                        
00000077  U0TXBUF                       
0000007c  U1BR0                         
0000007d  U1BR1                         
00000078  U1CTL                         
0000007b  U1MCTL                        
0000007a  U1RCTL                        
0000007e  U1RXBUF                       
00000079  U1TCTL                        
0000007f  U1TXBUF                       
00000120  WDTCTL                        
00003362  Write_7843                    
00000a00  __STACK_END                   
00000050  __STACK_SIZE                  
00005a16  __TI_CINIT_Base               
00005a1e  __TI_CINIT_Limit              
00005a0c  __TI_Handler_Table_Base       
00005a12  __TI_Handler_Table_Limit      
000035ec  __TI_ISR_TRAP                 
00003184  __TI_auto_init_nobinit_nopinit
00002aa2  __TI_decompress_lzss          
00003568  __TI_decompress_none          
00001100  __TI_frcdivd                  
00001b32  __TI_frcmpyd                  
0000ffe0  __TI_int00                    
0000ffe2  __TI_int01                    
0000ffe4  __TI_int02                    
0000ffe6  __TI_int03                    
0000ffe8  __TI_int04                    
0000ffea  __TI_int05                    
0000ffec  __TI_int06                    
0000ffee  __TI_int07                    
0000fff0  __TI_int08                    
0000fff2  __TI_int09                    
0000fff4  __TI_int10                    
0000fff6  __TI_int11                    
0000fff8  __TI_int12                    
0000fffa  __TI_int13                    
0000fffc  __TI_int14                    
ffffffff  __TI_pprof_out_hndl           
ffffffff  __TI_prof_data_size           
ffffffff  __TI_prof_data_start          
0000352e  __TI_zero_init_nomemset       
ffffffff  __c_args__                    
00002026  __mspabi_divd                 
00003504  __mspabi_divu                 
00002f5e  __mspabi_divul                
00003556  __mspabi_fixdu                
00002c84  __mspabi_fixdul               
000035f4  __mspabi_fltud                
00002912  __mspabi_fltuld               
000035aa  __mspabi_func_epilog_1        
000035a8  __mspabi_func_epilog_2        
000035a6  __mspabi_func_epilog_3        
000035a4  __mspabi_func_epilog_4        
000035a2  __mspabi_func_epilog_5        
000035a0  __mspabi_func_epilog_6        
0000359e  __mspabi_func_epilog_7        
00001db8  __mspabi_mpyd                 
00003542  __mspabi_mpyi_hw              
000033c0  __mspabi_mpyl_hw              
00003504  __mspabi_remu                 
00002f5e  __mspabi_remul                
0000341a  __mspabi_slli                 
00003442  __mspabi_slli_1               
00003430  __mspabi_slli_10              
0000342e  __mspabi_slli_11              
0000342c  __mspabi_slli_12              
0000342a  __mspabi_slli_13              
00003428  __mspabi_slli_14              
00003426  __mspabi_slli_15              
00003440  __mspabi_slli_2               
0000343e  __mspabi_slli_3               
0000343c  __mspabi_slli_4               
0000343a  __mspabi_slli_5               
00003438  __mspabi_slli_6               
00003436  __mspabi_slli_7               
00003434  __mspabi_slli_8               
00003432  __mspabi_slli_9               
0000323c  __mspabi_slll_1               
00003218  __mspabi_slll_10              
00003214  __mspabi_slll_11              
00003210  __mspabi_slll_12              
0000320c  __mspabi_slll_13              
00003208  __mspabi_slll_14              
00003204  __mspabi_slll_15              
00003238  __mspabi_slll_2               
00003234  __mspabi_slll_3               
00003230  __mspabi_slll_4               
0000322c  __mspabi_slll_5               
00003228  __mspabi_slll_6               
00003224  __mspabi_slll_7               
00003220  __mspabi_slll_8               
0000321c  __mspabi_slll_9               
000033ee  __mspabi_srai                 
00003416  __mspabi_srai_1               
00003404  __mspabi_srai_10              
00003402  __mspabi_srai_11              
00003400  __mspabi_srai_12              
000033fe  __mspabi_srai_13              
000033fc  __mspabi_srai_14              
000033fa  __mspabi_srai_15              
00003414  __mspabi_srai_2               
00003412  __mspabi_srai_3               
00003410  __mspabi_srai_4               
0000340e  __mspabi_srai_5               
0000340c  __mspabi_srai_6               
0000340a  __mspabi_srai_7               
00003408  __mspabi_srai_8               
00003406  __mspabi_srai_9               
000031fe  __mspabi_sral_1               
000031da  __mspabi_sral_10              
000031d6  __mspabi_sral_11              
000031d2  __mspabi_sral_12              
000031ce  __mspabi_sral_13              
000031ca  __mspabi_sral_14              
000031c6  __mspabi_sral_15              
000031fa  __mspabi_sral_2               
000031f6  __mspabi_sral_3               
000031f2  __mspabi_sral_4               
000031ee  __mspabi_sral_5               
000031ea  __mspabi_sral_6               
000031e6  __mspabi_sral_7               
000031e2  __mspabi_sral_8               
000031de  __mspabi_sral_9               
000030b0  __mspabi_srli                 
000030f6  __mspabi_srli_1               
000030d2  __mspabi_srli_10              
000030ce  __mspabi_srli_11              
000030ca  __mspabi_srli_12              
000030c6  __mspabi_srli_13              
000030c2  __mspabi_srli_14              
000030be  __mspabi_srli_15              
000030f2  __mspabi_srli_2               
000030ee  __mspabi_srli_3               
000030ea  __mspabi_srli_4               
000030e6  __mspabi_srli_5               
000030e2  __mspabi_srli_6               
000030de  __mspabi_srli_7               
000030da  __mspabi_srli_8               
000030d6  __mspabi_srli_9               
0000357a  __mspabi_srll                 
00002efe  __mspabi_srll_1               
00002ec8  __mspabi_srll_10              
00002ec2  __mspabi_srll_11              
00002ebc  __mspabi_srll_12              
00002eb6  __mspabi_srll_13              
00002eb0  __mspabi_srll_14              
00002eaa  __mspabi_srll_15              
00002ef8  __mspabi_srll_2               
00002ef2  __mspabi_srll_3               
00002eec  __mspabi_srll_4               
00002ee6  __mspabi_srll_5               
00002ee0  __mspabi_srll_6               
00002eda  __mspabi_srll_7               
00002ed4  __mspabi_srll_8               
00002ece  __mspabi_srll_9               
000034b8  _c_int00_noargs               
0000fffe  _reset_vector                 
000009b0  _stack                        
00003604  _system_post_cinit            
00003600  _system_pre_init              
000035fa  abort                         
000035e2  abs                           
00000228  chx                           
0000022a  chy                           
00000230  clear                         
00000210  coordinate                    
00000232  enter                         
000032bc  init_spi                      
000035ae  init_timerA                   
0000022d  key                           
0000021c  lx                            
0000021e  ly                            
00001578  main                          
0000358c  memcpy                        
0000022f  open                          
00000233  out                           
0000300e  pix_filter                    
0000299c  plotC                         
000035bc  spi_sendByte                  
00003470  start_7843                    
0000022e  statu                         
000032f6  touchBack                     
00003242  touchButton                   
00002fb6  touchMain                     
000030fc  touchVoice                    
00000231  voice                         
00000224  vx                            
00000226  vy                            
000023c8  zidong                        


GLOBAL SYMBOLS: SORTED BY Symbol Address 

address   name                          
-------   ----                          
00000000  IE1                           
00000001  IE2                           
00000002  IFG1                          
00000003  IFG2                          
00000004  ME1                           
00000005  ME2                           
00000018  P3IN                          
00000019  P3OUT                         
0000001a  P3DIR                         
0000001b  P3SEL                         
0000001c  P4IN                          
0000001d  P4OUT                         
0000001e  P4DIR                         
0000001f  P4SEL                         
00000020  P1IN                          
00000021  P1OUT                         
00000022  P1DIR                         
00000023  P1IFG                         
00000024  P1IES                         
00000025  P1IE                          
00000026  P1SEL                         
00000028  P2IN                          
00000029  P2OUT                         
0000002a  P2DIR                         
0000002b  P2IFG                         
0000002c  P2IES                         
0000002d  P2IE                          
0000002e  P2SEL                         
00000030  P5IN                          
00000031  P5OUT                         
00000032  P5DIR                         
00000033  P5SEL                         
00000034  P6IN                          
00000035  P6OUT                         
00000036  P6DIR                         
00000037  P6SEL                         
00000050  I2CIE                         
00000050  __STACK_SIZE                  
00000051  I2CIFG                        
00000052  I2CNDAT                       
00000055  SVSCTL                        
00000056  DCOCTL                        
00000057  BCSCTL1                       
00000058  BCSCTL2                       
00000059  CACTL1                        
0000005a  CACTL2                        
0000005b  CAPD                          
00000070  U0CTL                         
00000071  I2CTCTL                       
00000071  U0TCTL                        
00000072  I2CDCTL                       
00000072  U0RCTL                        
00000073  I2CPSC                        
00000073  U0MCTL                        
00000074  I2CSCLH                       
00000074  U0BR0                         
00000075  I2CSCLL                       
00000075  U0BR1                         
00000076  I2CDRB                        
00000076  I2CDRW                        
00000076  U0RXBUF                       
00000077  U0TXBUF                       
00000078  U1CTL                         
00000079  U1TCTL                        
0000007a  U1RCTL                        
0000007b  U1MCTL                        
0000007c  U1BR0                         
0000007d  U1BR1                         
0000007e  U1RXBUF                       
0000007f  U1TXBUF                       
00000080  ADC12MCTL0                    
00000081  ADC12MCTL1                    
00000082  ADC12MCTL2                    
00000083  ADC12MCTL3                    
00000084  ADC12MCTL4                    
00000085  ADC12MCTL5                    
00000086  ADC12MCTL6                    
00000087  ADC12MCTL7                    
00000088  ADC12MCTL8                    
00000089  ADC12MCTL9                    
0000008a  ADC12MCTL10                   
0000008b  ADC12MCTL11                   
0000008c  ADC12MCTL12                   
0000008d  ADC12MCTL13                   
0000008e  ADC12MCTL14                   
0000008f  ADC12MCTL15                   
00000118  I2COA                         
0000011a  I2CSA                         
0000011c  I2CIV                         
0000011e  TBIV                          
00000120  WDTCTL                        
00000122  DMACTL0                       
00000124  DMACTL1                       
00000128  FCTL1                         
0000012a  FCTL2                         
0000012c  FCTL3                         
0000012e  TAIV                          
00000130  MPY                           
00000132  MPYS                          
00000134  MAC                           
00000136  MACS                          
00000138  OP2                           
0000013a  RESLO                         
0000013c  RESHI                         
0000013e  SUMEXT                        
00000140  ADC12MEM0                     
00000142  ADC12MEM1                     
00000144  ADC12MEM2                     
00000146  ADC12MEM3                     
00000148  ADC12MEM4                     
0000014a  ADC12MEM5                     
0000014c  ADC12MEM6                     
0000014e  ADC12MEM7                     
00000150  ADC12MEM8                     
00000152  ADC12MEM9                     
00000154  ADC12MEM10                    
00000156  ADC12MEM11                    
00000158  ADC12MEM12                    
0000015a  ADC12MEM13                    
0000015c  ADC12MEM14                    
0000015e  ADC12MEM15                    
00000160  TACTL                         
00000162  TACCTL0                       
00000164  TACCTL1                       
00000166  TACCTL2                       
00000170  TAR                           
00000172  TACCR0                        
00000174  TACCR1                        
00000176  TACCR2                        
00000180  TBCTL                         
00000182  TBCCTL0                       
00000184  TBCCTL1                       
00000186  TBCCTL2                       
00000188  TBCCTL3                       
0000018a  TBCCTL4                       
0000018c  TBCCTL5                       
0000018e  TBCCTL6                       
00000190  TBR                           
00000192  TBCCR0                        
00000194  TBCCR1                        
00000196  TBCCR2                        
00000198  TBCCR3                        
0000019a  TBCCR4                        
0000019c  TBCCR5                        
0000019e  TBCCR6                        
000001a0  ADC12CTL0                     
000001a2  ADC12CTL1                     
000001a4  ADC12IFG                      
000001a6  ADC12IE                       
000001a8  ADC12IV                       
000001c0  DAC12_0CTL                    
000001c2  DAC12_1CTL                    
000001c8  DAC12_0DAT                    
000001ca  DAC12_1DAT                    
000001e0  DMA0CTL                       
000001e2  DMA0SA                        
000001e4  DMA0DA                        
000001e6  DMA0SZ                        
000001e8  DMA1CTL                       
000001ea  DMA1SA                        
000001ec  DMA1DA                        
000001ee  DMA1SZ                        
000001f0  DMA2CTL                       
000001f2  DMA2SA                        
000001f4  DMA2DA                        
000001f6  DMA2SZ                        
00000200  Temp_Value                    
00000208  Period                        
0000020c  S                             
00000210  coordinate                    
00000214  LCD_X                         
00000216  LCD_Y                         
00000218  RiseCapVal                    
0000021a  TA_Overflow_Cnt               
0000021c  lx                            
0000021e  ly                            
00000220  A1                            
00000221  A2                            
00000222  A3                            
00000223  A4                            
00000224  vx                            
00000226  vy                            
00000228  chx                           
0000022a  chy                           
0000022c  Edge                          
0000022d  key                           
0000022e  statu                         
0000022f  open                          
00000230  clear                         
00000231  voice                         
00000232  enter                         
00000233  out                           
000009b0  _stack                        
00000a00  __STACK_END                   
00001100  __TI_frcdivd                  
00001578  main                          
00001878  TFT_init                      
00001b32  __TI_frcmpyd                  
00001db8  __mspabi_mpyd                 
00002026  __mspabi_divd                 
0000225e  Light                         
000023c8  zidong                        
000024f6  Getpix                        
000025f2  GUIline                       
000026b0  Put16x16                      
00002752  PutGB2424                     
000027f4  Data_do                       
00002888  Timer_A                       
00002912  __mspabi_fltuld               
0000299c  plotC                         
00002a26  GUIsquare2pix                 
00002aa2  __TI_decompress_lzss          
00002b1e  PWM_Init                      
00002b98  Show_Image                    
00002c10  Address_set                   
00002c84  __mspabi_fixdul               
00002cf8  LCD_PutChar                   
00002d6a  LCD_PutString24               
00002ddc  LCD_PutString                 
00002e48  GUIcircle                     
00002eaa  __mspabi_srll_15              
00002eb0  __mspabi_srll_14              
00002eb6  __mspabi_srll_13              
00002ebc  __mspabi_srll_12              
00002ec2  __mspabi_srll_11              
00002ec8  __mspabi_srll_10              
00002ece  __mspabi_srll_9               
00002ed4  __mspabi_srll_8               
00002eda  __mspabi_srll_7               
00002ee0  __mspabi_srll_6               
00002ee6  __mspabi_srll_5               
00002eec  __mspabi_srll_4               
00002ef2  __mspabi_srll_3               
00002ef8  __mspabi_srll_2               
00002efe  __mspabi_srll_1               
00002f06  GUIsquare1pix                 
00002f5e  __mspabi_divul                
00002f5e  __mspabi_remul                
00002fb6  touchMain                     
0000300e  pix_filter                    
00003062  AD7843                        
000030b0  __mspabi_srli                 
000030be  __mspabi_srli_15              
000030c2  __mspabi_srli_14              
000030c6  __mspabi_srli_13              
000030ca  __mspabi_srli_12              
000030ce  __mspabi_srli_11              
000030d2  __mspabi_srli_10              
000030d6  __mspabi_srli_9               
000030da  __mspabi_srli_8               
000030de  __mspabi_srli_7               
000030e2  __mspabi_srli_6               
000030e6  __mspabi_srli_5               
000030ea  __mspabi_srli_4               
000030ee  __mspabi_srli_3               
000030f2  __mspabi_srli_2               
000030f6  __mspabi_srli_1               
000030fc  touchVoice                    
00003142  LCD_Clear                     
00003184  __TI_auto_init_nobinit_nopinit
000031c6  __mspabi_sral_15              
000031ca  __mspabi_sral_14              
000031ce  __mspabi_sral_13              
000031d2  __mspabi_sral_12              
000031d6  __mspabi_sral_11              
000031da  __mspabi_sral_10              
000031de  __mspabi_sral_9               
000031e2  __mspabi_sral_8               
000031e6  __mspabi_sral_7               
000031ea  __mspabi_sral_6               
000031ee  __mspabi_sral_5               
000031f2  __mspabi_sral_4               
000031f6  __mspabi_sral_3               
000031fa  __mspabi_sral_2               
000031fe  __mspabi_sral_1               
00003204  __mspabi_slll_15              
00003208  __mspabi_slll_14              
0000320c  __mspabi_slll_13              
00003210  __mspabi_slll_12              
00003214  __mspabi_slll_11              
00003218  __mspabi_slll_10              
0000321c  __mspabi_slll_9               
00003220  __mspabi_slll_8               
00003224  __mspabi_slll_7               
00003228  __mspabi_slll_6               
0000322c  __mspabi_slll_5               
00003230  __mspabi_slll_4               
00003234  __mspabi_slll_3               
00003238  __mspabi_slll_2               
0000323c  __mspabi_slll_1               
00003242  touchButton                   
00003280  GUIfull                       
000032bc  init_spi                      
000032f6  touchBack                     
00003330  SRF05_IOinit                  
00003362  Write_7843                    
00003392  Clock_Init                    
000033c0  __mspabi_mpyl_hw              
000033ee  __mspabi_srai                 
000033fa  __mspabi_srai_15              
000033fc  __mspabi_srai_14              
000033fe  __mspabi_srai_13              
00003400  __mspabi_srai_12              
00003402  __mspabi_srai_11              
00003404  __mspabi_srai_10              
00003406  __mspabi_srai_9               
00003408  __mspabi_srai_8               
0000340a  __mspabi_srai_7               
0000340c  __mspabi_srai_6               
0000340e  __mspabi_srai_5               
00003410  __mspabi_srai_4               
00003412  __mspabi_srai_3               
00003414  __mspabi_srai_2               
00003416  __mspabi_srai_1               
0000341a  __mspabi_slli                 
00003426  __mspabi_slli_15              
00003428  __mspabi_slli_14              
0000342a  __mspabi_slli_13              
0000342c  __mspabi_slli_12              
0000342e  __mspabi_slli_11              
00003430  __mspabi_slli_10              
00003432  __mspabi_slli_9               
00003434  __mspabi_slli_8               
00003436  __mspabi_slli_7               
00003438  __mspabi_slli_6               
0000343a  __mspabi_slli_5               
0000343c  __mspabi_slli_4               
0000343e  __mspabi_slli_3               
00003440  __mspabi_slli_2               
00003442  __mspabi_slli_1               
00003446  Read_7843                     
00003470  start_7843                    
0000349a  LCD_write_data                
000034b8  _c_int00_noargs               
000034d4  Auto                          
000034ec  Put_pixel                     
00003504  __mspabi_divu                 
00003504  __mspabi_remu                 
0000351a  TFT_port_init                 
0000352e  __TI_zero_init_nomemset       
00003542  __mspabi_mpyi_hw              
00003556  __mspabi_fixdu                
00003568  __TI_decompress_none          
0000357a  __mspabi_srll                 
0000358c  memcpy                        
0000359e  __mspabi_func_epilog_7        
000035a0  __mspabi_func_epilog_6        
000035a2  __mspabi_func_epilog_5        
000035a4  __mspabi_func_epilog_4        
000035a6  __mspabi_func_epilog_3        
000035a8  __mspabi_func_epilog_2        
000035aa  __mspabi_func_epilog_1        
000035ae  init_timerA                   
000035bc  spi_sendByte                  
000035ca  LCD_write_command             
000035d6  LCD_write_data8               
000035e2  abs                           
000035ec  __TI_ISR_TRAP                 
000035f4  __mspabi_fltud                
000035fa  C$$EXIT                       
000035fa  abort                         
00003600  _system_pre_init              
00003604  _system_post_cinit            
00005a0c  __TI_Handler_Table_Base       
00005a12  __TI_Handler_Table_Limit      
00005a16  __TI_CINIT_Base               
00005a1e  __TI_CINIT_Limit              
0000ffe0  __TI_int00                    
0000ffe2  __TI_int01                    
0000ffe4  __TI_int02                    
0000ffe6  __TI_int03                    
0000ffe8  __TI_int04                    
0000ffea  __TI_int05                    
0000ffec  __TI_int06                    
0000ffee  __TI_int07                    
0000fff0  __TI_int08                    
0000fff2  __TI_int09                    
0000fff4  __TI_int10                    
0000fff6  __TI_int11                    
0000fff8  __TI_int12                    
0000fffa  __TI_int13                    
0000fffc  __TI_int14                    
0000fffe  _reset_vector                 
ffffffff  __TI_pprof_out_hndl           
ffffffff  __TI_prof_data_size           
ffffffff  __TI_prof_data_start          
ffffffff  __c_args__                    

[387 symbols]
