******************************************************************************
                  MSP430 Linker PC v18.1.4                     
******************************************************************************
>> Linked Sat Nov 24 18:22:01 2018

OUTPUT FILE NAME:   <cesu.out>
ENTRY POINT SYMBOL: "_c_int00_noargs"  address: 00002504


MEMORY CONFIGURATION

         name            origin    length      used     unused   attr    fill
----------------------  --------  ---------  --------  --------  ----  --------
  SFR                   00000000   00000010  00000000  00000010  RWIX
  PERIPHERALS_8BIT      00000010   000000f0  00000000  000000f0  RWIX
  PERIPHERALS_16BIT     00000100   00000100  00000000  00000100  RWIX
  RAM                   00000200   00000800  0000005b  000007a5  RWIX
  INFOB                 00001000   00000080  00000000  00000080  RWIX
  INFOA                 00001080   00000080  00000000  00000080  RWIX
  FLASH                 00001100   0000eee0  00001544  0000d99c  RWIX
  INT00                 0000ffe0   00000002  00000002  00000000  RWIX
  INT01                 0000ffe2   00000002  00000002  00000000  RWIX
  INT02                 0000ffe4   00000002  00000002  00000000  RWIX
  INT03                 0000ffe6   00000002  00000002  00000000  RWIX
  INT04                 0000ffe8   00000002  00000002  00000000  RWIX
  INT05                 0000ffea   00000002  00000002  00000000  RWIX
  INT06                 0000ffec   00000002  00000002  00000000  RWIX
  INT07                 0000ffee   00000002  00000002  00000000  RWIX
  INT08                 0000fff0   00000002  00000002  00000000  RWIX
  INT09                 0000fff2   00000002  00000002  00000000  RWIX
  INT10                 0000fff4   00000002  00000002  00000000  RWIX
  INT11                 0000fff6   00000002  00000002  00000000  RWIX
  INT12                 0000fff8   00000002  00000002  00000000  RWIX
  INT13                 0000fffa   00000002  00000002  00000000  RWIX
  INT14                 0000fffc   00000002  00000002  00000000  RWIX
  RESET                 0000fffe   00000002  00000002  00000000  RWIX


SECTION ALLOCATION MAP

 output                                  attributes/
section   page    origin      length       input sections
--------  ----  ----------  ----------   ----------------
.bss       0    00000200    00000006     UNINITIALIZED
                  00000200    00000004     (.common:speed)
                  00000204    00000002     (.common:time)

.data      0    00000206    00000005     UNINITIALIZED
                  00000206    00000005     main.obj (.data)

.stack     0    000009b0    00000050     UNINITIALIZED
                  000009b0    00000002     rts430_eabi.lib : boot.c.obj (.stack)
                  000009b2    0000004e     --HOLE--

.text      0    00001100    0000152a     
                  00001100    00000478     rts430_eabi.lib : frcdivd.c.obj (.text:__TI_frcdivd)
                  00001578    000002fa                     : addd.c.obj (.text:__mspabi_addd)
                  00001872    00000260                     : frcaddd.c.obj (.text:__TI_frcaddd)
                  00001ad2    0000025a     main.obj (.text:ceju)
                  00001d2c    00000238     rts430_eabi.lib : divd.c.obj (.text:__mspabi_divd)
                  00001f64    000000be                     : renormd.c.obj (.text:__TI_renormd)
                  00002022    0000008a                     : fltuld.c.obj (.text:__mspabi_fltuld)
                  000020ac    0000007c                     : copy_decompress_lzss.c.obj (.text:decompress:lzss:__TI_decompress_lzss)
                  00002128    00000074                     : fixdul.c.obj (.text:__mspabi_fixdul)
                  0000219c    00000062     LCD1602.obj (.text:LCD_init)
                  000021fe    0000005c     rts430_eabi.lib : lsr32.asm.obj (.text:l_lsr_const)
                  0000225a    00000058                     : div32u.asm.obj (.text)
                  000022b2    0000004c                     : lsr16.asm.obj (.text)
                  000022fe    00000042                     : autoinit.c.obj (.text:__TI_auto_init_nobinit_nopinit:__TI_auto_init_nobinit_nopinit)
                  00002340    0000003e                     : asr32.asm.obj (.text:l_asr_const)
                  0000237e    0000003e                     : lsl32.asm.obj (.text:l_lsl_const)
                  000023bc    0000002e     main.obj (.text:Clock_Init)
                  000023ea    0000002e     rts430_eabi.lib : mult32_hw.asm.obj (.text)
                  00002418    0000002c                     : asr16.asm.obj (.text)
                  00002444    0000002c                     : lsl16.asm.obj (.text)
                  00002470    0000002a     LCD1602.obj (.text:LCD_write_com)
                  0000249a    0000002a     LCD1602.obj (.text:LCD_write_data)
                  000024c4    00000022     main.obj (.text:main)
                  000024e6    0000001e     LCD1602.obj (.text:LCD_write_single_char)
                  00002504    0000001c     rts430_eabi.lib : boot.c.obj (.text:_c_int00_noargs)
                  00002520    00000016     main.obj (.text:port_init)
                  00002536    00000016     rts430_eabi.lib : div16u.asm.obj (.text)
                  0000254c    00000014     LCD1602.obj (.text:LCD_clear)
                  00002560    00000014     LCD1602.obj (.text:Port_init)
                  00002574    00000014     rts430_eabi.lib : copy_zero_init.c.obj (.text:decompress:ZI:__TI_zero_init_nomemset:__TI_zero_init_nomemset)
                  00002588    00000014                     : mult16_hw.asm.obj (.text)
                  0000259c    00000012                     : copy_decompress_none.c.obj (.text:decompress:none:__TI_decompress_none)
                  000025ae    00000012                     : lsr32.asm.obj (.text:l_lsr)
                  000025c0    00000012                     : memcpy.c.obj (.text:memcpy)
                  000025d2    00000010                     : asr32.asm.obj (.text:l_asr)
                  000025e2    00000010                     : lsl32.asm.obj (.text:l_lsl)
                  000025f2    00000010                     : epilog.asm.obj (.text)
                  00002602    0000000e     main.obj (.text:TimeA_init)
                  00002610    00000008     rts430_eabi.lib : isr_trap.asm.obj (.text:_isr:__TI_ISR_TRAP)
                  00002618    00000006                     : fltud.c.obj (.text:__mspabi_fltud)
                  0000261e    00000006                     : exit.c.obj (.text:abort)
                  00002624    00000004                     : pre_init.c.obj (.text:_system_pre_init)
                  00002628    00000002                     : startup.c.obj (.text:_system_post_cinit)

.cinit     0    0000262a    0000001a     
                  0000262a    00000007     (.cinit..data.load) [load image, compression = lzss]
                  00002631    00000001     --HOLE-- [fill = 0]
                  00002632    00000006     (__TI_handler_table)
                  00002638    00000004     (.cinit..bss.load) [load image, compression = zero_init]
                  0000263c    00000008     (__TI_cinit_table)

.binit     0    00001100    00000000     

.init_array 
*          0    00001100    00000000     UNINITIALIZED

DACDMA     0    0000ffe0    00000002     
                  0000ffe0    00000002     rts430_eabi.lib : int00.asm.obj (.int00)

PORT2      0    0000ffe2    00000002     
                  0000ffe2    00000002     rts430_eabi.lib : int01.asm.obj (.int01)

USART1TX   0    0000ffe4    00000002     
                  0000ffe4    00000002     rts430_eabi.lib : int02.asm.obj (.int02)

USART1RX   0    0000ffe6    00000002     
                  0000ffe6    00000002     rts430_eabi.lib : int03.asm.obj (.int03)

PORT1      0    0000ffe8    00000002     
                  0000ffe8    00000002     rts430_eabi.lib : int04.asm.obj (.int04)

TIMERA1    0    0000ffea    00000002     
                  0000ffea    00000002     main.obj (.int05)

TIMERA0    0    0000ffec    00000002     
                  0000ffec    00000002     rts430_eabi.lib : int06.asm.obj (.int06)

ADC12      0    0000ffee    00000002     
                  0000ffee    00000002     rts430_eabi.lib : int07.asm.obj (.int07)

USART0TX   0    0000fff0    00000002     
                  0000fff0    00000002     rts430_eabi.lib : int08.asm.obj (.int08)

USART0RX   0    0000fff2    00000002     
                  0000fff2    00000002     rts430_eabi.lib : int09.asm.obj (.int09)

WDT        0    0000fff4    00000002     
                  0000fff4    00000002     rts430_eabi.lib : int10.asm.obj (.int10)

COMPARATORA 
*          0    0000fff6    00000002     
                  0000fff6    00000002     rts430_eabi.lib : int11.asm.obj (.int11)

TIMERB1    0    0000fff8    00000002     
                  0000fff8    00000002     rts430_eabi.lib : int12.asm.obj (.int12)

TIMERB0    0    0000fffa    00000002     
                  0000fffa    00000002     rts430_eabi.lib : int13.asm.obj (.int13)

NMI        0    0000fffc    00000002     
                  0000fffc    00000002     rts430_eabi.lib : int14.asm.obj (.int14)

.reset     0    0000fffe    00000002     
                  0000fffe    00000002     rts430_eabi.lib : boot.c.obj (.reset)

MODULE SUMMARY

       Module                       code   ro data   rw data
       ------                       ----   -------   -------
    .\
       main.obj                     718    2         11     
       LCD1602.obj                  252    0         0      
    +--+----------------------------+------+---------+---------+
       Total:                       970    2         11     
                                                            
    C:\ti\ccsv8\tools\compiler\ti-cgt-msp430_18.1.4.LTS\lib\rts430_eabi.lib
       frcdivd.c.obj                1144   0         0      
       addd.c.obj                   762    0         0      
       frcaddd.c.obj                608    0         0      
       divd.c.obj                   568    0         0      
       renormd.c.obj                190    0         0      
       fltuld.c.obj                 138    0         0      
       copy_decompress_lzss.c.obj   124    0         0      
       fixdul.c.obj                 116    0         0      
       lsr32.asm.obj                110    0         0      
       div32u.asm.obj               88     0         0      
       asr32.asm.obj                78     0         0      
       lsl32.asm.obj                78     0         0      
       lsr16.asm.obj                76     0         0      
       autoinit.c.obj               66     0         0      
       mult32_hw.asm.obj            46     0         0      
       asr16.asm.obj                44     0         0      
       lsl16.asm.obj                44     0         0      
       boot.c.obj                   28     2         0      
       div16u.asm.obj               22     0         0      
       copy_zero_init.c.obj         20     0         0      
       mult16_hw.asm.obj            20     0         0      
       copy_decompress_none.c.obj   18     0         0      
       memcpy.c.obj                 18     0         0      
       epilog.asm.obj               16     0         0      
       isr_trap.asm.obj             8      0         0      
       exit.c.obj                   6      0         0      
       fltud.c.obj                  6      0         0      
       pre_init.c.obj               4      0         0      
       int00.asm.obj                0      2         0      
       int01.asm.obj                0      2         0      
       int02.asm.obj                0      2         0      
       int03.asm.obj                0      2         0      
       int04.asm.obj                0      2         0      
       int06.asm.obj                0      2         0      
       int07.asm.obj                0      2         0      
       int08.asm.obj                0      2         0      
       int09.asm.obj                0      2         0      
       int10.asm.obj                0      2         0      
       int11.asm.obj                0      2         0      
       int12.asm.obj                0      2         0      
       int13.asm.obj                0      2         0      
       int14.asm.obj                0      2         0      
       startup.c.obj                2      0         0      
    +--+----------------------------+------+---------+---------+
       Total:                       4448   30        0      
                                                            
       Stack:                       0      0         80     
       Linker Generated:            0      25        0      
    +--+----------------------------+------+---------+---------+
       Grand Total:                 5418   57        91     


LINKER GENERATED COPY TABLES

__TI_cinit_table @ 0000263c records: 2, size/record: 4, table size: 8
	.data: load addr=0000262a, load size=00000007 bytes, run addr=00000206, run size=00000005 bytes, compression=lzss
	.bss: load addr=00002638, load size=00000004 bytes, run addr=00000200, run size=00000006 bytes, compression=zero_init


LINKER GENERATED HANDLER TABLE

__TI_handler_table @ 00002632 records: 3, size/record: 2, table size: 6
	index: 0, handler: __TI_zero_init
	index: 1, handler: __TI_decompress_lzss
	index: 2, handler: __TI_decompress_none


GLOBAL SYMBOLS: SORTED ALPHABETICALLY BY Name 

address   name                          
-------   ----                          
000001a0  ADC12CTL0                     
000001a2  ADC12CTL1                     
000001a6  ADC12IE                       
000001a4  ADC12IFG                      
000001a8  ADC12IV                       
00000080  ADC12MCTL0                    
00000081  ADC12MCTL1                    
0000008a  ADC12MCTL10                   
0000008b  ADC12MCTL11                   
0000008c  ADC12MCTL12                   
0000008d  ADC12MCTL13                   
0000008e  ADC12MCTL14                   
0000008f  ADC12MCTL15                   
00000082  ADC12MCTL2                    
00000083  ADC12MCTL3                    
00000084  ADC12MCTL4                    
00000085  ADC12MCTL5                    
00000086  ADC12MCTL6                    
00000087  ADC12MCTL7                    
00000088  ADC12MCTL8                    
00000089  ADC12MCTL9                    
00000140  ADC12MEM0                     
00000142  ADC12MEM1                     
00000154  ADC12MEM10                    
00000156  ADC12MEM11                    
00000158  ADC12MEM12                    
0000015a  ADC12MEM13                    
0000015c  ADC12MEM14                    
0000015e  ADC12MEM15                    
00000144  ADC12MEM2                     
00000146  ADC12MEM3                     
00000148  ADC12MEM4                     
0000014a  ADC12MEM5                     
0000014c  ADC12MEM6                     
0000014e  ADC12MEM7                     
00000150  ADC12MEM8                     
00000152  ADC12MEM9                     
00000057  BCSCTL1                       
00000058  BCSCTL2                       
0000261e  C$$EXIT                       
00000059  CACTL1                        
0000005a  CACTL2                        
0000005b  CAPD                          
000023bc  Clock_Init                    
000001c0  DAC12_0CTL                    
000001c8  DAC12_0DAT                    
000001c2  DAC12_1CTL                    
000001ca  DAC12_1DAT                    
00000056  DCOCTL                        
000001e0  DMA0CTL                       
000001e4  DMA0DA                        
000001e2  DMA0SA                        
000001e6  DMA0SZ                        
000001e8  DMA1CTL                       
000001ec  DMA1DA                        
000001ea  DMA1SA                        
000001ee  DMA1SZ                        
000001f0  DMA2CTL                       
000001f4  DMA2DA                        
000001f2  DMA2SA                        
000001f6  DMA2SZ                        
00000122  DMACTL0                       
00000124  DMACTL1                       
00000128  FCTL1                         
0000012a  FCTL2                         
0000012c  FCTL3                         
00000072  I2CDCTL                       
00000076  I2CDRB                        
00000076  I2CDRW                        
00000050  I2CIE                         
00000051  I2CIFG                        
0000011c  I2CIV                         
00000052  I2CNDAT                       
00000118  I2COA                         
00000073  I2CPSC                        
0000011a  I2CSA                         
00000074  I2CSCLH                       
00000075  I2CSCLL                       
00000071  I2CTCTL                       
00000000  IE1                           
00000001  IE2                           
00000002  IFG1                          
00000003  IFG2                          
0000254c  LCD_clear                     
0000219c  LCD_init                      
00002470  LCD_write_com                 
0000249a  LCD_write_data                
000024e6  LCD_write_single_char         
00000134  MAC                           
00000136  MACS                          
00000004  ME1                           
00000005  ME2                           
00000130  MPY                           
00000132  MPYS                          
00000138  OP2                           
00000022  P1DIR                         
00000025  P1IE                          
00000024  P1IES                         
00000023  P1IFG                         
00000020  P1IN                          
00000021  P1OUT                         
00000026  P1SEL                         
0000002a  P2DIR                         
0000002d  P2IE                          
0000002c  P2IES                         
0000002b  P2IFG                         
00000028  P2IN                          
00000029  P2OUT                         
0000002e  P2SEL                         
0000001a  P3DIR                         
00000018  P3IN                          
00000019  P3OUT                         
0000001b  P3SEL                         
0000001e  P4DIR                         
0000001c  P4IN                          
0000001d  P4OUT                         
0000001f  P4SEL                         
00000032  P5DIR                         
00000030  P5IN                          
00000031  P5OUT                         
00000033  P5SEL                         
00000036  P6DIR                         
00000034  P6IN                          
00000035  P6OUT                         
00000037  P6SEL                         
00002560  Port_init                     
0000013c  RESHI                         
0000013a  RESLO                         
0000013e  SUMEXT                        
00000055  SVSCTL                        
00000172  TACCR0                        
00000174  TACCR1                        
00000176  TACCR2                        
00000162  TACCTL0                       
00000164  TACCTL1                       
00000166  TACCTL2                       
00000160  TACTL                         
0000012e  TAIV                          
00000170  TAR                           
00000192  TBCCR0                        
00000194  TBCCR1                        
00000196  TBCCR2                        
00000198  TBCCR3                        
0000019a  TBCCR4                        
0000019c  TBCCR5                        
0000019e  TBCCR6                        
00000182  TBCCTL0                       
00000184  TBCCTL1                       
00000186  TBCCTL2                       
00000188  TBCCTL3                       
0000018a  TBCCTL4                       
0000018c  TBCCTL5                       
0000018e  TBCCTL6                       
00000180  TBCTL                         
0000011e  TBIV                          
00000190  TBR                           
00002602  TimeA_init                    
00000074  U0BR0                         
00000075  U0BR1                         
00000070  U0CTL                         
00000073  U0MCTL                        
00000072  U0RCTL                        
00000076  U0RXBUF                       
00000071  U0TCTL                        
00000077  U0TXBUF                       
0000007c  U1BR0                         
0000007d  U1BR1                         
00000078  U1CTL                         
0000007b  U1MCTL                        
0000007a  U1RCTL                        
0000007e  U1RXBUF                       
00000079  U1TCTL                        
0000007f  U1TXBUF                       
00000120  WDTCTL                        
00000a00  __STACK_END                   
00000050  __STACK_SIZE                  
0000263c  __TI_CINIT_Base               
00002644  __TI_CINIT_Limit              
00002632  __TI_Handler_Table_Base       
00002638  __TI_Handler_Table_Limit      
00002610  __TI_ISR_TRAP                 
000022fe  __TI_auto_init_nobinit_nopinit
000020ac  __TI_decompress_lzss          
0000259c  __TI_decompress_none          
00001872  __TI_frcaddd                  
00001100  __TI_frcdivd                  
0000ffe0  __TI_int00                    
0000ffe2  __TI_int01                    
0000ffe4  __TI_int02                    
0000ffe6  __TI_int03                    
0000ffe8  __TI_int04                    
0000ffea  __TI_int05                    
0000ffec  __TI_int06                    
0000ffee  __TI_int07                    
0000fff0  __TI_int08                    
0000fff2  __TI_int09                    
0000fff4  __TI_int10                    
0000fff6  __TI_int11                    
0000fff8  __TI_int12                    
0000fffa  __TI_int13                    
0000fffc  __TI_int14                    
ffffffff  __TI_pprof_out_hndl           
ffffffff  __TI_prof_data_size           
ffffffff  __TI_prof_data_start          
00001f64  __TI_renormd                  
00002574  __TI_zero_init_nomemset       
ffffffff  __c_args__                    
00001578  __mspabi_addd                 
00001d2c  __mspabi_divd                 
00002536  __mspabi_divu                 
0000225a  __mspabi_divul                
00002128  __mspabi_fixdul               
00002618  __mspabi_fltud                
00002022  __mspabi_fltuld               
000025fe  __mspabi_func_epilog_1        
000025fc  __mspabi_func_epilog_2        
000025fa  __mspabi_func_epilog_3        
000025f8  __mspabi_func_epilog_4        
000025f6  __mspabi_func_epilog_5        
000025f4  __mspabi_func_epilog_6        
000025f2  __mspabi_func_epilog_7        
00002588  __mspabi_mpyi_hw              
000023ea  __mspabi_mpyl_hw              
00002536  __mspabi_remu                 
0000225a  __mspabi_remul                
00002444  __mspabi_slli                 
0000246c  __mspabi_slli_1               
0000245a  __mspabi_slli_10              
00002458  __mspabi_slli_11              
00002456  __mspabi_slli_12              
00002454  __mspabi_slli_13              
00002452  __mspabi_slli_14              
00002450  __mspabi_slli_15              
0000246a  __mspabi_slli_2               
00002468  __mspabi_slli_3               
00002466  __mspabi_slli_4               
00002464  __mspabi_slli_5               
00002462  __mspabi_slli_6               
00002460  __mspabi_slli_7               
0000245e  __mspabi_slli_8               
0000245c  __mspabi_slli_9               
000025e2  __mspabi_slll                 
000023b6  __mspabi_slll_1               
00002392  __mspabi_slll_10              
0000238e  __mspabi_slll_11              
0000238a  __mspabi_slll_12              
00002386  __mspabi_slll_13              
00002382  __mspabi_slll_14              
0000237e  __mspabi_slll_15              
000023b2  __mspabi_slll_2               
000023ae  __mspabi_slll_3               
000023aa  __mspabi_slll_4               
000023a6  __mspabi_slll_5               
000023a2  __mspabi_slll_6               
0000239e  __mspabi_slll_7               
0000239a  __mspabi_slll_8               
00002396  __mspabi_slll_9               
00002418  __mspabi_srai                 
00002440  __mspabi_srai_1               
0000242e  __mspabi_srai_10              
0000242c  __mspabi_srai_11              
0000242a  __mspabi_srai_12              
00002428  __mspabi_srai_13              
00002426  __mspabi_srai_14              
00002424  __mspabi_srai_15              
0000243e  __mspabi_srai_2               
0000243c  __mspabi_srai_3               
0000243a  __mspabi_srai_4               
00002438  __mspabi_srai_5               
00002436  __mspabi_srai_6               
00002434  __mspabi_srai_7               
00002432  __mspabi_srai_8               
00002430  __mspabi_srai_9               
000025d2  __mspabi_sral                 
00002378  __mspabi_sral_1               
00002354  __mspabi_sral_10              
00002350  __mspabi_sral_11              
0000234c  __mspabi_sral_12              
00002348  __mspabi_sral_13              
00002344  __mspabi_sral_14              
00002340  __mspabi_sral_15              
00002374  __mspabi_sral_2               
00002370  __mspabi_sral_3               
0000236c  __mspabi_sral_4               
00002368  __mspabi_sral_5               
00002364  __mspabi_sral_6               
00002360  __mspabi_sral_7               
0000235c  __mspabi_sral_8               
00002358  __mspabi_sral_9               
000022b2  __mspabi_srli                 
000022f8  __mspabi_srli_1               
000022d4  __mspabi_srli_10              
000022d0  __mspabi_srli_11              
000022cc  __mspabi_srli_12              
000022c8  __mspabi_srli_13              
000022c4  __mspabi_srli_14              
000022c0  __mspabi_srli_15              
000022f4  __mspabi_srli_2               
000022f0  __mspabi_srli_3               
000022ec  __mspabi_srli_4               
000022e8  __mspabi_srli_5               
000022e4  __mspabi_srli_6               
000022e0  __mspabi_srli_7               
000022dc  __mspabi_srli_8               
000022d8  __mspabi_srli_9               
000025ae  __mspabi_srll                 
00002252  __mspabi_srll_1               
0000221c  __mspabi_srll_10              
00002216  __mspabi_srll_11              
00002210  __mspabi_srll_12              
0000220a  __mspabi_srll_13              
00002204  __mspabi_srll_14              
000021fe  __mspabi_srll_15              
0000224c  __mspabi_srll_2               
00002246  __mspabi_srll_3               
00002240  __mspabi_srll_4               
0000223a  __mspabi_srll_5               
00002234  __mspabi_srll_6               
0000222e  __mspabi_srll_7               
00002228  __mspabi_srll_8               
00002222  __mspabi_srll_9               
00002504  _c_int00_noargs               
0000fffe  _reset_vector                 
000009b0  _stack                        
00002628  _system_post_cinit            
00002624  _system_pre_init              
0000261e  abort                         
00001ad2  ceju                          
0000020a  cishu                         
000024c4  main                          
000025c0  memcpy                        
00002520  port_init                     
00000200  speed                         
00000204  time                          
00000206  time1                         
00000208  time2                         


GLOBAL SYMBOLS: SORTED BY Symbol Address 

address   name                          
-------   ----                          
00000000  IE1                           
00000001  IE2                           
00000002  IFG1                          
00000003  IFG2                          
00000004  ME1                           
00000005  ME2                           
00000018  P3IN                          
00000019  P3OUT                         
0000001a  P3DIR                         
0000001b  P3SEL                         
0000001c  P4IN                          
0000001d  P4OUT                         
0000001e  P4DIR                         
0000001f  P4SEL                         
00000020  P1IN                          
00000021  P1OUT                         
00000022  P1DIR                         
00000023  P1IFG                         
00000024  P1IES                         
00000025  P1IE                          
00000026  P1SEL                         
00000028  P2IN                          
00000029  P2OUT                         
0000002a  P2DIR                         
0000002b  P2IFG                         
0000002c  P2IES                         
0000002d  P2IE                          
0000002e  P2SEL                         
00000030  P5IN                          
00000031  P5OUT                         
00000032  P5DIR                         
00000033  P5SEL                         
00000034  P6IN                          
00000035  P6OUT                         
00000036  P6DIR                         
00000037  P6SEL                         
00000050  I2CIE                         
00000050  __STACK_SIZE                  
00000051  I2CIFG                        
00000052  I2CNDAT                       
00000055  SVSCTL                        
00000056  DCOCTL                        
00000057  BCSCTL1                       
00000058  BCSCTL2                       
00000059  CACTL1                        
0000005a  CACTL2                        
0000005b  CAPD                          
00000070  U0CTL                         
00000071  I2CTCTL                       
00000071  U0TCTL                        
00000072  I2CDCTL                       
00000072  U0RCTL                        
00000073  I2CPSC                        
00000073  U0MCTL                        
00000074  I2CSCLH                       
00000074  U0BR0                         
00000075  I2CSCLL                       
00000075  U0BR1                         
00000076  I2CDRB                        
00000076  I2CDRW                        
00000076  U0RXBUF                       
00000077  U0TXBUF                       
00000078  U1CTL                         
00000079  U1TCTL                        
0000007a  U1RCTL                        
0000007b  U1MCTL                        
0000007c  U1BR0                         
0000007d  U1BR1                         
0000007e  U1RXBUF                       
0000007f  U1TXBUF                       
00000080  ADC12MCTL0                    
00000081  ADC12MCTL1                    
00000082  ADC12MCTL2                    
00000083  ADC12MCTL3                    
00000084  ADC12MCTL4                    
00000085  ADC12MCTL5                    
00000086  ADC12MCTL6                    
00000087  ADC12MCTL7                    
00000088  ADC12MCTL8                    
00000089  ADC12MCTL9                    
0000008a  ADC12MCTL10                   
0000008b  ADC12MCTL11                   
0000008c  ADC12MCTL12                   
0000008d  ADC12MCTL13                   
0000008e  ADC12MCTL14                   
0000008f  ADC12MCTL15                   
00000118  I2COA                         
0000011a  I2CSA                         
0000011c  I2CIV                         
0000011e  TBIV                          
00000120  WDTCTL                        
00000122  DMACTL0                       
00000124  DMACTL1                       
00000128  FCTL1                         
0000012a  FCTL2                         
0000012c  FCTL3                         
0000012e  TAIV                          
00000130  MPY                           
00000132  MPYS                          
00000134  MAC                           
00000136  MACS                          
00000138  OP2                           
0000013a  RESLO                         
0000013c  RESHI                         
0000013e  SUMEXT                        
00000140  ADC12MEM0                     
00000142  ADC12MEM1                     
00000144  ADC12MEM2                     
00000146  ADC12MEM3                     
00000148  ADC12MEM4                     
0000014a  ADC12MEM5                     
0000014c  ADC12MEM6                     
0000014e  ADC12MEM7                     
00000150  ADC12MEM8                     
00000152  ADC12MEM9                     
00000154  ADC12MEM10                    
00000156  ADC12MEM11                    
00000158  ADC12MEM12                    
0000015a  ADC12MEM13                    
0000015c  ADC12MEM14                    
0000015e  ADC12MEM15                    
00000160  TACTL                         
00000162  TACCTL0                       
00000164  TACCTL1                       
00000166  TACCTL2                       
00000170  TAR                           
00000172  TACCR0                        
00000174  TACCR1                        
00000176  TACCR2                        
00000180  TBCTL                         
00000182  TBCCTL0                       
00000184  TBCCTL1                       
00000186  TBCCTL2                       
00000188  TBCCTL3                       
0000018a  TBCCTL4                       
0000018c  TBCCTL5                       
0000018e  TBCCTL6                       
00000190  TBR                           
00000192  TBCCR0                        
00000194  TBCCR1                        
00000196  TBCCR2                        
00000198  TBCCR3                        
0000019a  TBCCR4                        
0000019c  TBCCR5                        
0000019e  TBCCR6                        
000001a0  ADC12CTL0                     
000001a2  ADC12CTL1                     
000001a4  ADC12IFG                      
000001a6  ADC12IE                       
000001a8  ADC12IV                       
000001c0  DAC12_0CTL                    
000001c2  DAC12_1CTL                    
000001c8  DAC12_0DAT                    
000001ca  DAC12_1DAT                    
000001e0  DMA0CTL                       
000001e2  DMA0SA                        
000001e4  DMA0DA                        
000001e6  DMA0SZ                        
000001e8  DMA1CTL                       
000001ea  DMA1SA                        
000001ec  DMA1DA                        
000001ee  DMA1SZ                        
000001f0  DMA2CTL                       
000001f2  DMA2SA                        
000001f4  DMA2DA                        
000001f6  DMA2SZ                        
00000200  speed                         
00000204  time                          
00000206  time1                         
00000208  time2                         
0000020a  cishu                         
000009b0  _stack                        
00000a00  __STACK_END                   
00001100  __TI_frcdivd                  
00001578  __mspabi_addd                 
00001872  __TI_frcaddd                  
00001ad2  ceju                          
00001d2c  __mspabi_divd                 
00001f64  __TI_renormd                  
00002022  __mspabi_fltuld               
000020ac  __TI_decompress_lzss          
00002128  __mspabi_fixdul               
0000219c  LCD_init                      
000021fe  __mspabi_srll_15              
00002204  __mspabi_srll_14              
0000220a  __mspabi_srll_13              
00002210  __mspabi_srll_12              
00002216  __mspabi_srll_11              
0000221c  __mspabi_srll_10              
00002222  __mspabi_srll_9               
00002228  __mspabi_srll_8               
0000222e  __mspabi_srll_7               
00002234  __mspabi_srll_6               
0000223a  __mspabi_srll_5               
00002240  __mspabi_srll_4               
00002246  __mspabi_srll_3               
0000224c  __mspabi_srll_2               
00002252  __mspabi_srll_1               
0000225a  __mspabi_divul                
0000225a  __mspabi_remul                
000022b2  __mspabi_srli                 
000022c0  __mspabi_srli_15              
000022c4  __mspabi_srli_14              
000022c8  __mspabi_srli_13              
000022cc  __mspabi_srli_12              
000022d0  __mspabi_srli_11              
000022d4  __mspabi_srli_10              
000022d8  __mspabi_srli_9               
000022dc  __mspabi_srli_8               
000022e0  __mspabi_srli_7               
000022e4  __mspabi_srli_6               
000022e8  __mspabi_srli_5               
000022ec  __mspabi_srli_4               
000022f0  __mspabi_srli_3               
000022f4  __mspabi_srli_2               
000022f8  __mspabi_srli_1               
000022fe  __TI_auto_init_nobinit_nopinit
00002340  __mspabi_sral_15              
00002344  __mspabi_sral_14              
00002348  __mspabi_sral_13              
0000234c  __mspabi_sral_12              
00002350  __mspabi_sral_11              
00002354  __mspabi_sral_10              
00002358  __mspabi_sral_9               
0000235c  __mspabi_sral_8               
00002360  __mspabi_sral_7               
00002364  __mspabi_sral_6               
00002368  __mspabi_sral_5               
0000236c  __mspabi_sral_4               
00002370  __mspabi_sral_3               
00002374  __mspabi_sral_2               
00002378  __mspabi_sral_1               
0000237e  __mspabi_slll_15              
00002382  __mspabi_slll_14              
00002386  __mspabi_slll_13              
0000238a  __mspabi_slll_12              
0000238e  __mspabi_slll_11              
00002392  __mspabi_slll_10              
00002396  __mspabi_slll_9               
0000239a  __mspabi_slll_8               
0000239e  __mspabi_slll_7               
000023a2  __mspabi_slll_6               
000023a6  __mspabi_slll_5               
000023aa  __mspabi_slll_4               
000023ae  __mspabi_slll_3               
000023b2  __mspabi_slll_2               
000023b6  __mspabi_slll_1               
000023bc  Clock_Init                    
000023ea  __mspabi_mpyl_hw              
00002418  __mspabi_srai                 
00002424  __mspabi_srai_15              
00002426  __mspabi_srai_14              
00002428  __mspabi_srai_13              
0000242a  __mspabi_srai_12              
0000242c  __mspabi_srai_11              
0000242e  __mspabi_srai_10              
00002430  __mspabi_srai_9               
00002432  __mspabi_srai_8               
00002434  __mspabi_srai_7               
00002436  __mspabi_srai_6               
00002438  __mspabi_srai_5               
0000243a  __mspabi_srai_4               
0000243c  __mspabi_srai_3               
0000243e  __mspabi_srai_2               
00002440  __mspabi_srai_1               
00002444  __mspabi_slli                 
00002450  __mspabi_slli_15              
00002452  __mspabi_slli_14              
00002454  __mspabi_slli_13              
00002456  __mspabi_slli_12              
00002458  __mspabi_slli_11              
0000245a  __mspabi_slli_10              
0000245c  __mspabi_slli_9               
0000245e  __mspabi_slli_8               
00002460  __mspabi_slli_7               
00002462  __mspabi_slli_6               
00002464  __mspabi_slli_5               
00002466  __mspabi_slli_4               
00002468  __mspabi_slli_3               
0000246a  __mspabi_slli_2               
0000246c  __mspabi_slli_1               
00002470  LCD_write_com                 
0000249a  LCD_write_data                
000024c4  main                          
000024e6  LCD_write_single_char         
00002504  _c_int00_noargs               
00002520  port_init                     
00002536  __mspabi_divu                 
00002536  __mspabi_remu                 
0000254c  LCD_clear                     
00002560  Port_init                     
00002574  __TI_zero_init_nomemset       
00002588  __mspabi_mpyi_hw              
0000259c  __TI_decompress_none          
000025ae  __mspabi_srll                 
000025c0  memcpy                        
000025d2  __mspabi_sral                 
000025e2  __mspabi_slll                 
000025f2  __mspabi_func_epilog_7        
000025f4  __mspabi_func_epilog_6        
000025f6  __mspabi_func_epilog_5        
000025f8  __mspabi_func_epilog_4        
000025fa  __mspabi_func_epilog_3        
000025fc  __mspabi_func_epilog_2        
000025fe  __mspabi_func_epilog_1        
00002602  TimeA_init                    
00002610  __TI_ISR_TRAP                 
00002618  __mspabi_fltud                
0000261e  C$$EXIT                       
0000261e  abort                         
00002624  _system_pre_init              
00002628  _system_post_cinit            
00002632  __TI_Handler_Table_Base       
00002638  __TI_Handler_Table_Limit      
0000263c  __TI_CINIT_Base               
00002644  __TI_CINIT_Limit              
0000ffe0  __TI_int00                    
0000ffe2  __TI_int01                    
0000ffe4  __TI_int02                    
0000ffe6  __TI_int03                    
0000ffe8  __TI_int04                    
0000ffea  __TI_int05                    
0000ffec  __TI_int06                    
0000ffee  __TI_int07                    
0000fff0  __TI_int08                    
0000fff2  __TI_int09                    
0000fff4  __TI_int10                    
0000fff6  __TI_int11                    
0000fff8  __TI_int12                    
0000fffa  __TI_int13                    
0000fffc  __TI_int14                    
0000fffe  _reset_vector                 
ffffffff  __TI_pprof_out_hndl           
ffffffff  __TI_prof_data_size           
ffffffff  __TI_prof_data_start          
ffffffff  __c_args__                    

[336 symbols]
