******************************************************************************
                  MSP430 Linker PC v18.1.3                     
******************************************************************************
>> Linked Sun Dec  2 22:30:43 2018

OUTPUT FILE NAME:   <Dianya.out>
ENTRY POINT SYMBOL: "_c_int00_noargs"  address: 00002934


MEMORY CONFIGURATION

         name            origin    length      used     unused   attr    fill
----------------------  --------  ---------  --------  --------  ----  --------
  SFR                   00000000   00000010  00000000  00000010  RWIX
  PERIPHERALS_8BIT      00000010   000000f0  00000000  000000f0  RWIX
  PERIPHERALS_16BIT     00000100   00000100  00000000  00000100  RWIX
  RAM                   00000200   00000800  0000008a  00000776  RWIX
  INFOB                 00001000   00000080  00000000  00000080  RWIX
  INFOA                 00001080   00000080  00000000  00000080  RWIX
  FLASH                 00001100   0000eee0  000019de  0000d502  RWIX
  INT00                 0000ffe0   00000002  00000002  00000000  RWIX
  INT01                 0000ffe2   00000002  00000002  00000000  RWIX
  INT02                 0000ffe4   00000002  00000002  00000000  RWIX
  INT03                 0000ffe6   00000002  00000002  00000000  RWIX
  INT04                 0000ffe8   00000002  00000002  00000000  RWIX
  INT05                 0000ffea   00000002  00000002  00000000  RWIX
  INT06                 0000ffec   00000002  00000002  00000000  RWIX
  INT07                 0000ffee   00000002  00000002  00000000  RWIX
  INT08                 0000fff0   00000002  00000002  00000000  RWIX
  INT09                 0000fff2   00000002  00000002  00000000  RWIX
  INT10                 0000fff4   00000002  00000002  00000000  RWIX
  INT11                 0000fff6   00000002  00000002  00000000  RWIX
  INT12                 0000fff8   00000002  00000002  00000000  RWIX
  INT13                 0000fffa   00000002  00000002  00000000  RWIX
  INT14                 0000fffc   00000002  00000002  00000000  RWIX
  RESET                 0000fffe   00000002  00000002  00000000  RWIX


SECTION ALLOCATION MAP

 output                                  attributes/
section   page    origin      length       input sections
--------  ----  ----------  ----------   ----------------
.bss       0    00000200    0000002c     UNINITIALIZED
                  00000200    00000010     main.obj (.bss:A0results)
                  00000210    00000010     main.obj (.bss:A1results)
                  00000220    00000004     (.common:temp3)
                  00000224    00000004     (.common:temp4)
                  00000228    00000002     (.common:temp1)
                  0000022a    00000002     (.common:temp2)

.data      0    0000022c    0000000e     UNINITIALIZED
                  0000022c    0000000a     main.obj (.data:bank)
                  00000236    00000004     main.obj (.data)

.stack     0    000009b0    00000050     UNINITIALIZED
                  000009b0    00000002     rts430_eabi.lib : boot.c.obj (.stack)
                  000009b2    0000004e     --HOLE--

.text      0    00001100    00001904     
                  00001100    00000478     rts430_eabi.lib : frcdivd.c.obj (.text:__TI_frcdivd)
                  00001578    0000030a     main.obj (.text:main)
                  00001882    00000286     rts430_eabi.lib : frcmpyd.c.obj (.text:__TI_frcmpyd)
                  00001b08    0000026e                     : mpyd.c.obj (.text:__mspabi_mpyd)
                  00001d76    00000238                     : divd.c.obj (.text:__mspabi_divd)
                  00001fae    00000132                     : fs_add.asm.obj (.text)
                  000020e0    000000c4                     : fs_mpy.asm.obj (.text)
                  000021a4    000000ba     main.obj (.text:Lcd_Show)
                  0000225e    000000a8     main.obj (.text:Key_Scan)
                  00002306    0000008c     rts430_eabi.lib : cvtdf.c.obj (.text:__mspabi_cvtdf)
                  00002392    0000008a                     : fltuld.c.obj (.text:__mspabi_fltuld)
                  0000241c    0000007c                     : copy_decompress_lzss.c.obj (.text:decompress:lzss:__TI_decompress_lzss)
                  00002498    00000068                     : fs_toi.asm.obj (.text)
                  00002500    0000005c                     : lsr32.asm.obj (.text:l_lsr_const)
                  0000255c    0000004c     main.obj (.text:LCD_Screan_Init)
                  000025a8    0000004c     rts430_eabi.lib : lsr16.asm.obj (.text)
                  000025f4    00000042                     : autoinit.c.obj (.text:__TI_auto_init_nobinit_nopinit:__TI_auto_init_nobinit_nopinit)
                  00002636    0000003e                     : asr32.asm.obj (.text:l_asr_const)
                  00002674    0000003e                     : lsl32.asm.obj (.text:l_lsl_const)
                  000026b2    00000036     main.obj (.text:Display)
                  000026e8    00000036     main.obj (.text:Display_explain)
                  0000271e    00000036     main.obj (.text:Display_main)
                  00002754    00000036     rts430_eabi.lib : fs_itof.asm.obj (.text)
                  0000278a    0000002e     main.obj (.text:Clock_Init)
                  000027b8    0000002e     main.obj (.text:DisplayCgrom)
                  000027e6    0000002e     rts430_eabi.lib : mult32_hw.asm.obj (.text)
                  00002814    0000002c     main.obj (.text:ADC12ISR)
                  00002840    0000002c     rts430_eabi.lib : asr16.asm.obj (.text)
                  0000286c    0000002c                     : div16s.asm.obj (.text)
                  00002898    0000002c                     : lsl16.asm.obj (.text)
                  000028c4    0000002a     main.obj (.text:LCD_write_com)
                  000028ee    0000002a     main.obj (.text:LCD_write_data)
                  00002918    0000001c     main.obj (.text:LCD_Port_Init)
                  00002934    0000001c     rts430_eabi.lib : boot.c.obj (.text:_c_int00_noargs)
                  00002950    00000016                     : div16u.asm.obj (.text)
                  00002966    00000014     main.obj (.text:LCD_clear)
                  0000297a    00000014     main.obj (.text:Port_init)
                  0000298e    00000014     rts430_eabi.lib : copy_zero_init.c.obj (.text:decompress:ZI:__TI_zero_init_nomemset:__TI_zero_init_nomemset)
                  000029a2    00000014                     : mult16_hw.asm.obj (.text)
                  000029b6    00000012                     : copy_decompress_none.c.obj (.text:decompress:none:__TI_decompress_none)
                  000029c8    00000012                     : memcpy.c.obj (.text:memcpy)
                  000029da    00000010                     : epilog.asm.obj (.text)
                  000029ea    00000008                     : isr_trap.asm.obj (.text:_isr:__TI_ISR_TRAP)
                  000029f2    00000006                     : fltud.c.obj (.text:__mspabi_fltud)
                  000029f8    00000006                     : exit.c.obj (.text:abort)
                  000029fe    00000004                     : pre_init.c.obj (.text:_system_pre_init)
                  00002a02    00000002                     : startup.c.obj (.text:_system_post_cinit)

.const     0    00002a04    000000b6     
                  00002a04    000000b6     main.obj (.const:.string)

.cinit     0    00002aba    00000024     
                  00002aba    00000012     (.cinit..data.load) [load image]
                  00002acc    00000006     (__TI_handler_table)
                  00002ad2    00000004     (.cinit..bss.load) [load image, compression = zero_init]
                  00002ad6    00000008     (__TI_cinit_table)

.binit     0    00001100    00000000     

.init_array 
*          0    00001100    00000000     UNINITIALIZED

DACDMA     0    0000ffe0    00000002     
                  0000ffe0    00000002     rts430_eabi.lib : int00.asm.obj (.int00)

PORT2      0    0000ffe2    00000002     
                  0000ffe2    00000002     rts430_eabi.lib : int01.asm.obj (.int01)

USART1TX   0    0000ffe4    00000002     
                  0000ffe4    00000002     rts430_eabi.lib : int02.asm.obj (.int02)

USART1RX   0    0000ffe6    00000002     
                  0000ffe6    00000002     rts430_eabi.lib : int03.asm.obj (.int03)

PORT1      0    0000ffe8    00000002     
                  0000ffe8    00000002     rts430_eabi.lib : int04.asm.obj (.int04)

TIMERA1    0    0000ffea    00000002     
                  0000ffea    00000002     rts430_eabi.lib : int05.asm.obj (.int05)

TIMERA0    0    0000ffec    00000002     
                  0000ffec    00000002     rts430_eabi.lib : int06.asm.obj (.int06)

ADC12      0    0000ffee    00000002     
                  0000ffee    00000002     main.obj (.int07)

USART0TX   0    0000fff0    00000002     
                  0000fff0    00000002     rts430_eabi.lib : int08.asm.obj (.int08)

USART0RX   0    0000fff2    00000002     
                  0000fff2    00000002     rts430_eabi.lib : int09.asm.obj (.int09)

WDT        0    0000fff4    00000002     
                  0000fff4    00000002     rts430_eabi.lib : int10.asm.obj (.int10)

COMPARATORA 
*          0    0000fff6    00000002     
                  0000fff6    00000002     rts430_eabi.lib : int11.asm.obj (.int11)

TIMERB1    0    0000fff8    00000002     
                  0000fff8    00000002     rts430_eabi.lib : int12.asm.obj (.int12)

TIMERB0    0    0000fffa    00000002     
                  0000fffa    00000002     rts430_eabi.lib : int13.asm.obj (.int13)

NMI        0    0000fffc    00000002     
                  0000fffc    00000002     rts430_eabi.lib : int14.asm.obj (.int14)

.reset     0    0000fffe    00000002     
                  0000fffe    00000002     rts430_eabi.lib : boot.c.obj (.reset)

MODULE SUMMARY

       Module                       code   ro data   rw data
       ------                       ----   -------   -------
    .\
       main.obj                     1658   184       58     
    +--+----------------------------+------+---------+---------+
       Total:                       1658   184       58     
                                                            
    D:\Learn\CCS\ccsv8\tools\compiler\ti-cgt-msp430_18.1.3.LTS\lib\rts430_eabi.lib
       frcdivd.c.obj                1144   0         0      
       frcmpyd.c.obj                646    0         0      
       mpyd.c.obj                   622    0         0      
       divd.c.obj                   568    0         0      
       fs_add.asm.obj               306    0         0      
       fs_mpy.asm.obj               196    0         0      
       cvtdf.c.obj                  140    0         0      
       fltuld.c.obj                 138    0         0      
       copy_decompress_lzss.c.obj   124    0         0      
       fs_toi.asm.obj               104    0         0      
       lsr32.asm.obj                92     0         0      
       lsr16.asm.obj                76     0         0      
       autoinit.c.obj               66     0         0      
       asr32.asm.obj                62     0         0      
       lsl32.asm.obj                62     0         0      
       fs_itof.asm.obj              54     0         0      
       mult32_hw.asm.obj            46     0         0      
       asr16.asm.obj                44     0         0      
       div16s.asm.obj               44     0         0      
       lsl16.asm.obj                44     0         0      
       boot.c.obj                   28     2         0      
       div16u.asm.obj               22     0         0      
       copy_zero_init.c.obj         20     0         0      
       mult16_hw.asm.obj            20     0         0      
       copy_decompress_none.c.obj   18     0         0      
       memcpy.c.obj                 18     0         0      
       epilog.asm.obj               16     0         0      
       isr_trap.asm.obj             8      0         0      
       exit.c.obj                   6      0         0      
       fltud.c.obj                  6      0         0      
       pre_init.c.obj               4      0         0      
       int00.asm.obj                0      2         0      
       int01.asm.obj                0      2         0      
       int02.asm.obj                0      2         0      
       int03.asm.obj                0      2         0      
       int04.asm.obj                0      2         0      
       int05.asm.obj                0      2         0      
       int06.asm.obj                0      2         0      
       int08.asm.obj                0      2         0      
       int09.asm.obj                0      2         0      
       int10.asm.obj                0      2         0      
       int11.asm.obj                0      2         0      
       int12.asm.obj                0      2         0      
       int13.asm.obj                0      2         0      
       int14.asm.obj                0      2         0      
       startup.c.obj                2      0         0      
    +--+----------------------------+------+---------+---------+
       Total:                       4746   30        0      
                                                            
       Stack:                       0      0         80     
       Linker Generated:            0      36        0      
    +--+----------------------------+------+---------+---------+
       Grand Total:                 6404   250       138    


LINKER GENERATED COPY TABLES

__TI_cinit_table @ 00002ad6 records: 2, size/record: 4, table size: 8
	.data: load addr=00002aba, load size=00000012 bytes, run addr=0000022c, run size=0000000e bytes, compression=copy
	.bss: load addr=00002ad2, load size=00000004 bytes, run addr=00000200, run size=0000002c bytes, compression=zero_init


LINKER GENERATED HANDLER TABLE

__TI_handler_table @ 00002acc records: 3, size/record: 2, table size: 6
	index: 0, handler: __TI_zero_init
	index: 1, handler: __TI_decompress_lzss
	index: 2, handler: __TI_decompress_none


GLOBAL SYMBOLS: SORTED ALPHABETICALLY BY Name 

address   name                          
-------   ----                          
000001a0  ADC12CTL0                     
000001a2  ADC12CTL1                     
000001a6  ADC12IE                       
000001a4  ADC12IFG                      
00002814  ADC12ISR                      
000001a8  ADC12IV                       
00000080  ADC12MCTL0                    
00000081  ADC12MCTL1                    
0000008a  ADC12MCTL10                   
0000008b  ADC12MCTL11                   
0000008c  ADC12MCTL12                   
0000008d  ADC12MCTL13                   
0000008e  ADC12MCTL14                   
0000008f  ADC12MCTL15                   
00000082  ADC12MCTL2                    
00000083  ADC12MCTL3                    
00000084  ADC12MCTL4                    
00000085  ADC12MCTL5                    
00000086  ADC12MCTL6                    
00000087  ADC12MCTL7                    
00000088  ADC12MCTL8                    
00000089  ADC12MCTL9                    
00000140  ADC12MEM0                     
00000142  ADC12MEM1                     
00000154  ADC12MEM10                    
00000156  ADC12MEM11                    
00000158  ADC12MEM12                    
0000015a  ADC12MEM13                    
0000015c  ADC12MEM14                    
0000015e  ADC12MEM15                    
00000144  ADC12MEM2                     
00000146  ADC12MEM3                     
00000148  ADC12MEM4                     
0000014a  ADC12MEM5                     
0000014c  ADC12MEM6                     
0000014e  ADC12MEM7                     
00000150  ADC12MEM8                     
00000152  ADC12MEM9                     
00000057  BCSCTL1                       
00000058  BCSCTL2                       
000029f8  C$$EXIT                       
00000059  CACTL1                        
0000005a  CACTL2                        
0000005b  CAPD                          
0000278a  Clock_Init                    
000001c0  DAC12_0CTL                    
000001c8  DAC12_0DAT                    
000001c2  DAC12_1CTL                    
000001ca  DAC12_1DAT                    
00000056  DCOCTL                        
000001e0  DMA0CTL                       
000001e4  DMA0DA                        
000001e2  DMA0SA                        
000001e6  DMA0SZ                        
000001e8  DMA1CTL                       
000001ec  DMA1DA                        
000001ea  DMA1SA                        
000001ee  DMA1SZ                        
000001f0  DMA2CTL                       
000001f4  DMA2DA                        
000001f2  DMA2SA                        
000001f6  DMA2SZ                        
00000122  DMACTL0                       
00000124  DMACTL1                       
000026b2  Display                       
000027b8  DisplayCgrom                  
000026e8  Display_explain               
0000271e  Display_main                  
00000128  FCTL1                         
0000012a  FCTL2                         
0000012c  FCTL3                         
00000072  I2CDCTL                       
00000076  I2CDRB                        
00000076  I2CDRW                        
00000050  I2CIE                         
00000051  I2CIFG                        
0000011c  I2CIV                         
00000052  I2CNDAT                       
00000118  I2COA                         
00000073  I2CPSC                        
0000011a  I2CSA                         
00000074  I2CSCLH                       
00000075  I2CSCLL                       
00000071  I2CTCTL                       
00000000  IE1                           
00000001  IE2                           
00000002  IFG1                          
00000003  IFG2                          
0000225e  Key_Scan                      
00002918  LCD_Port_Init                 
0000255c  LCD_Screan_Init               
00002966  LCD_clear                     
000028c4  LCD_write_com                 
000028ee  LCD_write_data                
00000134  MAC                           
00000136  MACS                          
00000004  ME1                           
00000005  ME2                           
00000130  MPY                           
00000132  MPYS                          
00000138  OP2                           
00000022  P1DIR                         
00000025  P1IE                          
00000024  P1IES                         
00000023  P1IFG                         
00000020  P1IN                          
00000021  P1OUT                         
00000026  P1SEL                         
0000002a  P2DIR                         
0000002d  P2IE                          
0000002c  P2IES                         
0000002b  P2IFG                         
00000028  P2IN                          
00000029  P2OUT                         
0000002e  P2SEL                         
0000001a  P3DIR                         
00000018  P3IN                          
00000019  P3OUT                         
0000001b  P3SEL                         
0000001e  P4DIR                         
0000001c  P4IN                          
0000001d  P4OUT                         
0000001f  P4SEL                         
00000032  P5DIR                         
00000030  P5IN                          
00000031  P5OUT                         
00000033  P5SEL                         
00000036  P6DIR                         
00000034  P6IN                          
00000035  P6OUT                         
00000037  P6SEL                         
0000297a  Port_init                     
0000013c  RESHI                         
0000013a  RESLO                         
0000013e  SUMEXT                        
00000055  SVSCTL                        
00000172  TACCR0                        
00000174  TACCR1                        
00000176  TACCR2                        
00000162  TACCTL0                       
00000164  TACCTL1                       
00000166  TACCTL2                       
00000160  TACTL                         
0000012e  TAIV                          
00000170  TAR                           
00000192  TBCCR0                        
00000194  TBCCR1                        
00000196  TBCCR2                        
00000198  TBCCR3                        
0000019a  TBCCR4                        
0000019c  TBCCR5                        
0000019e  TBCCR6                        
00000182  TBCCTL0                       
00000184  TBCCTL1                       
00000186  TBCCTL2                       
00000188  TBCCTL3                       
0000018a  TBCCTL4                       
0000018c  TBCCTL5                       
0000018e  TBCCTL6                       
00000180  TBCTL                         
0000011e  TBIV                          
00000190  TBR                           
00000074  U0BR0                         
00000075  U0BR1                         
00000070  U0CTL                         
00000073  U0MCTL                        
00000072  U0RCTL                        
00000076  U0RXBUF                       
00000071  U0TCTL                        
00000077  U0TXBUF                       
0000007c  U1BR0                         
0000007d  U1BR1                         
00000078  U1CTL                         
0000007b  U1MCTL                        
0000007a  U1RCTL                        
0000007e  U1RXBUF                       
00000079  U1TCTL                        
0000007f  U1TXBUF                       
00000120  WDTCTL                        
00000a00  __STACK_END                   
00000050  __STACK_SIZE                  
00002ad6  __TI_CINIT_Base               
00002ade  __TI_CINIT_Limit              
00002acc  __TI_Handler_Table_Base       
00002ad2  __TI_Handler_Table_Limit      
000029ea  __TI_ISR_TRAP                 
000025f4  __TI_auto_init_nobinit_nopinit
0000241c  __TI_decompress_lzss          
000029b6  __TI_decompress_none          
00001100  __TI_frcdivd                  
00001882  __TI_frcmpyd                  
0000ffe0  __TI_int00                    
0000ffe2  __TI_int01                    
0000ffe4  __TI_int02                    
0000ffe6  __TI_int03                    
0000ffe8  __TI_int04                    
0000ffea  __TI_int05                    
0000ffec  __TI_int06                    
0000ffee  __TI_int07                    
0000fff0  __TI_int08                    
0000fff2  __TI_int09                    
0000fff4  __TI_int10                    
0000fff6  __TI_int11                    
0000fff8  __TI_int12                    
0000fffa  __TI_int13                    
0000fffc  __TI_int14                    
ffffffff  __TI_pprof_out_hndl           
ffffffff  __TI_prof_data_size           
ffffffff  __TI_prof_data_start          
0000298e  __TI_zero_init_nomemset       
ffffffff  __c_args__                    
00001fb4  __mspabi_addf                 
00002306  __mspabi_cvtdf                
00001d76  __mspabi_divd                 
0000286c  __mspabi_divi                 
00002950  __mspabi_divu                 
00002498  __mspabi_fixfi                
00002754  __mspabi_fltif                
000029f2  __mspabi_fltud                
00002392  __mspabi_fltuld               
000029e6  __mspabi_func_epilog_1        
000029e4  __mspabi_func_epilog_2        
000029e2  __mspabi_func_epilog_3        
000029e0  __mspabi_func_epilog_4        
000029de  __mspabi_func_epilog_5        
000029dc  __mspabi_func_epilog_6        
000029da  __mspabi_func_epilog_7        
00001b08  __mspabi_mpyd                 
000020e0  __mspabi_mpyf                 
000029a2  __mspabi_mpyi_hw              
000027e6  __mspabi_mpyl_hw              
0000286c  __mspabi_remi                 
00002950  __mspabi_remu                 
00002898  __mspabi_slli                 
000028c0  __mspabi_slli_1               
000028ae  __mspabi_slli_10              
000028ac  __mspabi_slli_11              
000028aa  __mspabi_slli_12              
000028a8  __mspabi_slli_13              
000028a6  __mspabi_slli_14              
000028a4  __mspabi_slli_15              
000028be  __mspabi_slli_2               
000028bc  __mspabi_slli_3               
000028ba  __mspabi_slli_4               
000028b8  __mspabi_slli_5               
000028b6  __mspabi_slli_6               
000028b4  __mspabi_slli_7               
000028b2  __mspabi_slli_8               
000028b0  __mspabi_slli_9               
000026ac  __mspabi_slll_1               
00002688  __mspabi_slll_10              
00002684  __mspabi_slll_11              
00002680  __mspabi_slll_12              
0000267c  __mspabi_slll_13              
00002678  __mspabi_slll_14              
00002674  __mspabi_slll_15              
000026a8  __mspabi_slll_2               
000026a4  __mspabi_slll_3               
000026a0  __mspabi_slll_4               
0000269c  __mspabi_slll_5               
00002698  __mspabi_slll_6               
00002694  __mspabi_slll_7               
00002690  __mspabi_slll_8               
0000268c  __mspabi_slll_9               
00002840  __mspabi_srai                 
00002868  __mspabi_srai_1               
00002856  __mspabi_srai_10              
00002854  __mspabi_srai_11              
00002852  __mspabi_srai_12              
00002850  __mspabi_srai_13              
0000284e  __mspabi_srai_14              
0000284c  __mspabi_srai_15              
00002866  __mspabi_srai_2               
00002864  __mspabi_srai_3               
00002862  __mspabi_srai_4               
00002860  __mspabi_srai_5               
0000285e  __mspabi_srai_6               
0000285c  __mspabi_srai_7               
0000285a  __mspabi_srai_8               
00002858  __mspabi_srai_9               
0000266e  __mspabi_sral_1               
0000264a  __mspabi_sral_10              
00002646  __mspabi_sral_11              
00002642  __mspabi_sral_12              
0000263e  __mspabi_sral_13              
0000263a  __mspabi_sral_14              
00002636  __mspabi_sral_15              
0000266a  __mspabi_sral_2               
00002666  __mspabi_sral_3               
00002662  __mspabi_sral_4               
0000265e  __mspabi_sral_5               
0000265a  __mspabi_sral_6               
00002656  __mspabi_sral_7               
00002652  __mspabi_sral_8               
0000264e  __mspabi_sral_9               
000025a8  __mspabi_srli                 
000025ee  __mspabi_srli_1               
000025ca  __mspabi_srli_10              
000025c6  __mspabi_srli_11              
000025c2  __mspabi_srli_12              
000025be  __mspabi_srli_13              
000025ba  __mspabi_srli_14              
000025b6  __mspabi_srli_15              
000025ea  __mspabi_srli_2               
000025e6  __mspabi_srli_3               
000025e2  __mspabi_srli_4               
000025de  __mspabi_srli_5               
000025da  __mspabi_srli_6               
000025d6  __mspabi_srli_7               
000025d2  __mspabi_srli_8               
000025ce  __mspabi_srli_9               
00002554  __mspabi_srll_1               
0000251e  __mspabi_srll_10              
00002518  __mspabi_srll_11              
00002512  __mspabi_srll_12              
0000250c  __mspabi_srll_13              
00002506  __mspabi_srll_14              
00002500  __mspabi_srll_15              
0000254e  __mspabi_srll_2               
00002548  __mspabi_srll_3               
00002542  __mspabi_srll_4               
0000253c  __mspabi_srll_5               
00002536  __mspabi_srll_6               
00002530  __mspabi_srll_7               
0000252a  __mspabi_srll_8               
00002524  __mspabi_srll_9               
00001fae  __mspabi_subf                 
00002934  _c_int00_noargs               
0000fffe  _reset_vector                 
000009b0  _stack                        
00002a02  _system_post_cinit            
000029fe  _system_pre_init              
000029f8  abort                         
0000022c  bank                          
00000236  key                           
00001578  main                          
000029c8  memcpy                        
00000228  temp1                         
0000022a  temp2                         
00000220  temp3                         
00000224  temp4                         


GLOBAL SYMBOLS: SORTED BY Symbol Address 

address   name                          
-------   ----                          
00000000  IE1                           
00000001  IE2                           
00000002  IFG1                          
00000003  IFG2                          
00000004  ME1                           
00000005  ME2                           
00000018  P3IN                          
00000019  P3OUT                         
0000001a  P3DIR                         
0000001b  P3SEL                         
0000001c  P4IN                          
0000001d  P4OUT                         
0000001e  P4DIR                         
0000001f  P4SEL                         
00000020  P1IN                          
00000021  P1OUT                         
00000022  P1DIR                         
00000023  P1IFG                         
00000024  P1IES                         
00000025  P1IE                          
00000026  P1SEL                         
00000028  P2IN                          
00000029  P2OUT                         
0000002a  P2DIR                         
0000002b  P2IFG                         
0000002c  P2IES                         
0000002d  P2IE                          
0000002e  P2SEL                         
00000030  P5IN                          
00000031  P5OUT                         
00000032  P5DIR                         
00000033  P5SEL                         
00000034  P6IN                          
00000035  P6OUT                         
00000036  P6DIR                         
00000037  P6SEL                         
00000050  I2CIE                         
00000050  __STACK_SIZE                  
00000051  I2CIFG                        
00000052  I2CNDAT                       
00000055  SVSCTL                        
00000056  DCOCTL                        
00000057  BCSCTL1                       
00000058  BCSCTL2                       
00000059  CACTL1                        
0000005a  CACTL2                        
0000005b  CAPD                          
00000070  U0CTL                         
00000071  I2CTCTL                       
00000071  U0TCTL                        
00000072  I2CDCTL                       
00000072  U0RCTL                        
00000073  I2CPSC                        
00000073  U0MCTL                        
00000074  I2CSCLH                       
00000074  U0BR0                         
00000075  I2CSCLL                       
00000075  U0BR1                         
00000076  I2CDRB                        
00000076  I2CDRW                        
00000076  U0RXBUF                       
00000077  U0TXBUF                       
00000078  U1CTL                         
00000079  U1TCTL                        
0000007a  U1RCTL                        
0000007b  U1MCTL                        
0000007c  U1BR0                         
0000007d  U1BR1                         
0000007e  U1RXBUF                       
0000007f  U1TXBUF                       
00000080  ADC12MCTL0                    
00000081  ADC12MCTL1                    
00000082  ADC12MCTL2                    
00000083  ADC12MCTL3                    
00000084  ADC12MCTL4                    
00000085  ADC12MCTL5                    
00000086  ADC12MCTL6                    
00000087  ADC12MCTL7                    
00000088  ADC12MCTL8                    
00000089  ADC12MCTL9                    
0000008a  ADC12MCTL10                   
0000008b  ADC12MCTL11                   
0000008c  ADC12MCTL12                   
0000008d  ADC12MCTL13                   
0000008e  ADC12MCTL14                   
0000008f  ADC12MCTL15                   
00000118  I2COA                         
0000011a  I2CSA                         
0000011c  I2CIV                         
0000011e  TBIV                          
00000120  WDTCTL                        
00000122  DMACTL0                       
00000124  DMACTL1                       
00000128  FCTL1                         
0000012a  FCTL2                         
0000012c  FCTL3                         
0000012e  TAIV                          
00000130  MPY                           
00000132  MPYS                          
00000134  MAC                           
00000136  MACS                          
00000138  OP2                           
0000013a  RESLO                         
0000013c  RESHI                         
0000013e  SUMEXT                        
00000140  ADC12MEM0                     
00000142  ADC12MEM1                     
00000144  ADC12MEM2                     
00000146  ADC12MEM3                     
00000148  ADC12MEM4                     
0000014a  ADC12MEM5                     
0000014c  ADC12MEM6                     
0000014e  ADC12MEM7                     
00000150  ADC12MEM8                     
00000152  ADC12MEM9                     
00000154  ADC12MEM10                    
00000156  ADC12MEM11                    
00000158  ADC12MEM12                    
0000015a  ADC12MEM13                    
0000015c  ADC12MEM14                    
0000015e  ADC12MEM15                    
00000160  TACTL                         
00000162  TACCTL0                       
00000164  TACCTL1                       
00000166  TACCTL2                       
00000170  TAR                           
00000172  TACCR0                        
00000174  TACCR1                        
00000176  TACCR2                        
00000180  TBCTL                         
00000182  TBCCTL0                       
00000184  TBCCTL1                       
00000186  TBCCTL2                       
00000188  TBCCTL3                       
0000018a  TBCCTL4                       
0000018c  TBCCTL5                       
0000018e  TBCCTL6                       
00000190  TBR                           
00000192  TBCCR0                        
00000194  TBCCR1                        
00000196  TBCCR2                        
00000198  TBCCR3                        
0000019a  TBCCR4                        
0000019c  TBCCR5                        
0000019e  TBCCR6                        
000001a0  ADC12CTL0                     
000001a2  ADC12CTL1                     
000001a4  ADC12IFG                      
000001a6  ADC12IE                       
000001a8  ADC12IV                       
000001c0  DAC12_0CTL                    
000001c2  DAC12_1CTL                    
000001c8  DAC12_0DAT                    
000001ca  DAC12_1DAT                    
000001e0  DMA0CTL                       
000001e2  DMA0SA                        
000001e4  DMA0DA                        
000001e6  DMA0SZ                        
000001e8  DMA1CTL                       
000001ea  DMA1SA                        
000001ec  DMA1DA                        
000001ee  DMA1SZ                        
000001f0  DMA2CTL                       
000001f2  DMA2SA                        
000001f4  DMA2DA                        
000001f6  DMA2SZ                        
00000220  temp3                         
00000224  temp4                         
00000228  temp1                         
0000022a  temp2                         
0000022c  bank                          
00000236  key                           
000009b0  _stack                        
00000a00  __STACK_END                   
00001100  __TI_frcdivd                  
00001578  main                          
00001882  __TI_frcmpyd                  
00001b08  __mspabi_mpyd                 
00001d76  __mspabi_divd                 
00001fae  __mspabi_subf                 
00001fb4  __mspabi_addf                 
000020e0  __mspabi_mpyf                 
0000225e  Key_Scan                      
00002306  __mspabi_cvtdf                
00002392  __mspabi_fltuld               
0000241c  __TI_decompress_lzss          
00002498  __mspabi_fixfi                
00002500  __mspabi_srll_15              
00002506  __mspabi_srll_14              
0000250c  __mspabi_srll_13              
00002512  __mspabi_srll_12              
00002518  __mspabi_srll_11              
0000251e  __mspabi_srll_10              
00002524  __mspabi_srll_9               
0000252a  __mspabi_srll_8               
00002530  __mspabi_srll_7               
00002536  __mspabi_srll_6               
0000253c  __mspabi_srll_5               
00002542  __mspabi_srll_4               
00002548  __mspabi_srll_3               
0000254e  __mspabi_srll_2               
00002554  __mspabi_srll_1               
0000255c  LCD_Screan_Init               
000025a8  __mspabi_srli                 
000025b6  __mspabi_srli_15              
000025ba  __mspabi_srli_14              
000025be  __mspabi_srli_13              
000025c2  __mspabi_srli_12              
000025c6  __mspabi_srli_11              
000025ca  __mspabi_srli_10              
000025ce  __mspabi_srli_9               
000025d2  __mspabi_srli_8               
000025d6  __mspabi_srli_7               
000025da  __mspabi_srli_6               
000025de  __mspabi_srli_5               
000025e2  __mspabi_srli_4               
000025e6  __mspabi_srli_3               
000025ea  __mspabi_srli_2               
000025ee  __mspabi_srli_1               
000025f4  __TI_auto_init_nobinit_nopinit
00002636  __mspabi_sral_15              
0000263a  __mspabi_sral_14              
0000263e  __mspabi_sral_13              
00002642  __mspabi_sral_12              
00002646  __mspabi_sral_11              
0000264a  __mspabi_sral_10              
0000264e  __mspabi_sral_9               
00002652  __mspabi_sral_8               
00002656  __mspabi_sral_7               
0000265a  __mspabi_sral_6               
0000265e  __mspabi_sral_5               
00002662  __mspabi_sral_4               
00002666  __mspabi_sral_3               
0000266a  __mspabi_sral_2               
0000266e  __mspabi_sral_1               
00002674  __mspabi_slll_15              
00002678  __mspabi_slll_14              
0000267c  __mspabi_slll_13              
00002680  __mspabi_slll_12              
00002684  __mspabi_slll_11              
00002688  __mspabi_slll_10              
0000268c  __mspabi_slll_9               
00002690  __mspabi_slll_8               
00002694  __mspabi_slll_7               
00002698  __mspabi_slll_6               
0000269c  __mspabi_slll_5               
000026a0  __mspabi_slll_4               
000026a4  __mspabi_slll_3               
000026a8  __mspabi_slll_2               
000026ac  __mspabi_slll_1               
000026b2  Display                       
000026e8  Display_explain               
0000271e  Display_main                  
00002754  __mspabi_fltif                
0000278a  Clock_Init                    
000027b8  DisplayCgrom                  
000027e6  __mspabi_mpyl_hw              
00002814  ADC12ISR                      
00002840  __mspabi_srai                 
0000284c  __mspabi_srai_15              
0000284e  __mspabi_srai_14              
00002850  __mspabi_srai_13              
00002852  __mspabi_srai_12              
00002854  __mspabi_srai_11              
00002856  __mspabi_srai_10              
00002858  __mspabi_srai_9               
0000285a  __mspabi_srai_8               
0000285c  __mspabi_srai_7               
0000285e  __mspabi_srai_6               
00002860  __mspabi_srai_5               
00002862  __mspabi_srai_4               
00002864  __mspabi_srai_3               
00002866  __mspabi_srai_2               
00002868  __mspabi_srai_1               
0000286c  __mspabi_divi                 
0000286c  __mspabi_remi                 
00002898  __mspabi_slli                 
000028a4  __mspabi_slli_15              
000028a6  __mspabi_slli_14              
000028a8  __mspabi_slli_13              
000028aa  __mspabi_slli_12              
000028ac  __mspabi_slli_11              
000028ae  __mspabi_slli_10              
000028b0  __mspabi_slli_9               
000028b2  __mspabi_slli_8               
000028b4  __mspabi_slli_7               
000028b6  __mspabi_slli_6               
000028b8  __mspabi_slli_5               
000028ba  __mspabi_slli_4               
000028bc  __mspabi_slli_3               
000028be  __mspabi_slli_2               
000028c0  __mspabi_slli_1               
000028c4  LCD_write_com                 
000028ee  LCD_write_data                
00002918  LCD_Port_Init                 
00002934  _c_int00_noargs               
00002950  __mspabi_divu                 
00002950  __mspabi_remu                 
00002966  LCD_clear                     
0000297a  Port_init                     
0000298e  __TI_zero_init_nomemset       
000029a2  __mspabi_mpyi_hw              
000029b6  __TI_decompress_none          
000029c8  memcpy                        
000029da  __mspabi_func_epilog_7        
000029dc  __mspabi_func_epilog_6        
000029de  __mspabi_func_epilog_5        
000029e0  __mspabi_func_epilog_4        
000029e2  __mspabi_func_epilog_3        
000029e4  __mspabi_func_epilog_2        
000029e6  __mspabi_func_epilog_1        
000029ea  __TI_ISR_TRAP                 
000029f2  __mspabi_fltud                
000029f8  C$$EXIT                       
000029f8  abort                         
000029fe  _system_pre_init              
00002a02  _system_post_cinit            
00002acc  __TI_Handler_Table_Base       
00002ad2  __TI_Handler_Table_Limit      
00002ad6  __TI_CINIT_Base               
00002ade  __TI_CINIT_Limit              
0000ffe0  __TI_int00                    
0000ffe2  __TI_int01                    
0000ffe4  __TI_int02                    
0000ffe6  __TI_int03                    
0000ffe8  __TI_int04                    
0000ffea  __TI_int05                    
0000ffec  __TI_int06                    
0000ffee  __TI_int07                    
0000fff0  __TI_int08                    
0000fff2  __TI_int09                    
0000fff4  __TI_int10                    
0000fff6  __TI_int11                    
0000fff8  __TI_int12                    
0000fffa  __TI_int13                    
0000fffc  __TI_int14                    
0000fffe  _reset_vector                 
ffffffff  __TI_pprof_out_hndl           
ffffffff  __TI_prof_data_size           
ffffffff  __TI_prof_data_start          
ffffffff  __c_args__                    

[341 symbols]
