******************************************************************************
                  MSP430 Linker PC v18.1.4                     
******************************************************************************
>> Linked Sat Dec 29 09:48:04 2018

OUTPUT FILE NAME:   <TheLastOne.out>
ENTRY POINT SYMBOL: "_c_int00_noargs"  address: 000032dc


MEMORY CONFIGURATION

         name            origin    length      used     unused   attr    fill
----------------------  --------  ---------  --------  --------  ----  --------
  SFR                   00000000   00000010  00000000  00000010  RWIX
  PERIPHERALS_8BIT      00000010   000000f0  00000000  000000f0  RWIX
  PERIPHERALS_16BIT     00000100   00000100  00000000  00000100  RWIX
  RAM                   00000200   00000800  00000062  0000079e  RWIX
  INFOB                 00001000   00000080  00000000  00000080  RWIX
  INFOA                 00001080   00000080  00000000  00000080  RWIX
  FLASH                 00001100   0000eee0  00002ec6  0000c01a  RWIX
  INT00                 0000ffe0   00000002  00000002  00000000  RWIX
  INT01                 0000ffe2   00000002  00000002  00000000  RWIX
  INT02                 0000ffe4   00000002  00000002  00000000  RWIX
  INT03                 0000ffe6   00000002  00000002  00000000  RWIX
  INT04                 0000ffe8   00000002  00000002  00000000  RWIX
  INT05                 0000ffea   00000002  00000002  00000000  RWIX
  INT06                 0000ffec   00000002  00000002  00000000  RWIX
  INT07                 0000ffee   00000002  00000002  00000000  RWIX
  INT08                 0000fff0   00000002  00000002  00000000  RWIX
  INT09                 0000fff2   00000002  00000002  00000000  RWIX
  INT10                 0000fff4   00000002  00000002  00000000  RWIX
  INT11                 0000fff6   00000002  00000002  00000000  RWIX
  INT12                 0000fff8   00000002  00000002  00000000  RWIX
  INT13                 0000fffa   00000002  00000002  00000000  RWIX
  INT14                 0000fffc   00000002  00000002  00000000  RWIX
  RESET                 0000fffe   00000002  00000002  00000000  RWIX


SECTION ALLOCATION MAP

 output                                  attributes/
section   page    origin      length       input sections
--------  ----  ----------  ----------   ----------------
.bss       0    00000200    0000000a     UNINITIALIZED
                  00000200    00000004     (.common:coordinate)
                  00000204    00000002     (.common:Device_code)
                  00000206    00000002     (.common:lx)
                  00000208    00000002     (.common:ly)

.data      0    0000020a    00000008     UNINITIALIZED
                  0000020a    00000008     main.obj (.data)

.stack     0    000009b0    00000050     UNINITIALIZED
                  000009b0    00000002     rts430_eabi.lib : boot.c.obj (.stack)
                  000009b2    0000004e     --HOLE--

.text      0    00001100    000022e2     
                  00001100    000006c0     TFT.obj (.text:TFT_Initial)
                  000017c0    00000478     rts430_eabi.lib : frcdivd.c.obj (.text:__TI_frcdivd)
                  00001c38    0000028c     main.obj (.text:main)
                  00001ec4    00000286     rts430_eabi.lib : frcmpyd.c.obj (.text:__TI_frcmpyd)
                  0000214a    0000026e                     : mpyd.c.obj (.text:__mspabi_mpyd)
                  000023b8    00000238                     : divd.c.obj (.text:__mspabi_divd)
                  000025f0    000000e4     Touch.obj (.text:Getpix)
                  000026d4    000000be     GUI.obj (.text:GUIline)
                  00002792    000000b8     Touch.obj (.text:Key)
                  0000284a    0000009c     TFT.obj (.text:Put16x16)
                  000028e6    0000009c     TFT.obj (.text:PutGB2424)
                  00002982    0000008a     rts430_eabi.lib : fltuld.c.obj (.text:__mspabi_fltuld)
                  00002a0c    0000007c     GUI.obj (.text:GUIsquare2pix)
                  00002a88    0000007c     rts430_eabi.lib : copy_decompress_lzss.c.obj (.text:decompress:lzss:__TI_decompress_lzss)
                  00002b04    00000074                     : fixdul.c.obj (.text:__mspabi_fixdul)
                  00002b78    0000006e     TFT.obj (.text:LCD_PutString24)
                  00002be6    0000006c     TFT.obj (.text:LCD_PutChar)
                  00002c52    0000006c     TFT.obj (.text:LCD_PutString)
                  00002cbe    0000005c     I2C.obj (.text:i2c_read)
                  00002d1a    0000005c     rts430_eabi.lib : lsr32.asm.obj (.text:l_lsr_const)
                  00002d76    00000058     GUI.obj (.text:GUIsquare1pix)
                  00002dce    00000058     TFT.obj (.text:LCD_SetPos)
                  00002e26    00000054     Touch.obj (.text:pix_filter)
                  00002e7a    0000004e     Touch.obj (.text:AD7843)
                  00002ec8    0000004c     rts430_eabi.lib : lsr16.asm.obj (.text)
                  00002f14    00000042                     : autoinit.c.obj (.text:__TI_auto_init_nobinit_nopinit:__TI_auto_init_nobinit_nopinit)
                  00002f56    0000003e     TFT.obj (.text:CLR_Screen)
                  00002f94    0000003e     rts430_eabi.lib : asr32.asm.obj (.text:l_asr_const)
                  00002fd2    0000003e                     : lsl32.asm.obj (.text:l_lsl_const)
                  00003010    0000003c     GUI.obj (.text:GUIfull)
                  0000304c    0000003c     I2C.obj (.text:i2c_write)
                  00003088    0000003a     MPU6050.obj (.text:MPU6050_Init)
                  000030c2    00000032     TFT.obj (.text:Write_Cmd)
                  000030f4    00000030     Touch.obj (.text:Write_7843)
                  00003124    0000002e     Config.obj (.text:Clock_Init)
                  00003152    0000002e     rts430_eabi.lib : mult32_hw.asm.obj (.text)
                  00003180    0000002c     TFT.obj (.text:Write_Data)
                  000031ac    0000002c     rts430_eabi.lib : asr16.asm.obj (.text)
                  000031d8    0000002c                     : lsl16.asm.obj (.text)
                  00003204    0000002a     Touch.obj (.text:Read_7843)
                  0000322e    0000002a     TFT.obj (.text:TFT_PortInit)
                  00003258    00000028     MPU6050.obj (.text:MPU6050_Portinit)
                  00003280    00000020     Touch.obj (.text:start_7843)
                  000032a0    0000001e     TA.obj (.text:Timer_A)
                  000032be    0000001e     TFT.obj (.text:Write_Cmd_Data)
                  000032dc    0000001c     rts430_eabi.lib : boot.c.obj (.text:_c_int00_noargs)
                  000032f8    00000018     GUI.obj (.text:GUIpoint)
                  00003310    00000014     rts430_eabi.lib : copy_zero_init.c.obj (.text:decompress:ZI:__TI_zero_init_nomemset:__TI_zero_init_nomemset)
                  00003324    00000014                     : mult16_hw.asm.obj (.text)
                  00003338    00000012                     : fixdu.c.obj (.text:__mspabi_fixdu)
                  0000334a    00000012                     : copy_decompress_none.c.obj (.text:decompress:none:__TI_decompress_none)
                  0000335c    00000012                     : lsr32.asm.obj (.text:l_lsr)
                  0000336e    00000012                     : memcpy.c.obj (.text:memcpy)
                  00003380    00000010     TA.obj (.text:TIMERA_Init)
                  00003390    00000010     TFT.obj (.text:Write_Data_U16)
                  000033a0    00000010     rts430_eabi.lib : epilog.asm.obj (.text)
                  000033b0    0000000e     TA.obj (.text:TimerA_end)
                  000033be    0000000a     rts430_eabi.lib : abs.c.obj (.text:abs)
                  000033c8    00000008                     : isr_trap.asm.obj (.text:_isr:__TI_ISR_TRAP)
                  000033d0    00000006                     : fltud.c.obj (.text:__mspabi_fltud)
                  000033d6    00000006                     : exit.c.obj (.text:abort)
                  000033dc    00000004                     : pre_init.c.obj (.text:_system_pre_init)
                  000033e0    00000002                     : startup.c.obj (.text:_system_post_cinit)

.const     0    000033e2    00000bca     
                  000033e2    00000600     TFT.obj (.const:.string:Font8x16)
                  000039e2    0000032e     TFT.obj (.const:codeGB_24)
                  00003d10    00000242     TFT.obj (.const:ch16)
                  00003f52    0000005a     main.obj (.const:.string)

.cinit     0    00003fac    0000001a     
                  00003fac    00000007     (.cinit..data.load) [load image, compression = lzss]
                  00003fb3    00000001     --HOLE-- [fill = 0]
                  00003fb4    00000006     (__TI_handler_table)
                  00003fba    00000004     (.cinit..bss.load) [load image, compression = zero_init]
                  00003fbe    00000008     (__TI_cinit_table)

.binit     0    00001100    00000000     

.init_array 
*          0    00001100    00000000     UNINITIALIZED

DACDMA     0    0000ffe0    00000002     
                  0000ffe0    00000002     rts430_eabi.lib : int00.asm.obj (.int00)

PORT2      0    0000ffe2    00000002     
                  0000ffe2    00000002     rts430_eabi.lib : int01.asm.obj (.int01)

USART1TX   0    0000ffe4    00000002     
                  0000ffe4    00000002     rts430_eabi.lib : int02.asm.obj (.int02)

USART1RX   0    0000ffe6    00000002     
                  0000ffe6    00000002     rts430_eabi.lib : int03.asm.obj (.int03)

PORT1      0    0000ffe8    00000002     
                  0000ffe8    00000002     rts430_eabi.lib : int04.asm.obj (.int04)

TIMERA1    0    0000ffea    00000002     
                  0000ffea    00000002     TA.obj (.int05)

TIMERA0    0    0000ffec    00000002     
                  0000ffec    00000002     rts430_eabi.lib : int06.asm.obj (.int06)

ADC12      0    0000ffee    00000002     
                  0000ffee    00000002     rts430_eabi.lib : int07.asm.obj (.int07)

USART0TX   0    0000fff0    00000002     
                  0000fff0    00000002     rts430_eabi.lib : int08.asm.obj (.int08)

USART0RX   0    0000fff2    00000002     
                  0000fff2    00000002     rts430_eabi.lib : int09.asm.obj (.int09)

WDT        0    0000fff4    00000002     
                  0000fff4    00000002     rts430_eabi.lib : int10.asm.obj (.int10)

COMPARATORA 
*          0    0000fff6    00000002     
                  0000fff6    00000002     rts430_eabi.lib : int11.asm.obj (.int11)

TIMERB1    0    0000fff8    00000002     
                  0000fff8    00000002     rts430_eabi.lib : int12.asm.obj (.int12)

TIMERB0    0    0000fffa    00000002     
                  0000fffa    00000002     rts430_eabi.lib : int13.asm.obj (.int13)

NMI        0    0000fffc    00000002     
                  0000fffc    00000002     rts430_eabi.lib : int14.asm.obj (.int14)

.reset     0    0000fffe    00000002     
                  0000fffe    00000002     rts430_eabi.lib : boot.c.obj (.reset)

MODULE SUMMARY

       Module                       code   ro data   rw data
       ------                       ----   -------   -------
    .\
       TFT.obj                      2698   2928      0      
       main.obj                     652    90        10     
       Touch.obj                    696    0         8      
       GUI.obj                      486    0         0      
       I2C.obj                      152    0         0      
       MPU6050.obj                  98     0         0      
       TA.obj                       60     2         0      
       Config.obj                   46     0         0      
    +--+----------------------------+------+---------+---------+
       Total:                       4888   3020      18     
                                                            
    D:\Learn\CCS\ccsv8\tools\compiler\ti-cgt-msp430_18.1.4.LTS\lib\rts430_eabi.lib
       frcdivd.c.obj                1144   0         0      
       frcmpyd.c.obj                646    0         0      
       mpyd.c.obj                   622    0         0      
       divd.c.obj                   568    0         0      
       fltuld.c.obj                 138    0         0      
       copy_decompress_lzss.c.obj   124    0         0      
       fixdul.c.obj                 116    0         0      
       lsr32.asm.obj                110    0         0      
       lsr16.asm.obj                76     0         0      
       autoinit.c.obj               66     0         0      
       asr32.asm.obj                62     0         0      
       lsl32.asm.obj                62     0         0      
       mult32_hw.asm.obj            46     0         0      
       asr16.asm.obj                44     0         0      
       lsl16.asm.obj                44     0         0      
       boot.c.obj                   28     2         0      
       copy_zero_init.c.obj         20     0         0      
       mult16_hw.asm.obj            20     0         0      
       copy_decompress_none.c.obj   18     0         0      
       fixdu.c.obj                  18     0         0      
       memcpy.c.obj                 18     0         0      
       epilog.asm.obj               16     0         0      
       abs.c.obj                    10     0         0      
       isr_trap.asm.obj             8      0         0      
       exit.c.obj                   6      0         0      
       fltud.c.obj                  6      0         0      
       pre_init.c.obj               4      0         0      
       int00.asm.obj                0      2         0      
       int01.asm.obj                0      2         0      
       int02.asm.obj                0      2         0      
       int03.asm.obj                0      2         0      
       int04.asm.obj                0      2         0      
       int06.asm.obj                0      2         0      
       int07.asm.obj                0      2         0      
       int08.asm.obj                0      2         0      
       int09.asm.obj                0      2         0      
       int10.asm.obj                0      2         0      
       int11.asm.obj                0      2         0      
       int12.asm.obj                0      2         0      
       int13.asm.obj                0      2         0      
       int14.asm.obj                0      2         0      
       startup.c.obj                2      0         0      
    +--+----------------------------+------+---------+---------+
       Total:                       4042   30        0      
                                                            
       Stack:                       0      0         80     
       Linker Generated:            0      25        0      
    +--+----------------------------+------+---------+---------+
       Grand Total:                 8930   3075      98     


LINKER GENERATED COPY TABLES

__TI_cinit_table @ 00003fbe records: 2, size/record: 4, table size: 8
	.data: load addr=00003fac, load size=00000007 bytes, run addr=0000020a, run size=00000008 bytes, compression=lzss
	.bss: load addr=00003fba, load size=00000004 bytes, run addr=00000200, run size=0000000a bytes, compression=zero_init


LINKER GENERATED HANDLER TABLE

__TI_handler_table @ 00003fb4 records: 3, size/record: 2, table size: 6
	index: 0, handler: __TI_zero_init
	index: 1, handler: __TI_decompress_lzss
	index: 2, handler: __TI_decompress_none


GLOBAL SYMBOLS: SORTED ALPHABETICALLY BY Name 

address   name                          
-------   ----                          
00002e7a  AD7843                        
000001a0  ADC12CTL0                     
000001a2  ADC12CTL1                     
000001a6  ADC12IE                       
000001a4  ADC12IFG                      
000001a8  ADC12IV                       
00000080  ADC12MCTL0                    
00000081  ADC12MCTL1                    
0000008a  ADC12MCTL10                   
0000008b  ADC12MCTL11                   
0000008c  ADC12MCTL12                   
0000008d  ADC12MCTL13                   
0000008e  ADC12MCTL14                   
0000008f  ADC12MCTL15                   
00000082  ADC12MCTL2                    
00000083  ADC12MCTL3                    
00000084  ADC12MCTL4                    
00000085  ADC12MCTL5                    
00000086  ADC12MCTL6                    
00000087  ADC12MCTL7                    
00000088  ADC12MCTL8                    
00000089  ADC12MCTL9                    
00000140  ADC12MEM0                     
00000142  ADC12MEM1                     
00000154  ADC12MEM10                    
00000156  ADC12MEM11                    
00000158  ADC12MEM12                    
0000015a  ADC12MEM13                    
0000015c  ADC12MEM14                    
0000015e  ADC12MEM15                    
00000144  ADC12MEM2                     
00000146  ADC12MEM3                     
00000148  ADC12MEM4                     
0000014a  ADC12MEM5                     
0000014c  ADC12MEM6                     
0000014e  ADC12MEM7                     
00000150  ADC12MEM8                     
00000152  ADC12MEM9                     
0000020e  Asecond                       
00000057  BCSCTL1                       
00000058  BCSCTL2                       
000033d6  C$$EXIT                       
00000059  CACTL1                        
0000005a  CACTL2                        
0000005b  CAPD                          
00002f56  CLR_Screen                    
00003124  Clock_Init                    
000001c0  DAC12_0CTL                    
000001c8  DAC12_0DAT                    
000001c2  DAC12_1CTL                    
000001ca  DAC12_1DAT                    
00000056  DCOCTL                        
000001e0  DMA0CTL                       
000001e4  DMA0DA                        
000001e2  DMA0SA                        
000001e6  DMA0SZ                        
000001e8  DMA1CTL                       
000001ec  DMA1DA                        
000001ea  DMA1SA                        
000001ee  DMA1SZ                        
000001f0  DMA2CTL                       
000001f4  DMA2DA                        
000001f2  DMA2SA                        
000001f6  DMA2SZ                        
00000122  DMACTL0                       
00000124  DMACTL1                       
00000204  Device_code                   
00000128  FCTL1                         
0000012a  FCTL2                         
0000012c  FCTL3                         
00003010  GUIfull                       
000026d4  GUIline                       
000032f8  GUIpoint                      
00002d76  GUIsquare1pix                 
00002a0c  GUIsquare2pix                 
000025f0  Getpix                        
00000072  I2CDCTL                       
00000076  I2CDRB                        
00000076  I2CDRW                        
00000050  I2CIE                         
00000051  I2CIFG                        
0000011c  I2CIV                         
00000052  I2CNDAT                       
00000118  I2COA                         
00000073  I2CPSC                        
0000011a  I2CSA                         
00000074  I2CSCLH                       
00000075  I2CSCLL                       
00000071  I2CTCTL                       
00000000  IE1                           
00000001  IE2                           
00000002  IFG1                          
00000003  IFG2                          
00002792  Key                           
00002be6  LCD_PutChar                   
00002c52  LCD_PutString                 
00002b78  LCD_PutString24               
00002dce  LCD_SetPos                    
00000134  MAC                           
00000136  MACS                          
00000004  ME1                           
00000005  ME2                           
00003088  MPU6050_Init                  
00003258  MPU6050_Portinit              
00000130  MPY                           
00000132  MPYS                          
00000138  OP2                           
00000022  P1DIR                         
00000025  P1IE                          
00000024  P1IES                         
00000023  P1IFG                         
00000020  P1IN                          
00000021  P1OUT                         
00000026  P1SEL                         
0000002a  P2DIR                         
0000002d  P2IE                          
0000002c  P2IES                         
0000002b  P2IFG                         
00000028  P2IN                          
00000029  P2OUT                         
0000002e  P2SEL                         
0000001a  P3DIR                         
00000018  P3IN                          
00000019  P3OUT                         
0000001b  P3SEL                         
0000001e  P4DIR                         
0000001c  P4IN                          
0000001d  P4OUT                         
0000001f  P4SEL                         
00000032  P5DIR                         
00000030  P5IN                          
00000031  P5OUT                         
00000033  P5SEL                         
00000036  P6DIR                         
00000034  P6IN                          
00000035  P6OUT                         
00000037  P6SEL                         
0000284a  Put16x16                      
000028e6  PutGB2424                     
0000013c  RESHI                         
0000013a  RESLO                         
00003204  Read_7843                     
0000013e  SUMEXT                        
00000055  SVSCTL                        
00000172  TACCR0                        
00000174  TACCR1                        
00000176  TACCR2                        
00000162  TACCTL0                       
00000164  TACCTL1                       
00000166  TACCTL2                       
00000160  TACTL                         
0000012e  TAIV                          
00000170  TAR                           
00000192  TBCCR0                        
00000194  TBCCR1                        
00000196  TBCCR2                        
00000198  TBCCR3                        
0000019a  TBCCR4                        
0000019c  TBCCR5                        
0000019e  TBCCR6                        
00000182  TBCCTL0                       
00000184  TBCCTL1                       
00000186  TBCCTL2                       
00000188  TBCCTL3                       
0000018a  TBCCTL4                       
0000018c  TBCCTL5                       
0000018e  TBCCTL6                       
00000180  TBCTL                         
0000011e  TBIV                          
00000190  TBR                           
00001100  TFT_Initial                   
0000322e  TFT_PortInit                  
00003380  TIMERA_Init                   
000033b0  TimerA_end                    
000032a0  Timer_A                       
00000074  U0BR0                         
00000075  U0BR1                         
00000070  U0CTL                         
00000073  U0MCTL                        
00000072  U0RCTL                        
00000076  U0RXBUF                       
00000071  U0TCTL                        
00000077  U0TXBUF                       
0000007c  U1BR0                         
0000007d  U1BR1                         
00000078  U1CTL                         
0000007b  U1MCTL                        
0000007a  U1RCTL                        
0000007e  U1RXBUF                       
00000079  U1TCTL                        
0000007f  U1TXBUF                       
00000120  WDTCTL                        
000030f4  Write_7843                    
000030c2  Write_Cmd                     
000032be  Write_Cmd_Data                
00003180  Write_Data                    
00003390  Write_Data_U16                
00000a00  __STACK_END                   
00000050  __STACK_SIZE                  
00003fbe  __TI_CINIT_Base               
00003fc6  __TI_CINIT_Limit              
00003fb4  __TI_Handler_Table_Base       
00003fba  __TI_Handler_Table_Limit      
000033c8  __TI_ISR_TRAP                 
00002f14  __TI_auto_init_nobinit_nopinit
00002a88  __TI_decompress_lzss          
0000334a  __TI_decompress_none          
000017c0  __TI_frcdivd                  
00001ec4  __TI_frcmpyd                  
0000ffe0  __TI_int00                    
0000ffe2  __TI_int01                    
0000ffe4  __TI_int02                    
0000ffe6  __TI_int03                    
0000ffe8  __TI_int04                    
0000ffea  __TI_int05                    
0000ffec  __TI_int06                    
0000ffee  __TI_int07                    
0000fff0  __TI_int08                    
0000fff2  __TI_int09                    
0000fff4  __TI_int10                    
0000fff6  __TI_int11                    
0000fff8  __TI_int12                    
0000fffa  __TI_int13                    
0000fffc  __TI_int14                    
ffffffff  __TI_pprof_out_hndl           
ffffffff  __TI_prof_data_size           
ffffffff  __TI_prof_data_start          
00003310  __TI_zero_init_nomemset       
ffffffff  __c_args__                    
000023b8  __mspabi_divd                 
00003338  __mspabi_fixdu                
00002b04  __mspabi_fixdul               
000033d0  __mspabi_fltud                
00002982  __mspabi_fltuld               
000033ac  __mspabi_func_epilog_1        
000033aa  __mspabi_func_epilog_2        
000033a8  __mspabi_func_epilog_3        
000033a6  __mspabi_func_epilog_4        
000033a4  __mspabi_func_epilog_5        
000033a2  __mspabi_func_epilog_6        
000033a0  __mspabi_func_epilog_7        
0000214a  __mspabi_mpyd                 
00003324  __mspabi_mpyi_hw              
00003152  __mspabi_mpyl_hw              
000031d8  __mspabi_slli                 
00003200  __mspabi_slli_1               
000031ee  __mspabi_slli_10              
000031ec  __mspabi_slli_11              
000031ea  __mspabi_slli_12              
000031e8  __mspabi_slli_13              
000031e6  __mspabi_slli_14              
000031e4  __mspabi_slli_15              
000031fe  __mspabi_slli_2               
000031fc  __mspabi_slli_3               
000031fa  __mspabi_slli_4               
000031f8  __mspabi_slli_5               
000031f6  __mspabi_slli_6               
000031f4  __mspabi_slli_7               
000031f2  __mspabi_slli_8               
000031f0  __mspabi_slli_9               
0000300a  __mspabi_slll_1               
00002fe6  __mspabi_slll_10              
00002fe2  __mspabi_slll_11              
00002fde  __mspabi_slll_12              
00002fda  __mspabi_slll_13              
00002fd6  __mspabi_slll_14              
00002fd2  __mspabi_slll_15              
00003006  __mspabi_slll_2               
00003002  __mspabi_slll_3               
00002ffe  __mspabi_slll_4               
00002ffa  __mspabi_slll_5               
00002ff6  __mspabi_slll_6               
00002ff2  __mspabi_slll_7               
00002fee  __mspabi_slll_8               
00002fea  __mspabi_slll_9               
000031ac  __mspabi_srai                 
000031d4  __mspabi_srai_1               
000031c2  __mspabi_srai_10              
000031c0  __mspabi_srai_11              
000031be  __mspabi_srai_12              
000031bc  __mspabi_srai_13              
000031ba  __mspabi_srai_14              
000031b8  __mspabi_srai_15              
000031d2  __mspabi_srai_2               
000031d0  __mspabi_srai_3               
000031ce  __mspabi_srai_4               
000031cc  __mspabi_srai_5               
000031ca  __mspabi_srai_6               
000031c8  __mspabi_srai_7               
000031c6  __mspabi_srai_8               
000031c4  __mspabi_srai_9               
00002fcc  __mspabi_sral_1               
00002fa8  __mspabi_sral_10              
00002fa4  __mspabi_sral_11              
00002fa0  __mspabi_sral_12              
00002f9c  __mspabi_sral_13              
00002f98  __mspabi_sral_14              
00002f94  __mspabi_sral_15              
00002fc8  __mspabi_sral_2               
00002fc4  __mspabi_sral_3               
00002fc0  __mspabi_sral_4               
00002fbc  __mspabi_sral_5               
00002fb8  __mspabi_sral_6               
00002fb4  __mspabi_sral_7               
00002fb0  __mspabi_sral_8               
00002fac  __mspabi_sral_9               
00002ec8  __mspabi_srli                 
00002f0e  __mspabi_srli_1               
00002eea  __mspabi_srli_10              
00002ee6  __mspabi_srli_11              
00002ee2  __mspabi_srli_12              
00002ede  __mspabi_srli_13              
00002eda  __mspabi_srli_14              
00002ed6  __mspabi_srli_15              
00002f0a  __mspabi_srli_2               
00002f06  __mspabi_srli_3               
00002f02  __mspabi_srli_4               
00002efe  __mspabi_srli_5               
00002efa  __mspabi_srli_6               
00002ef6  __mspabi_srli_7               
00002ef2  __mspabi_srli_8               
00002eee  __mspabi_srli_9               
0000335c  __mspabi_srll                 
00002d6e  __mspabi_srll_1               
00002d38  __mspabi_srll_10              
00002d32  __mspabi_srll_11              
00002d2c  __mspabi_srll_12              
00002d26  __mspabi_srll_13              
00002d20  __mspabi_srll_14              
00002d1a  __mspabi_srll_15              
00002d68  __mspabi_srll_2               
00002d62  __mspabi_srll_3               
00002d5c  __mspabi_srll_4               
00002d56  __mspabi_srll_5               
00002d50  __mspabi_srll_6               
00002d4a  __mspabi_srll_7               
00002d44  __mspabi_srll_8               
00002d3e  __mspabi_srll_9               
000032dc  _c_int00_noargs               
0000fffe  _reset_vector                 
000009b0  _stack                        
000033e0  _system_post_cinit            
000033dc  _system_pre_init              
000033d6  abort                         
000033be  abs                           
00000200  coordinate                    
00000210  count                         
0000020d  flag                          
00002cbe  i2c_read                      
0000304c  i2c_write                     
0000020b  keyA                          
0000020c  keyB                          
00000206  lx                            
00000208  ly                            
00001c38  main                          
0000336e  memcpy                        
00002e26  pix_filter                    
00003280  start_7843                    
0000020a  statu                         


GLOBAL SYMBOLS: SORTED BY Symbol Address 

address   name                          
-------   ----                          
00000000  IE1                           
00000001  IE2                           
00000002  IFG1                          
00000003  IFG2                          
00000004  ME1                           
00000005  ME2                           
00000018  P3IN                          
00000019  P3OUT                         
0000001a  P3DIR                         
0000001b  P3SEL                         
0000001c  P4IN                          
0000001d  P4OUT                         
0000001e  P4DIR                         
0000001f  P4SEL                         
00000020  P1IN                          
00000021  P1OUT                         
00000022  P1DIR                         
00000023  P1IFG                         
00000024  P1IES                         
00000025  P1IE                          
00000026  P1SEL                         
00000028  P2IN                          
00000029  P2OUT                         
0000002a  P2DIR                         
0000002b  P2IFG                         
0000002c  P2IES                         
0000002d  P2IE                          
0000002e  P2SEL                         
00000030  P5IN                          
00000031  P5OUT                         
00000032  P5DIR                         
00000033  P5SEL                         
00000034  P6IN                          
00000035  P6OUT                         
00000036  P6DIR                         
00000037  P6SEL                         
00000050  I2CIE                         
00000050  __STACK_SIZE                  
00000051  I2CIFG                        
00000052  I2CNDAT                       
00000055  SVSCTL                        
00000056  DCOCTL                        
00000057  BCSCTL1                       
00000058  BCSCTL2                       
00000059  CACTL1                        
0000005a  CACTL2                        
0000005b  CAPD                          
00000070  U0CTL                         
00000071  I2CTCTL                       
00000071  U0TCTL                        
00000072  I2CDCTL                       
00000072  U0RCTL                        
00000073  I2CPSC                        
00000073  U0MCTL                        
00000074  I2CSCLH                       
00000074  U0BR0                         
00000075  I2CSCLL                       
00000075  U0BR1                         
00000076  I2CDRB                        
00000076  I2CDRW                        
00000076  U0RXBUF                       
00000077  U0TXBUF                       
00000078  U1CTL                         
00000079  U1TCTL                        
0000007a  U1RCTL                        
0000007b  U1MCTL                        
0000007c  U1BR0                         
0000007d  U1BR1                         
0000007e  U1RXBUF                       
0000007f  U1TXBUF                       
00000080  ADC12MCTL0                    
00000081  ADC12MCTL1                    
00000082  ADC12MCTL2                    
00000083  ADC12MCTL3                    
00000084  ADC12MCTL4                    
00000085  ADC12MCTL5                    
00000086  ADC12MCTL6                    
00000087  ADC12MCTL7                    
00000088  ADC12MCTL8                    
00000089  ADC12MCTL9                    
0000008a  ADC12MCTL10                   
0000008b  ADC12MCTL11                   
0000008c  ADC12MCTL12                   
0000008d  ADC12MCTL13                   
0000008e  ADC12MCTL14                   
0000008f  ADC12MCTL15                   
00000118  I2COA                         
0000011a  I2CSA                         
0000011c  I2CIV                         
0000011e  TBIV                          
00000120  WDTCTL                        
00000122  DMACTL0                       
00000124  DMACTL1                       
00000128  FCTL1                         
0000012a  FCTL2                         
0000012c  FCTL3                         
0000012e  TAIV                          
00000130  MPY                           
00000132  MPYS                          
00000134  MAC                           
00000136  MACS                          
00000138  OP2                           
0000013a  RESLO                         
0000013c  RESHI                         
0000013e  SUMEXT                        
00000140  ADC12MEM0                     
00000142  ADC12MEM1                     
00000144  ADC12MEM2                     
00000146  ADC12MEM3                     
00000148  ADC12MEM4                     
0000014a  ADC12MEM5                     
0000014c  ADC12MEM6                     
0000014e  ADC12MEM7                     
00000150  ADC12MEM8                     
00000152  ADC12MEM9                     
00000154  ADC12MEM10                    
00000156  ADC12MEM11                    
00000158  ADC12MEM12                    
0000015a  ADC12MEM13                    
0000015c  ADC12MEM14                    
0000015e  ADC12MEM15                    
00000160  TACTL                         
00000162  TACCTL0                       
00000164  TACCTL1                       
00000166  TACCTL2                       
00000170  TAR                           
00000172  TACCR0                        
00000174  TACCR1                        
00000176  TACCR2                        
00000180  TBCTL                         
00000182  TBCCTL0                       
00000184  TBCCTL1                       
00000186  TBCCTL2                       
00000188  TBCCTL3                       
0000018a  TBCCTL4                       
0000018c  TBCCTL5                       
0000018e  TBCCTL6                       
00000190  TBR                           
00000192  TBCCR0                        
00000194  TBCCR1                        
00000196  TBCCR2                        
00000198  TBCCR3                        
0000019a  TBCCR4                        
0000019c  TBCCR5                        
0000019e  TBCCR6                        
000001a0  ADC12CTL0                     
000001a2  ADC12CTL1                     
000001a4  ADC12IFG                      
000001a6  ADC12IE                       
000001a8  ADC12IV                       
000001c0  DAC12_0CTL                    
000001c2  DAC12_1CTL                    
000001c8  DAC12_0DAT                    
000001ca  DAC12_1DAT                    
000001e0  DMA0CTL                       
000001e2  DMA0SA                        
000001e4  DMA0DA                        
000001e6  DMA0SZ                        
000001e8  DMA1CTL                       
000001ea  DMA1SA                        
000001ec  DMA1DA                        
000001ee  DMA1SZ                        
000001f0  DMA2CTL                       
000001f2  DMA2SA                        
000001f4  DMA2DA                        
000001f6  DMA2SZ                        
00000200  coordinate                    
00000204  Device_code                   
00000206  lx                            
00000208  ly                            
0000020a  statu                         
0000020b  keyA                          
0000020c  keyB                          
0000020d  flag                          
0000020e  Asecond                       
00000210  count                         
000009b0  _stack                        
00000a00  __STACK_END                   
00001100  TFT_Initial                   
000017c0  __TI_frcdivd                  
00001c38  main                          
00001ec4  __TI_frcmpyd                  
0000214a  __mspabi_mpyd                 
000023b8  __mspabi_divd                 
000025f0  Getpix                        
000026d4  GUIline                       
00002792  Key                           
0000284a  Put16x16                      
000028e6  PutGB2424                     
00002982  __mspabi_fltuld               
00002a0c  GUIsquare2pix                 
00002a88  __TI_decompress_lzss          
00002b04  __mspabi_fixdul               
00002b78  LCD_PutString24               
00002be6  LCD_PutChar                   
00002c52  LCD_PutString                 
00002cbe  i2c_read                      
00002d1a  __mspabi_srll_15              
00002d20  __mspabi_srll_14              
00002d26  __mspabi_srll_13              
00002d2c  __mspabi_srll_12              
00002d32  __mspabi_srll_11              
00002d38  __mspabi_srll_10              
00002d3e  __mspabi_srll_9               
00002d44  __mspabi_srll_8               
00002d4a  __mspabi_srll_7               
00002d50  __mspabi_srll_6               
00002d56  __mspabi_srll_5               
00002d5c  __mspabi_srll_4               
00002d62  __mspabi_srll_3               
00002d68  __mspabi_srll_2               
00002d6e  __mspabi_srll_1               
00002d76  GUIsquare1pix                 
00002dce  LCD_SetPos                    
00002e26  pix_filter                    
00002e7a  AD7843                        
00002ec8  __mspabi_srli                 
00002ed6  __mspabi_srli_15              
00002eda  __mspabi_srli_14              
00002ede  __mspabi_srli_13              
00002ee2  __mspabi_srli_12              
00002ee6  __mspabi_srli_11              
00002eea  __mspabi_srli_10              
00002eee  __mspabi_srli_9               
00002ef2  __mspabi_srli_8               
00002ef6  __mspabi_srli_7               
00002efa  __mspabi_srli_6               
00002efe  __mspabi_srli_5               
00002f02  __mspabi_srli_4               
00002f06  __mspabi_srli_3               
00002f0a  __mspabi_srli_2               
00002f0e  __mspabi_srli_1               
00002f14  __TI_auto_init_nobinit_nopinit
00002f56  CLR_Screen                    
00002f94  __mspabi_sral_15              
00002f98  __mspabi_sral_14              
00002f9c  __mspabi_sral_13              
00002fa0  __mspabi_sral_12              
00002fa4  __mspabi_sral_11              
00002fa8  __mspabi_sral_10              
00002fac  __mspabi_sral_9               
00002fb0  __mspabi_sral_8               
00002fb4  __mspabi_sral_7               
00002fb8  __mspabi_sral_6               
00002fbc  __mspabi_sral_5               
00002fc0  __mspabi_sral_4               
00002fc4  __mspabi_sral_3               
00002fc8  __mspabi_sral_2               
00002fcc  __mspabi_sral_1               
00002fd2  __mspabi_slll_15              
00002fd6  __mspabi_slll_14              
00002fda  __mspabi_slll_13              
00002fde  __mspabi_slll_12              
00002fe2  __mspabi_slll_11              
00002fe6  __mspabi_slll_10              
00002fea  __mspabi_slll_9               
00002fee  __mspabi_slll_8               
00002ff2  __mspabi_slll_7               
00002ff6  __mspabi_slll_6               
00002ffa  __mspabi_slll_5               
00002ffe  __mspabi_slll_4               
00003002  __mspabi_slll_3               
00003006  __mspabi_slll_2               
0000300a  __mspabi_slll_1               
00003010  GUIfull                       
0000304c  i2c_write                     
00003088  MPU6050_Init                  
000030c2  Write_Cmd                     
000030f4  Write_7843                    
00003124  Clock_Init                    
00003152  __mspabi_mpyl_hw              
00003180  Write_Data                    
000031ac  __mspabi_srai                 
000031b8  __mspabi_srai_15              
000031ba  __mspabi_srai_14              
000031bc  __mspabi_srai_13              
000031be  __mspabi_srai_12              
000031c0  __mspabi_srai_11              
000031c2  __mspabi_srai_10              
000031c4  __mspabi_srai_9               
000031c6  __mspabi_srai_8               
000031c8  __mspabi_srai_7               
000031ca  __mspabi_srai_6               
000031cc  __mspabi_srai_5               
000031ce  __mspabi_srai_4               
000031d0  __mspabi_srai_3               
000031d2  __mspabi_srai_2               
000031d4  __mspabi_srai_1               
000031d8  __mspabi_slli                 
000031e4  __mspabi_slli_15              
000031e6  __mspabi_slli_14              
000031e8  __mspabi_slli_13              
000031ea  __mspabi_slli_12              
000031ec  __mspabi_slli_11              
000031ee  __mspabi_slli_10              
000031f0  __mspabi_slli_9               
000031f2  __mspabi_slli_8               
000031f4  __mspabi_slli_7               
000031f6  __mspabi_slli_6               
000031f8  __mspabi_slli_5               
000031fa  __mspabi_slli_4               
000031fc  __mspabi_slli_3               
000031fe  __mspabi_slli_2               
00003200  __mspabi_slli_1               
00003204  Read_7843                     
0000322e  TFT_PortInit                  
00003258  MPU6050_Portinit              
00003280  start_7843                    
000032a0  Timer_A                       
000032be  Write_Cmd_Data                
000032dc  _c_int00_noargs               
000032f8  GUIpoint                      
00003310  __TI_zero_init_nomemset       
00003324  __mspabi_mpyi_hw              
00003338  __mspabi_fixdu                
0000334a  __TI_decompress_none          
0000335c  __mspabi_srll                 
0000336e  memcpy                        
00003380  TIMERA_Init                   
00003390  Write_Data_U16                
000033a0  __mspabi_func_epilog_7        
000033a2  __mspabi_func_epilog_6        
000033a4  __mspabi_func_epilog_5        
000033a6  __mspabi_func_epilog_4        
000033a8  __mspabi_func_epilog_3        
000033aa  __mspabi_func_epilog_2        
000033ac  __mspabi_func_epilog_1        
000033b0  TimerA_end                    
000033be  abs                           
000033c8  __TI_ISR_TRAP                 
000033d0  __mspabi_fltud                
000033d6  C$$EXIT                       
000033d6  abort                         
000033dc  _system_pre_init              
000033e0  _system_post_cinit            
00003fb4  __TI_Handler_Table_Base       
00003fba  __TI_Handler_Table_Limit      
00003fbe  __TI_CINIT_Base               
00003fc6  __TI_CINIT_Limit              
0000ffe0  __TI_int00                    
0000ffe2  __TI_int01                    
0000ffe4  __TI_int02                    
0000ffe6  __TI_int03                    
0000ffe8  __TI_int04                    
0000ffea  __TI_int05                    
0000ffec  __TI_int06                    
0000ffee  __TI_int07                    
0000fff0  __TI_int08                    
0000fff2  __TI_int09                    
0000fff4  __TI_int10                    
0000fff6  __TI_int11                    
0000fff8  __TI_int12                    
0000fffa  __TI_int13                    
0000fffc  __TI_int14                    
0000fffe  _reset_vector                 
ffffffff  __TI_pprof_out_hndl           
ffffffff  __TI_prof_data_size           
ffffffff  __TI_prof_data_start          
ffffffff  __c_args__                    

[359 symbols]
