******************************************************************************
                  MSP430 Linker PC v18.1.3                     
******************************************************************************
>> Linked Sun Dec  2 19:42:49 2018

OUTPUT FILE NAME:   <ADXL345.out>
ENTRY POINT SYMBOL: "_c_int00_noargs"  address: 00003750


MEMORY CONFIGURATION

         name            origin    length      used     unused   attr    fill
----------------------  --------  ---------  --------  --------  ----  --------
  SFR                   00000000   00000010  00000000  00000010  RWIX
  PERIPHERALS_8BIT      00000010   000000f0  00000000  000000f0  RWIX
  PERIPHERALS_16BIT     00000100   00000100  00000000  00000100  RWIX
  RAM                   00000200   00000800  00000062  0000079e  RWIX
  INFOB                 00001000   00000080  00000000  00000080  RWIX
  INFOA                 00001080   00000080  00000000  00000080  RWIX
  FLASH                 00001100   0000eee0  000027c8  0000c718  RWIX
  INT00                 0000ffe0   00000002  00000002  00000000  RWIX
  INT01                 0000ffe2   00000002  00000002  00000000  RWIX
  INT02                 0000ffe4   00000002  00000002  00000000  RWIX
  INT03                 0000ffe6   00000002  00000002  00000000  RWIX
  INT04                 0000ffe8   00000002  00000002  00000000  RWIX
  INT05                 0000ffea   00000002  00000002  00000000  RWIX
  INT06                 0000ffec   00000002  00000002  00000000  RWIX
  INT07                 0000ffee   00000002  00000002  00000000  RWIX
  INT08                 0000fff0   00000002  00000002  00000000  RWIX
  INT09                 0000fff2   00000002  00000002  00000000  RWIX
  INT10                 0000fff4   00000002  00000002  00000000  RWIX
  INT11                 0000fff6   00000002  00000002  00000000  RWIX
  INT12                 0000fff8   00000002  00000002  00000000  RWIX
  INT13                 0000fffa   00000002  00000002  00000000  RWIX
  INT14                 0000fffc   00000002  00000002  00000000  RWIX
  RESET                 0000fffe   00000002  00000002  00000000  RWIX


SECTION ALLOCATION MAP

 output                                  attributes/
section   page    origin      length       input sections
--------  ----  ----------  ----------   ----------------
.bss       0    00000200    00000012     UNINITIALIZED
                  00000200    00000008     (.common:BUF)
                  00000208    00000002     (.common:dis_data)
                  0000020a    00000001     (.common:bai)
                  0000020b    00000001     (.common:busy)
                  0000020c    00000001     (.common:devid)
                  0000020d    00000001     (.common:err)
                  0000020e    00000001     (.common:ge)
                  0000020f    00000001     (.common:qian)
                  00000210    00000001     (.common:shi)
                  00000211    00000001     (.common:wan)

.stack     0    000009b0    00000050     UNINITIALIZED
                  000009b0    00000002     rts430_eabi.lib : boot.c.obj (.stack)
                  000009b2    0000004e     --HOLE--

.text      0    00001100    00002726     
                  00001100    000004b8     rts430_eabi.lib : s_atan.c.obj (.text:atan)
                  000015b8    00000478                     : frcdivd.c.obj (.text:__TI_frcdivd)
                  00001a30    00000346                     : e_atan2.c.obj (.text:atan2)
                  00001d76    000002fa                     : addd.c.obj (.text:__mspabi_addd)
                  00002070    00000286                     : frcmpyd.c.obj (.text:__TI_frcmpyd)
                  000022f6    0000026e                     : mpyd.c.obj (.text:__mspabi_mpyd)
                  00002564    00000260                     : frcaddd.c.obj (.text:__TI_frcaddd)
                  000027c4    00000238                     : divd.c.obj (.text:__mspabi_divd)
                  000029fc    000000f8     main.obj (.text:display_Angle)
                  00002af4    000000dc     rts430_eabi.lib : cmpd.c.obj (.text:__mspabi_cmpd)
                  00002bd0    000000d4     main.obj (.text:display_z)
                  00002ca4    000000ca     main.obj (.text:display_x)
                  00002d6e    000000ca     main.obj (.text:display_y)
                  00002e38    000000be     rts430_eabi.lib : renormd.c.obj (.text:__TI_renormd)
                  00002ef6    000000ac                     : fltlid.c.obj (.text:__mspabi_fltlid)
                  00002fa2    00000084     main.obj (.text:conversion)
                  00003026    00000072     rts430_eabi.lib : fixdli.c.obj (.text:__mspabi_fixdli)
                  00003098    0000006c     LCD.obj (.text:init_LCD1602)
                  00003104    00000064     main.obj (.text:Multiple_read_ADXL345)
                  00003168    0000005c     rts430_eabi.lib : lsr32.asm.obj (.text:l_lsr_const)
                  000031c4    0000004e     main.obj (.text:Init_ADXL345)
                  00003212    0000004c     rts430_eabi.lib : lsr16.asm.obj (.text)
                  0000325e    0000004a     LCD.obj (.text:read_sta)
                  000032a8    0000004a     main.obj (.text:write1byte)
                  000032f2    00000046     LCD.obj (.text:write_commond)
                  00003338    00000046     LCD.obj (.text:write_data)
                  0000337e    00000042     rts430_eabi.lib : autoinit.c.obj (.text:__TI_auto_init_nobinit_nopinit:__TI_auto_init_nobinit_nopinit)
                  000033c0    0000003e     main.obj (.text:Single_Read_ADXL345)
                  000033fe    0000003e     rts430_eabi.lib : asr32.asm.obj (.text:l_asr_const)
                  0000343c    0000003e                     : lsl32.asm.obj (.text:l_lsl_const)
                  0000347a    00000038     main.obj (.text:read1byte)
                  000034b2    00000032     main.obj (.text:Single_Write_ADXL345)
                  000034e4    00000032     main.obj (.text:main)
                  00003516    0000002e     rts430_eabi.lib : subd.c.obj (.text:__mspabi_subd)
                  00003544    0000002e     main.obj (.text:cack)
                  00003572    0000002e     rts430_eabi.lib : mult32_hw.asm.obj (.text)
                  000035a0    0000002c                     : asr16.asm.obj (.text)
                  000035cc    0000002c                     : div16s.asm.obj (.text)
                  000035f8    0000002c                     : lsl16.asm.obj (.text)
                  00003624    0000002a                     : negd.c.obj (.text:__mspabi_negd)
                  0000364e    0000002a     main.obj (.text:delayus)
                  00003678    00000028     rts430_eabi.lib : fixdi.c.obj (.text:__mspabi_fixdi)
                  000036a0    00000026     main.obj (.text:mnack)
                  000036c6    00000026     main.obj (.text:start)
                  000036ec    00000026     main.obj (.text:stop)
                  00003712    00000020     main.obj (.text:mack)
                  00003732    0000001e     LCD.obj (.text:DisplayOneChar)
                  00003750    0000001c     rts430_eabi.lib : boot.c.obj (.text:_c_int00_noargs)
                  0000376c    00000016                     : div16u.asm.obj (.text)
                  00003782    00000014                     : copy_zero_init.c.obj (.text:decompress:ZI:__TI_zero_init_nomemset:__TI_zero_init_nomemset)
                  00003796    00000014                     : mult16_hw.asm.obj (.text)
                  000037aa    00000012                     : lsr32.asm.obj (.text:l_lsr)
                  000037bc    00000012     LCD.obj (.text:read_busy)
                  000037ce    00000010     rts430_eabi.lib : asr32.asm.obj (.text:l_asr)
                  000037de    00000010                     : lsl32.asm.obj (.text:l_lsl)
                  000037ee    00000010                     : epilog.asm.obj (.text)
                  000037fe    0000000c                     : fltid.c.obj (.text:__mspabi_fltid)
                  0000380a    00000008                     : isr_trap.asm.obj (.text:_isr:__TI_ISR_TRAP)
                  00003812    00000008     LCD.obj (.text:init_LCD1602_IO)
                  0000381a    00000006     rts430_eabi.lib : exit.c.obj (.text:abort)
                  00003820    00000004                     : pre_init.c.obj (.text:_system_pre_init)
                  00003824    00000002                     : startup.c.obj (.text:_system_post_cinit)

.const     0    00003826    00000098     
                  00003826    00000058     rts430_eabi.lib : s_atan.c.obj (.const:aT)
                  0000387e    00000020                     : s_atan.c.obj (.const:atanhi)
                  0000389e    00000020                     : s_atan.c.obj (.const:atanlo)

.cinit     0    000038be    0000000a     
                  000038be    00000004     (.cinit..bss.load) [load image, compression = zero_init]
                  000038c2    00000002     (__TI_handler_table)
                  000038c4    00000004     (__TI_cinit_table)

.binit     0    00001100    00000000     

.init_array 
*          0    00001100    00000000     UNINITIALIZED

DACDMA     0    0000ffe0    00000002     
                  0000ffe0    00000002     rts430_eabi.lib : int00.asm.obj (.int00)

PORT2      0    0000ffe2    00000002     
                  0000ffe2    00000002     rts430_eabi.lib : int01.asm.obj (.int01)

USART1TX   0    0000ffe4    00000002     
                  0000ffe4    00000002     rts430_eabi.lib : int02.asm.obj (.int02)

USART1RX   0    0000ffe6    00000002     
                  0000ffe6    00000002     rts430_eabi.lib : int03.asm.obj (.int03)

PORT1      0    0000ffe8    00000002     
                  0000ffe8    00000002     rts430_eabi.lib : int04.asm.obj (.int04)

TIMERA1    0    0000ffea    00000002     
                  0000ffea    00000002     rts430_eabi.lib : int05.asm.obj (.int05)

TIMERA0    0    0000ffec    00000002     
                  0000ffec    00000002     rts430_eabi.lib : int06.asm.obj (.int06)

ADC12      0    0000ffee    00000002     
                  0000ffee    00000002     rts430_eabi.lib : int07.asm.obj (.int07)

USART0TX   0    0000fff0    00000002     
                  0000fff0    00000002     rts430_eabi.lib : int08.asm.obj (.int08)

USART0RX   0    0000fff2    00000002     
                  0000fff2    00000002     rts430_eabi.lib : int09.asm.obj (.int09)

WDT        0    0000fff4    00000002     
                  0000fff4    00000002     rts430_eabi.lib : int10.asm.obj (.int10)

COMPARATORA 
*          0    0000fff6    00000002     
                  0000fff6    00000002     rts430_eabi.lib : int11.asm.obj (.int11)

TIMERB1    0    0000fff8    00000002     
                  0000fff8    00000002     rts430_eabi.lib : int12.asm.obj (.int12)

TIMERB0    0    0000fffa    00000002     
                  0000fffa    00000002     rts430_eabi.lib : int13.asm.obj (.int13)

NMI        0    0000fffc    00000002     
                  0000fffc    00000002     rts430_eabi.lib : int14.asm.obj (.int14)

.reset     0    0000fffe    00000002     
                  0000fffe    00000002     rts430_eabi.lib : boot.c.obj (.reset)

MODULE SUMMARY

       Module                 code    ro data   rw data
       ------                 ----    -------   -------
    .\
       main.obj               1700    0         17     
       LCD.obj                378     0         1      
    +--+----------------------+-------+---------+---------+
       Total:                 2078    0         18     
                                                       
    D:\Learn\CCS\ccsv8\tools\compiler\ti-cgt-msp430_18.1.3.LTS\lib\rts430_eabi.lib
       s_atan.c.obj           1208    152       0      
       frcdivd.c.obj          1144    0         0      
       e_atan2.c.obj          838     0         0      
       addd.c.obj             762     0         0      
       frcmpyd.c.obj          646     0         0      
       mpyd.c.obj             622     0         0      
       frcaddd.c.obj          608     0         0      
       divd.c.obj             568     0         0      
       cmpd.c.obj             220     0         0      
       renormd.c.obj          190     0         0      
       fltlid.c.obj           172     0         0      
       fixdli.c.obj           114     0         0      
       lsr32.asm.obj          110     0         0      
       asr32.asm.obj          78      0         0      
       lsl32.asm.obj          78      0         0      
       lsr16.asm.obj          76      0         0      
       autoinit.c.obj         66      0         0      
       mult32_hw.asm.obj      46      0         0      
       subd.c.obj             46      0         0      
       asr16.asm.obj          44      0         0      
       div16s.asm.obj         44      0         0      
       lsl16.asm.obj          44      0         0      
       negd.c.obj             42      0         0      
       fixdi.c.obj            40      0         0      
       boot.c.obj             28      2         0      
       div16u.asm.obj         22      0         0      
       copy_zero_init.c.obj   20      0         0      
       mult16_hw.asm.obj      20      0         0      
       epilog.asm.obj         16      0         0      
       fltid.c.obj            12      0         0      
       isr_trap.asm.obj       8       0         0      
       exit.c.obj             6       0         0      
       pre_init.c.obj         4       0         0      
       int00.asm.obj          0       2         0      
       int01.asm.obj          0       2         0      
       int02.asm.obj          0       2         0      
       int03.asm.obj          0       2         0      
       int04.asm.obj          0       2         0      
       int05.asm.obj          0       2         0      
       int06.asm.obj          0       2         0      
       int07.asm.obj          0       2         0      
       int08.asm.obj          0       2         0      
       int09.asm.obj          0       2         0      
       int10.asm.obj          0       2         0      
       int11.asm.obj          0       2         0      
       int12.asm.obj          0       2         0      
       int13.asm.obj          0       2         0      
       int14.asm.obj          0       2         0      
       startup.c.obj          2       0         0      
    +--+----------------------+-------+---------+---------+
       Total:                 7944    184       0      
                                                       
       Stack:                 0       0         80     
       Linker Generated:      0       10        0      
    +--+----------------------+-------+---------+---------+
       Grand Total:           10022   194       98     


LINKER GENERATED COPY TABLES

__TI_cinit_table @ 000038c4 records: 1, size/record: 4, table size: 4
	.bss: load addr=000038be, load size=00000004 bytes, run addr=00000200, run size=00000012 bytes, compression=zero_init


LINKER GENERATED HANDLER TABLE

__TI_handler_table @ 000038c2 records: 1, size/record: 2, table size: 2
	index: 0, handler: __TI_zero_init


GLOBAL SYMBOLS: SORTED ALPHABETICALLY BY Name 

address   name                          
-------   ----                          
000001a0  ADC12CTL0                     
000001a2  ADC12CTL1                     
000001a6  ADC12IE                       
000001a4  ADC12IFG                      
000001a8  ADC12IV                       
00000080  ADC12MCTL0                    
00000081  ADC12MCTL1                    
0000008a  ADC12MCTL10                   
0000008b  ADC12MCTL11                   
0000008c  ADC12MCTL12                   
0000008d  ADC12MCTL13                   
0000008e  ADC12MCTL14                   
0000008f  ADC12MCTL15                   
00000082  ADC12MCTL2                    
00000083  ADC12MCTL3                    
00000084  ADC12MCTL4                    
00000085  ADC12MCTL5                    
00000086  ADC12MCTL6                    
00000087  ADC12MCTL7                    
00000088  ADC12MCTL8                    
00000089  ADC12MCTL9                    
00000140  ADC12MEM0                     
00000142  ADC12MEM1                     
00000154  ADC12MEM10                    
00000156  ADC12MEM11                    
00000158  ADC12MEM12                    
0000015a  ADC12MEM13                    
0000015c  ADC12MEM14                    
0000015e  ADC12MEM15                    
00000144  ADC12MEM2                     
00000146  ADC12MEM3                     
00000148  ADC12MEM4                     
0000014a  ADC12MEM5                     
0000014c  ADC12MEM6                     
0000014e  ADC12MEM7                     
00000150  ADC12MEM8                     
00000152  ADC12MEM9                     
00000057  BCSCTL1                       
00000058  BCSCTL2                       
00000200  BUF                           
0000381a  C$$EXIT                       
00000059  CACTL1                        
0000005a  CACTL2                        
0000005b  CAPD                          
000001c0  DAC12_0CTL                    
000001c8  DAC12_0DAT                    
000001c2  DAC12_1CTL                    
000001ca  DAC12_1DAT                    
00000056  DCOCTL                        
000001e0  DMA0CTL                       
000001e4  DMA0DA                        
000001e2  DMA0SA                        
000001e6  DMA0SZ                        
000001e8  DMA1CTL                       
000001ec  DMA1DA                        
000001ea  DMA1SA                        
000001ee  DMA1SZ                        
000001f0  DMA2CTL                       
000001f4  DMA2DA                        
000001f2  DMA2SA                        
000001f6  DMA2SZ                        
00000122  DMACTL0                       
00000124  DMACTL1                       
00003732  DisplayOneChar                
00000128  FCTL1                         
0000012a  FCTL2                         
0000012c  FCTL3                         
00000072  I2CDCTL                       
00000076  I2CDRB                        
00000076  I2CDRW                        
00000050  I2CIE                         
00000051  I2CIFG                        
0000011c  I2CIV                         
00000052  I2CNDAT                       
00000118  I2COA                         
00000073  I2CPSC                        
0000011a  I2CSA                         
00000074  I2CSCLH                       
00000075  I2CSCLL                       
00000071  I2CTCTL                       
00000000  IE1                           
00000001  IE2                           
00000002  IFG1                          
00000003  IFG2                          
000031c4  Init_ADXL345                  
00000134  MAC                           
00000136  MACS                          
00000004  ME1                           
00000005  ME2                           
00000130  MPY                           
00000132  MPYS                          
00003104  Multiple_read_ADXL345         
00000138  OP2                           
00000022  P1DIR                         
00000025  P1IE                          
00000024  P1IES                         
00000023  P1IFG                         
00000020  P1IN                          
00000021  P1OUT                         
00000026  P1SEL                         
0000002a  P2DIR                         
0000002d  P2IE                          
0000002c  P2IES                         
0000002b  P2IFG                         
00000028  P2IN                          
00000029  P2OUT                         
0000002e  P2SEL                         
0000001a  P3DIR                         
00000018  P3IN                          
00000019  P3OUT                         
0000001b  P3SEL                         
0000001e  P4DIR                         
0000001c  P4IN                          
0000001d  P4OUT                         
0000001f  P4SEL                         
00000032  P5DIR                         
00000030  P5IN                          
00000031  P5OUT                         
00000033  P5SEL                         
00000036  P6DIR                         
00000034  P6IN                          
00000035  P6OUT                         
00000037  P6SEL                         
0000013c  RESHI                         
0000013a  RESLO                         
0000013e  SUMEXT                        
00000055  SVSCTL                        
000033c0  Single_Read_ADXL345           
000034b2  Single_Write_ADXL345          
00000172  TACCR0                        
00000174  TACCR1                        
00000176  TACCR2                        
00000162  TACCTL0                       
00000164  TACCTL1                       
00000166  TACCTL2                       
00000160  TACTL                         
0000012e  TAIV                          
00000170  TAR                           
00000192  TBCCR0                        
00000194  TBCCR1                        
00000196  TBCCR2                        
00000198  TBCCR3                        
0000019a  TBCCR4                        
0000019c  TBCCR5                        
0000019e  TBCCR6                        
00000182  TBCCTL0                       
00000184  TBCCTL1                       
00000186  TBCCTL2                       
00000188  TBCCTL3                       
0000018a  TBCCTL4                       
0000018c  TBCCTL5                       
0000018e  TBCCTL6                       
00000180  TBCTL                         
0000011e  TBIV                          
00000190  TBR                           
00000074  U0BR0                         
00000075  U0BR1                         
00000070  U0CTL                         
00000073  U0MCTL                        
00000072  U0RCTL                        
00000076  U0RXBUF                       
00000071  U0TCTL                        
00000077  U0TXBUF                       
0000007c  U1BR0                         
0000007d  U1BR1                         
00000078  U1CTL                         
0000007b  U1MCTL                        
0000007a  U1RCTL                        
0000007e  U1RXBUF                       
00000079  U1TCTL                        
0000007f  U1TXBUF                       
00000120  WDTCTL                        
00000a00  __STACK_END                   
00000050  __STACK_SIZE                  
000038c4  __TI_CINIT_Base               
000038c8  __TI_CINIT_Limit              
000038c2  __TI_Handler_Table_Base       
000038c4  __TI_Handler_Table_Limit      
0000380a  __TI_ISR_TRAP                 
0000337e  __TI_auto_init_nobinit_nopinit
00002564  __TI_frcaddd                  
000015b8  __TI_frcdivd                  
00002070  __TI_frcmpyd                  
0000ffe0  __TI_int00                    
0000ffe2  __TI_int01                    
0000ffe4  __TI_int02                    
0000ffe6  __TI_int03                    
0000ffe8  __TI_int04                    
0000ffea  __TI_int05                    
0000ffec  __TI_int06                    
0000ffee  __TI_int07                    
0000fff0  __TI_int08                    
0000fff2  __TI_int09                    
0000fff4  __TI_int10                    
0000fff6  __TI_int11                    
0000fff8  __TI_int12                    
0000fffa  __TI_int13                    
0000fffc  __TI_int14                    
ffffffff  __TI_pprof_out_hndl           
ffffffff  __TI_prof_data_size           
ffffffff  __TI_prof_data_start          
00002e38  __TI_renormd                  
00003782  __TI_zero_init_nomemset       
ffffffff  __c_args__                    
00001d76  __mspabi_addd                 
00002af4  __mspabi_cmpd                 
000027c4  __mspabi_divd                 
000035cc  __mspabi_divi                 
0000376c  __mspabi_divu                 
00003678  __mspabi_fixdi                
00003026  __mspabi_fixdli               
000037fe  __mspabi_fltid                
00002ef6  __mspabi_fltlid               
000037fa  __mspabi_func_epilog_1        
000037f8  __mspabi_func_epilog_2        
000037f6  __mspabi_func_epilog_3        
000037f4  __mspabi_func_epilog_4        
000037f2  __mspabi_func_epilog_5        
000037f0  __mspabi_func_epilog_6        
000037ee  __mspabi_func_epilog_7        
000022f6  __mspabi_mpyd                 
00003796  __mspabi_mpyi_hw              
00003572  __mspabi_mpyl_hw              
00003624  __mspabi_negd                 
000035cc  __mspabi_remi                 
0000376c  __mspabi_remu                 
000035f8  __mspabi_slli                 
00003620  __mspabi_slli_1               
0000360e  __mspabi_slli_10              
0000360c  __mspabi_slli_11              
0000360a  __mspabi_slli_12              
00003608  __mspabi_slli_13              
00003606  __mspabi_slli_14              
00003604  __mspabi_slli_15              
0000361e  __mspabi_slli_2               
0000361c  __mspabi_slli_3               
0000361a  __mspabi_slli_4               
00003618  __mspabi_slli_5               
00003616  __mspabi_slli_6               
00003614  __mspabi_slli_7               
00003612  __mspabi_slli_8               
00003610  __mspabi_slli_9               
000037de  __mspabi_slll                 
00003474  __mspabi_slll_1               
00003450  __mspabi_slll_10              
0000344c  __mspabi_slll_11              
00003448  __mspabi_slll_12              
00003444  __mspabi_slll_13              
00003440  __mspabi_slll_14              
0000343c  __mspabi_slll_15              
00003470  __mspabi_slll_2               
0000346c  __mspabi_slll_3               
00003468  __mspabi_slll_4               
00003464  __mspabi_slll_5               
00003460  __mspabi_slll_6               
0000345c  __mspabi_slll_7               
00003458  __mspabi_slll_8               
00003454  __mspabi_slll_9               
000035a0  __mspabi_srai                 
000035c8  __mspabi_srai_1               
000035b6  __mspabi_srai_10              
000035b4  __mspabi_srai_11              
000035b2  __mspabi_srai_12              
000035b0  __mspabi_srai_13              
000035ae  __mspabi_srai_14              
000035ac  __mspabi_srai_15              
000035c6  __mspabi_srai_2               
000035c4  __mspabi_srai_3               
000035c2  __mspabi_srai_4               
000035c0  __mspabi_srai_5               
000035be  __mspabi_srai_6               
000035bc  __mspabi_srai_7               
000035ba  __mspabi_srai_8               
000035b8  __mspabi_srai_9               
000037ce  __mspabi_sral                 
00003436  __mspabi_sral_1               
00003412  __mspabi_sral_10              
0000340e  __mspabi_sral_11              
0000340a  __mspabi_sral_12              
00003406  __mspabi_sral_13              
00003402  __mspabi_sral_14              
000033fe  __mspabi_sral_15              
00003432  __mspabi_sral_2               
0000342e  __mspabi_sral_3               
0000342a  __mspabi_sral_4               
00003426  __mspabi_sral_5               
00003422  __mspabi_sral_6               
0000341e  __mspabi_sral_7               
0000341a  __mspabi_sral_8               
00003416  __mspabi_sral_9               
00003212  __mspabi_srli                 
00003258  __mspabi_srli_1               
00003234  __mspabi_srli_10              
00003230  __mspabi_srli_11              
0000322c  __mspabi_srli_12              
00003228  __mspabi_srli_13              
00003224  __mspabi_srli_14              
00003220  __mspabi_srli_15              
00003254  __mspabi_srli_2               
00003250  __mspabi_srli_3               
0000324c  __mspabi_srli_4               
00003248  __mspabi_srli_5               
00003244  __mspabi_srli_6               
00003240  __mspabi_srli_7               
0000323c  __mspabi_srli_8               
00003238  __mspabi_srli_9               
000037aa  __mspabi_srll                 
000031bc  __mspabi_srll_1               
00003186  __mspabi_srll_10              
00003180  __mspabi_srll_11              
0000317a  __mspabi_srll_12              
00003174  __mspabi_srll_13              
0000316e  __mspabi_srll_14              
00003168  __mspabi_srll_15              
000031b6  __mspabi_srll_2               
000031b0  __mspabi_srll_3               
000031aa  __mspabi_srll_4               
000031a4  __mspabi_srll_5               
0000319e  __mspabi_srll_6               
00003198  __mspabi_srll_7               
00003192  __mspabi_srll_8               
0000318c  __mspabi_srll_9               
00003516  __mspabi_subd                 
00003750  _c_int00_noargs               
0000fffe  _reset_vector                 
000009b0  _stack                        
00003824  _system_post_cinit            
00003820  _system_pre_init              
0000381a  abort                         
00001100  atan                          
00001a30  atan2                         
00001a30  atan2l                        
00001100  atanl                         
0000020a  bai                           
0000020b  busy                          
00003544  cack                          
00002fa2  conversion                    
0000364e  delayus                       
0000020c  devid                         
00000208  dis_data                      
000029fc  display_Angle                 
00002ca4  display_x                     
00002d6e  display_y                     
00002bd0  display_z                     
0000020d  err                           
0000020e  ge                            
00003098  init_LCD1602                  
00003812  init_LCD1602_IO               
00003712  mack                          
000034e4  main                          
000036a0  mnack                         
0000020f  qian                          
0000347a  read1byte                     
000037bc  read_busy                     
0000325e  read_sta                      
00000210  shi                           
000036c6  start                         
000036ec  stop                          
00000211  wan                           
000032a8  write1byte                    
000032f2  write_commond                 
00003338  write_data                    


GLOBAL SYMBOLS: SORTED BY Symbol Address 

address   name                          
-------   ----                          
00000000  IE1                           
00000001  IE2                           
00000002  IFG1                          
00000003  IFG2                          
00000004  ME1                           
00000005  ME2                           
00000018  P3IN                          
00000019  P3OUT                         
0000001a  P3DIR                         
0000001b  P3SEL                         
0000001c  P4IN                          
0000001d  P4OUT                         
0000001e  P4DIR                         
0000001f  P4SEL                         
00000020  P1IN                          
00000021  P1OUT                         
00000022  P1DIR                         
00000023  P1IFG                         
00000024  P1IES                         
00000025  P1IE                          
00000026  P1SEL                         
00000028  P2IN                          
00000029  P2OUT                         
0000002a  P2DIR                         
0000002b  P2IFG                         
0000002c  P2IES                         
0000002d  P2IE                          
0000002e  P2SEL                         
00000030  P5IN                          
00000031  P5OUT                         
00000032  P5DIR                         
00000033  P5SEL                         
00000034  P6IN                          
00000035  P6OUT                         
00000036  P6DIR                         
00000037  P6SEL                         
00000050  I2CIE                         
00000050  __STACK_SIZE                  
00000051  I2CIFG                        
00000052  I2CNDAT                       
00000055  SVSCTL                        
00000056  DCOCTL                        
00000057  BCSCTL1                       
00000058  BCSCTL2                       
00000059  CACTL1                        
0000005a  CACTL2                        
0000005b  CAPD                          
00000070  U0CTL                         
00000071  I2CTCTL                       
00000071  U0TCTL                        
00000072  I2CDCTL                       
00000072  U0RCTL                        
00000073  I2CPSC                        
00000073  U0MCTL                        
00000074  I2CSCLH                       
00000074  U0BR0                         
00000075  I2CSCLL                       
00000075  U0BR1                         
00000076  I2CDRB                        
00000076  I2CDRW                        
00000076  U0RXBUF                       
00000077  U0TXBUF                       
00000078  U1CTL                         
00000079  U1TCTL                        
0000007a  U1RCTL                        
0000007b  U1MCTL                        
0000007c  U1BR0                         
0000007d  U1BR1                         
0000007e  U1RXBUF                       
0000007f  U1TXBUF                       
00000080  ADC12MCTL0                    
00000081  ADC12MCTL1                    
00000082  ADC12MCTL2                    
00000083  ADC12MCTL3                    
00000084  ADC12MCTL4                    
00000085  ADC12MCTL5                    
00000086  ADC12MCTL6                    
00000087  ADC12MCTL7                    
00000088  ADC12MCTL8                    
00000089  ADC12MCTL9                    
0000008a  ADC12MCTL10                   
0000008b  ADC12MCTL11                   
0000008c  ADC12MCTL12                   
0000008d  ADC12MCTL13                   
0000008e  ADC12MCTL14                   
0000008f  ADC12MCTL15                   
00000118  I2COA                         
0000011a  I2CSA                         
0000011c  I2CIV                         
0000011e  TBIV                          
00000120  WDTCTL                        
00000122  DMACTL0                       
00000124  DMACTL1                       
00000128  FCTL1                         
0000012a  FCTL2                         
0000012c  FCTL3                         
0000012e  TAIV                          
00000130  MPY                           
00000132  MPYS                          
00000134  MAC                           
00000136  MACS                          
00000138  OP2                           
0000013a  RESLO                         
0000013c  RESHI                         
0000013e  SUMEXT                        
00000140  ADC12MEM0                     
00000142  ADC12MEM1                     
00000144  ADC12MEM2                     
00000146  ADC12MEM3                     
00000148  ADC12MEM4                     
0000014a  ADC12MEM5                     
0000014c  ADC12MEM6                     
0000014e  ADC12MEM7                     
00000150  ADC12MEM8                     
00000152  ADC12MEM9                     
00000154  ADC12MEM10                    
00000156  ADC12MEM11                    
00000158  ADC12MEM12                    
0000015a  ADC12MEM13                    
0000015c  ADC12MEM14                    
0000015e  ADC12MEM15                    
00000160  TACTL                         
00000162  TACCTL0                       
00000164  TACCTL1                       
00000166  TACCTL2                       
00000170  TAR                           
00000172  TACCR0                        
00000174  TACCR1                        
00000176  TACCR2                        
00000180  TBCTL                         
00000182  TBCCTL0                       
00000184  TBCCTL1                       
00000186  TBCCTL2                       
00000188  TBCCTL3                       
0000018a  TBCCTL4                       
0000018c  TBCCTL5                       
0000018e  TBCCTL6                       
00000190  TBR                           
00000192  TBCCR0                        
00000194  TBCCR1                        
00000196  TBCCR2                        
00000198  TBCCR3                        
0000019a  TBCCR4                        
0000019c  TBCCR5                        
0000019e  TBCCR6                        
000001a0  ADC12CTL0                     
000001a2  ADC12CTL1                     
000001a4  ADC12IFG                      
000001a6  ADC12IE                       
000001a8  ADC12IV                       
000001c0  DAC12_0CTL                    
000001c2  DAC12_1CTL                    
000001c8  DAC12_0DAT                    
000001ca  DAC12_1DAT                    
000001e0  DMA0CTL                       
000001e2  DMA0SA                        
000001e4  DMA0DA                        
000001e6  DMA0SZ                        
000001e8  DMA1CTL                       
000001ea  DMA1SA                        
000001ec  DMA1DA                        
000001ee  DMA1SZ                        
000001f0  DMA2CTL                       
000001f2  DMA2SA                        
000001f4  DMA2DA                        
000001f6  DMA2SZ                        
00000200  BUF                           
00000208  dis_data                      
0000020a  bai                           
0000020b  busy                          
0000020c  devid                         
0000020d  err                           
0000020e  ge                            
0000020f  qian                          
00000210  shi                           
00000211  wan                           
000009b0  _stack                        
00000a00  __STACK_END                   
00001100  atan                          
00001100  atanl                         
000015b8  __TI_frcdivd                  
00001a30  atan2                         
00001a30  atan2l                        
00001d76  __mspabi_addd                 
00002070  __TI_frcmpyd                  
000022f6  __mspabi_mpyd                 
00002564  __TI_frcaddd                  
000027c4  __mspabi_divd                 
000029fc  display_Angle                 
00002af4  __mspabi_cmpd                 
00002bd0  display_z                     
00002ca4  display_x                     
00002d6e  display_y                     
00002e38  __TI_renormd                  
00002ef6  __mspabi_fltlid               
00002fa2  conversion                    
00003026  __mspabi_fixdli               
00003098  init_LCD1602                  
00003104  Multiple_read_ADXL345         
00003168  __mspabi_srll_15              
0000316e  __mspabi_srll_14              
00003174  __mspabi_srll_13              
0000317a  __mspabi_srll_12              
00003180  __mspabi_srll_11              
00003186  __mspabi_srll_10              
0000318c  __mspabi_srll_9               
00003192  __mspabi_srll_8               
00003198  __mspabi_srll_7               
0000319e  __mspabi_srll_6               
000031a4  __mspabi_srll_5               
000031aa  __mspabi_srll_4               
000031b0  __mspabi_srll_3               
000031b6  __mspabi_srll_2               
000031bc  __mspabi_srll_1               
000031c4  Init_ADXL345                  
00003212  __mspabi_srli                 
00003220  __mspabi_srli_15              
00003224  __mspabi_srli_14              
00003228  __mspabi_srli_13              
0000322c  __mspabi_srli_12              
00003230  __mspabi_srli_11              
00003234  __mspabi_srli_10              
00003238  __mspabi_srli_9               
0000323c  __mspabi_srli_8               
00003240  __mspabi_srli_7               
00003244  __mspabi_srli_6               
00003248  __mspabi_srli_5               
0000324c  __mspabi_srli_4               
00003250  __mspabi_srli_3               
00003254  __mspabi_srli_2               
00003258  __mspabi_srli_1               
0000325e  read_sta                      
000032a8  write1byte                    
000032f2  write_commond                 
00003338  write_data                    
0000337e  __TI_auto_init_nobinit_nopinit
000033c0  Single_Read_ADXL345           
000033fe  __mspabi_sral_15              
00003402  __mspabi_sral_14              
00003406  __mspabi_sral_13              
0000340a  __mspabi_sral_12              
0000340e  __mspabi_sral_11              
00003412  __mspabi_sral_10              
00003416  __mspabi_sral_9               
0000341a  __mspabi_sral_8               
0000341e  __mspabi_sral_7               
00003422  __mspabi_sral_6               
00003426  __mspabi_sral_5               
0000342a  __mspabi_sral_4               
0000342e  __mspabi_sral_3               
00003432  __mspabi_sral_2               
00003436  __mspabi_sral_1               
0000343c  __mspabi_slll_15              
00003440  __mspabi_slll_14              
00003444  __mspabi_slll_13              
00003448  __mspabi_slll_12              
0000344c  __mspabi_slll_11              
00003450  __mspabi_slll_10              
00003454  __mspabi_slll_9               
00003458  __mspabi_slll_8               
0000345c  __mspabi_slll_7               
00003460  __mspabi_slll_6               
00003464  __mspabi_slll_5               
00003468  __mspabi_slll_4               
0000346c  __mspabi_slll_3               
00003470  __mspabi_slll_2               
00003474  __mspabi_slll_1               
0000347a  read1byte                     
000034b2  Single_Write_ADXL345          
000034e4  main                          
00003516  __mspabi_subd                 
00003544  cack                          
00003572  __mspabi_mpyl_hw              
000035a0  __mspabi_srai                 
000035ac  __mspabi_srai_15              
000035ae  __mspabi_srai_14              
000035b0  __mspabi_srai_13              
000035b2  __mspabi_srai_12              
000035b4  __mspabi_srai_11              
000035b6  __mspabi_srai_10              
000035b8  __mspabi_srai_9               
000035ba  __mspabi_srai_8               
000035bc  __mspabi_srai_7               
000035be  __mspabi_srai_6               
000035c0  __mspabi_srai_5               
000035c2  __mspabi_srai_4               
000035c4  __mspabi_srai_3               
000035c6  __mspabi_srai_2               
000035c8  __mspabi_srai_1               
000035cc  __mspabi_divi                 
000035cc  __mspabi_remi                 
000035f8  __mspabi_slli                 
00003604  __mspabi_slli_15              
00003606  __mspabi_slli_14              
00003608  __mspabi_slli_13              
0000360a  __mspabi_slli_12              
0000360c  __mspabi_slli_11              
0000360e  __mspabi_slli_10              
00003610  __mspabi_slli_9               
00003612  __mspabi_slli_8               
00003614  __mspabi_slli_7               
00003616  __mspabi_slli_6               
00003618  __mspabi_slli_5               
0000361a  __mspabi_slli_4               
0000361c  __mspabi_slli_3               
0000361e  __mspabi_slli_2               
00003620  __mspabi_slli_1               
00003624  __mspabi_negd                 
0000364e  delayus                       
00003678  __mspabi_fixdi                
000036a0  mnack                         
000036c6  start                         
000036ec  stop                          
00003712  mack                          
00003732  DisplayOneChar                
00003750  _c_int00_noargs               
0000376c  __mspabi_divu                 
0000376c  __mspabi_remu                 
00003782  __TI_zero_init_nomemset       
00003796  __mspabi_mpyi_hw              
000037aa  __mspabi_srll                 
000037bc  read_busy                     
000037ce  __mspabi_sral                 
000037de  __mspabi_slll                 
000037ee  __mspabi_func_epilog_7        
000037f0  __mspabi_func_epilog_6        
000037f2  __mspabi_func_epilog_5        
000037f4  __mspabi_func_epilog_4        
000037f6  __mspabi_func_epilog_3        
000037f8  __mspabi_func_epilog_2        
000037fa  __mspabi_func_epilog_1        
000037fe  __mspabi_fltid                
0000380a  __TI_ISR_TRAP                 
00003812  init_LCD1602_IO               
0000381a  C$$EXIT                       
0000381a  abort                         
00003820  _system_pre_init              
00003824  _system_post_cinit            
000038c2  __TI_Handler_Table_Base       
000038c4  __TI_CINIT_Base               
000038c4  __TI_Handler_Table_Limit      
000038c8  __TI_CINIT_Limit              
0000ffe0  __TI_int00                    
0000ffe2  __TI_int01                    
0000ffe4  __TI_int02                    
0000ffe6  __TI_int03                    
0000ffe8  __TI_int04                    
0000ffea  __TI_int05                    
0000ffec  __TI_int06                    
0000ffee  __TI_int07                    
0000fff0  __TI_int08                    
0000fff2  __TI_int09                    
0000fff4  __TI_int10                    
0000fff6  __TI_int11                    
0000fff8  __TI_int12                    
0000fffa  __TI_int13                    
0000fffc  __TI_int14                    
0000fffe  _reset_vector                 
ffffffff  __TI_pprof_out_hndl           
ffffffff  __TI_prof_data_size           
ffffffff  __TI_prof_data_start          
ffffffff  __c_args__                    

[362 symbols]
