******************************************************************************
                  MSP430 Linker PC v18.1.4                     
******************************************************************************
>> Linked Wed Dec  5 18:26:16 2018

OUTPUT FILE NAME:   <Fan.out>
ENTRY POINT SYMBOL: "_c_int00_noargs"  address: 00001738


MEMORY CONFIGURATION

         name            origin    length      used     unused   attr    fill
----------------------  --------  ---------  --------  --------  ----  --------
  SFR                   00000000   00000010  00000000  00000010  RWIX
  PERIPHERALS_8BIT      00000010   000000f0  00000000  000000f0  RWIX
  PERIPHERALS_16BIT     00000100   00000100  00000000  00000100  RWIX
  RAM                   00000200   00000800  00000054  000007ac  RWIX
  INFOB                 00001000   00000080  00000000  00000080  RWIX
  INFOA                 00001080   00000080  00000000  00000080  RWIX
  FLASH                 00001100   0000eee0  0000071a  0000e7c6  RWIX
  INT00                 0000ffe0   00000002  00000002  00000000  RWIX
  INT01                 0000ffe2   00000002  00000002  00000000  RWIX
  INT02                 0000ffe4   00000002  00000002  00000000  RWIX
  INT03                 0000ffe6   00000002  00000002  00000000  RWIX
  INT04                 0000ffe8   00000002  00000002  00000000  RWIX
  INT05                 0000ffea   00000002  00000002  00000000  RWIX
  INT06                 0000ffec   00000002  00000002  00000000  RWIX
  INT07                 0000ffee   00000002  00000002  00000000  RWIX
  INT08                 0000fff0   00000002  00000002  00000000  RWIX
  INT09                 0000fff2   00000002  00000002  00000000  RWIX
  INT10                 0000fff4   00000002  00000002  00000000  RWIX
  INT11                 0000fff6   00000002  00000002  00000000  RWIX
  INT12                 0000fff8   00000002  00000002  00000000  RWIX
  INT13                 0000fffa   00000002  00000002  00000000  RWIX
  INT14                 0000fffc   00000002  00000002  00000000  RWIX
  RESET                 0000fffe   00000002  00000002  00000000  RWIX


SECTION ALLOCATION MAP

 output                                  attributes/
section   page    origin      length       input sections
--------  ----  ----------  ----------   ----------------
.data      0    00000200    00000004     UNINITIALIZED
                  00000200    00000004     main.obj (.data)

.stack     0    000009b0    00000050     UNINITIALIZED
                  000009b0    00000002     rts430_eabi.lib : boot.c.obj (.stack)
                  000009b2    0000004e     --HOLE--

.text      0    00001100    000006ee     
                  00001100    000001aa     LCD.obj (.text:LCD_Display_num)
                  000012aa    000000c8     main.obj (.text:main)
                  00001372    0000007c     rts430_eabi.lib : copy_decompress_lzss.c.obj (.text:decompress:lzss:__TI_decompress_lzss)
                  000013ee    00000058                     : div32u.asm.obj (.text)
                  00001446    00000052     LCD.obj (.text:LCD_Write_data)
                  00001498    0000004c     UART.obj (.text:UART0_Init)
                  000014e4    0000004c     rts430_eabi.lib : lsr16.asm.obj (.text)
                  00001530    00000046     LCD.obj (.text:LCD_Write_com)
                  00001576    00000044     LCD.obj (.text:LCD_Init)
                  000015ba    00000044     PWM.obj (.text:speed)
                  000015fe    00000042     rts430_eabi.lib : autoinit.c.obj (.text:__TI_auto_init_nobinit_nopinit:__TI_auto_init_nobinit_nopinit)
                  00001640    0000003a     Config.obj (.text:Clock_Init)
                  0000167a    0000002c     rts430_eabi.lib : lsl16.asm.obj (.text)
                  000016a6    00000028     LCD.obj (.text:LCD_Write_str)
                  000016ce    00000026     PWM.obj (.text:start)
                  000016f4    00000022     PWM.obj (.text:PWM_init)
                  00001716    00000022     main.obj (.text:USART0_RX_ISR)
                  00001738    0000001c     rts430_eabi.lib : boot.c.obj (.text:_c_int00_noargs)
                  00001754    0000001a     LCD.obj (.text:LCD_Desk)
                  0000176e    00000014     LCD.obj (.text:LCD_Port_init)
                  00001782    00000014     PWM.obj (.text:stop)
                  00001796    00000012     rts430_eabi.lib : copy_decompress_none.c.obj (.text:decompress:none:__TI_decompress_none)
                  000017a8    00000012                     : memcpy.c.obj (.text:memcpy)
                  000017ba    00000010                     : epilog.asm.obj (.text)
                  000017ca    0000000e     UART.obj (.text:Uart0Send_Byte)
                  000017d8    00000008     rts430_eabi.lib : isr_trap.asm.obj (.text:_isr:__TI_ISR_TRAP)
                  000017e0    00000006                     : exit.c.obj (.text:abort)
                  000017e6    00000004                     : pre_init.c.obj (.text:_system_pre_init)
                  000017ea    00000002     main.obj (.text:USART0_TX_ISR)
                  000017ec    00000002     rts430_eabi.lib : startup.c.obj (.text:_system_post_cinit)

.const     0    000017ee    0000001c     
                  000017ee    00000010     LCD.obj (.const:.string)
                  000017fe    0000000c     main.obj (.const:.string)

.cinit     0    0000180a    00000010     
                  0000180a    00000007     (.cinit..data.load) [load image, compression = lzss]
                  00001811    00000001     --HOLE-- [fill = 0]
                  00001812    00000004     (__TI_handler_table)
                  00001816    00000004     (__TI_cinit_table)

.binit     0    00001100    00000000     

.init_array 
*          0    00001100    00000000     UNINITIALIZED

DACDMA     0    0000ffe0    00000002     
                  0000ffe0    00000002     rts430_eabi.lib : int00.asm.obj (.int00)

PORT2      0    0000ffe2    00000002     
                  0000ffe2    00000002     rts430_eabi.lib : int01.asm.obj (.int01)

USART1TX   0    0000ffe4    00000002     
                  0000ffe4    00000002     rts430_eabi.lib : int02.asm.obj (.int02)

USART1RX   0    0000ffe6    00000002     
                  0000ffe6    00000002     rts430_eabi.lib : int03.asm.obj (.int03)

PORT1      0    0000ffe8    00000002     
                  0000ffe8    00000002     rts430_eabi.lib : int04.asm.obj (.int04)

TIMERA1    0    0000ffea    00000002     
                  0000ffea    00000002     rts430_eabi.lib : int05.asm.obj (.int05)

TIMERA0    0    0000ffec    00000002     
                  0000ffec    00000002     rts430_eabi.lib : int06.asm.obj (.int06)

ADC12      0    0000ffee    00000002     
                  0000ffee    00000002     rts430_eabi.lib : int07.asm.obj (.int07)

USART0TX   0    0000fff0    00000002     
                  0000fff0    00000002     main.obj (.int08)

USART0RX   0    0000fff2    00000002     
                  0000fff2    00000002     main.obj (.int09)

WDT        0    0000fff4    00000002     
                  0000fff4    00000002     rts430_eabi.lib : int10.asm.obj (.int10)

COMPARATORA 
*          0    0000fff6    00000002     
                  0000fff6    00000002     rts430_eabi.lib : int11.asm.obj (.int11)

TIMERB1    0    0000fff8    00000002     
                  0000fff8    00000002     rts430_eabi.lib : int12.asm.obj (.int12)

TIMERB0    0    0000fffa    00000002     
                  0000fffa    00000002     rts430_eabi.lib : int13.asm.obj (.int13)

NMI        0    0000fffc    00000002     
                  0000fffc    00000002     rts430_eabi.lib : int14.asm.obj (.int14)

.reset     0    0000fffe    00000002     
                  0000fffe    00000002     rts430_eabi.lib : boot.c.obj (.reset)

MODULE SUMMARY

       Module                       code   ro data   rw data
       ------                       ----   -------   -------
    .\
       LCD.obj                      732    16        0      
       main.obj                     236    16        4      
       PWM.obj                      160    0         0      
       UART.obj                     90     0         0      
       Config.obj                   58     0         0      
    +--+----------------------------+------+---------+---------+
       Total:                       1276   32        4      
                                                            
    D:\Learn\CCS\ccsv8\tools\compiler\ti-cgt-msp430_18.1.4.LTS\lib\rts430_eabi.lib
       copy_decompress_lzss.c.obj   124    0         0      
       div32u.asm.obj               88     0         0      
       lsr16.asm.obj                76     0         0      
       autoinit.c.obj               66     0         0      
       lsl16.asm.obj                44     0         0      
       boot.c.obj                   28     2         0      
       copy_decompress_none.c.obj   18     0         0      
       memcpy.c.obj                 18     0         0      
       epilog.asm.obj               16     0         0      
       isr_trap.asm.obj             8      0         0      
       exit.c.obj                   6      0         0      
       pre_init.c.obj               4      0         0      
       int00.asm.obj                0      2         0      
       int01.asm.obj                0      2         0      
       int02.asm.obj                0      2         0      
       int03.asm.obj                0      2         0      
       int04.asm.obj                0      2         0      
       int05.asm.obj                0      2         0      
       int06.asm.obj                0      2         0      
       int07.asm.obj                0      2         0      
       int10.asm.obj                0      2         0      
       int11.asm.obj                0      2         0      
       int12.asm.obj                0      2         0      
       int13.asm.obj                0      2         0      
       int14.asm.obj                0      2         0      
       startup.c.obj                2      0         0      
    +--+----------------------------+------+---------+---------+
       Total:                       498    28        0      
                                                            
       Stack:                       0      0         80     
       Linker Generated:            0      15        0      
    +--+----------------------------+------+---------+---------+
       Grand Total:                 1774   75        84     


LINKER GENERATED COPY TABLES

__TI_cinit_table @ 00001816 records: 1, size/record: 4, table size: 4
	.data: load addr=0000180a, load size=00000007 bytes, run addr=00000200, run size=00000004 bytes, compression=lzss


LINKER GENERATED HANDLER TABLE

__TI_handler_table @ 00001812 records: 2, size/record: 2, table size: 4
	index: 0, handler: __TI_decompress_lzss
	index: 1, handler: __TI_decompress_none


GLOBAL SYMBOLS: SORTED ALPHABETICALLY BY Name 

address   name                          
-------   ----                          
000001a0  ADC12CTL0                     
000001a2  ADC12CTL1                     
000001a6  ADC12IE                       
000001a4  ADC12IFG                      
000001a8  ADC12IV                       
00000080  ADC12MCTL0                    
00000081  ADC12MCTL1                    
0000008a  ADC12MCTL10                   
0000008b  ADC12MCTL11                   
0000008c  ADC12MCTL12                   
0000008d  ADC12MCTL13                   
0000008e  ADC12MCTL14                   
0000008f  ADC12MCTL15                   
00000082  ADC12MCTL2                    
00000083  ADC12MCTL3                    
00000084  ADC12MCTL4                    
00000085  ADC12MCTL5                    
00000086  ADC12MCTL6                    
00000087  ADC12MCTL7                    
00000088  ADC12MCTL8                    
00000089  ADC12MCTL9                    
00000140  ADC12MEM0                     
00000142  ADC12MEM1                     
00000154  ADC12MEM10                    
00000156  ADC12MEM11                    
00000158  ADC12MEM12                    
0000015a  ADC12MEM13                    
0000015c  ADC12MEM14                    
0000015e  ADC12MEM15                    
00000144  ADC12MEM2                     
00000146  ADC12MEM3                     
00000148  ADC12MEM4                     
0000014a  ADC12MEM5                     
0000014c  ADC12MEM6                     
0000014e  ADC12MEM7                     
00000150  ADC12MEM8                     
00000152  ADC12MEM9                     
00000057  BCSCTL1                       
00000058  BCSCTL2                       
000017e0  C$$EXIT                       
00000059  CACTL1                        
0000005a  CACTL2                        
0000005b  CAPD                          
00001640  Clock_Init                    
000001c0  DAC12_0CTL                    
000001c8  DAC12_0DAT                    
000001c2  DAC12_1CTL                    
000001ca  DAC12_1DAT                    
00000056  DCOCTL                        
000001e0  DMA0CTL                       
000001e4  DMA0DA                        
000001e2  DMA0SA                        
000001e6  DMA0SZ                        
000001e8  DMA1CTL                       
000001ec  DMA1DA                        
000001ea  DMA1SA                        
000001ee  DMA1SZ                        
000001f0  DMA2CTL                       
000001f4  DMA2DA                        
000001f2  DMA2SA                        
000001f6  DMA2SZ                        
00000122  DMACTL0                       
00000124  DMACTL1                       
00000128  FCTL1                         
0000012a  FCTL2                         
0000012c  FCTL3                         
00000072  I2CDCTL                       
00000076  I2CDRB                        
00000076  I2CDRW                        
00000050  I2CIE                         
00000051  I2CIFG                        
0000011c  I2CIV                         
00000052  I2CNDAT                       
00000118  I2COA                         
00000073  I2CPSC                        
0000011a  I2CSA                         
00000074  I2CSCLH                       
00000075  I2CSCLL                       
00000071  I2CTCTL                       
00000000  IE1                           
00000001  IE2                           
00000002  IFG1                          
00000003  IFG2                          
00001754  LCD_Desk                      
00001100  LCD_Display_num               
00001576  LCD_Init                      
0000176e  LCD_Port_init                 
00001530  LCD_Write_com                 
00001446  LCD_Write_data                
000016a6  LCD_Write_str                 
00000134  MAC                           
00000136  MACS                          
00000004  ME1                           
00000005  ME2                           
00000130  MPY                           
00000132  MPYS                          
00000138  OP2                           
00000022  P1DIR                         
00000025  P1IE                          
00000024  P1IES                         
00000023  P1IFG                         
00000020  P1IN                          
00000021  P1OUT                         
00000026  P1SEL                         
0000002a  P2DIR                         
0000002d  P2IE                          
0000002c  P2IES                         
0000002b  P2IFG                         
00000028  P2IN                          
00000029  P2OUT                         
0000002e  P2SEL                         
0000001a  P3DIR                         
00000018  P3IN                          
00000019  P3OUT                         
0000001b  P3SEL                         
0000001e  P4DIR                         
0000001c  P4IN                          
0000001d  P4OUT                         
0000001f  P4SEL                         
00000032  P5DIR                         
00000030  P5IN                          
00000031  P5OUT                         
00000033  P5SEL                         
00000036  P6DIR                         
00000034  P6IN                          
00000035  P6OUT                         
00000037  P6SEL                         
000016f4  PWM_init                      
0000013c  RESHI                         
0000013a  RESLO                         
0000013e  SUMEXT                        
00000055  SVSCTL                        
00000201  Statu                         
00000172  TACCR0                        
00000174  TACCR1                        
00000176  TACCR2                        
00000162  TACCTL0                       
00000164  TACCTL1                       
00000166  TACCTL2                       
00000160  TACTL                         
0000012e  TAIV                          
00000170  TAR                           
00000192  TBCCR0                        
00000194  TBCCR1                        
00000196  TBCCR2                        
00000198  TBCCR3                        
0000019a  TBCCR4                        
0000019c  TBCCR5                        
0000019e  TBCCR6                        
00000182  TBCCTL0                       
00000184  TBCCTL1                       
00000186  TBCCTL2                       
00000188  TBCCTL3                       
0000018a  TBCCTL4                       
0000018c  TBCCTL5                       
0000018e  TBCCTL6                       
00000180  TBCTL                         
0000011e  TBIV                          
00000190  TBR                           
00000074  U0BR0                         
00000075  U0BR1                         
00000070  U0CTL                         
00000073  U0MCTL                        
00000072  U0RCTL                        
00000076  U0RXBUF                       
00000071  U0TCTL                        
00000077  U0TXBUF                       
0000007c  U1BR0                         
0000007d  U1BR1                         
00000078  U1CTL                         
0000007b  U1MCTL                        
0000007a  U1RCTL                        
0000007e  U1RXBUF                       
00000079  U1TCTL                        
0000007f  U1TXBUF                       
00001498  UART0_Init                    
00001716  USART0_RX_ISR                 
000017ea  USART0_TX_ISR                 
000017ca  Uart0Send_Byte                
00000120  WDTCTL                        
00000a00  __STACK_END                   
00000050  __STACK_SIZE                  
00001816  __TI_CINIT_Base               
0000181a  __TI_CINIT_Limit              
00001812  __TI_Handler_Table_Base       
00001816  __TI_Handler_Table_Limit      
000017d8  __TI_ISR_TRAP                 
000015fe  __TI_auto_init_nobinit_nopinit
00001372  __TI_decompress_lzss          
00001796  __TI_decompress_none          
0000ffe0  __TI_int00                    
0000ffe2  __TI_int01                    
0000ffe4  __TI_int02                    
0000ffe6  __TI_int03                    
0000ffe8  __TI_int04                    
0000ffea  __TI_int05                    
0000ffec  __TI_int06                    
0000ffee  __TI_int07                    
0000fff0  __TI_int08                    
0000fff2  __TI_int09                    
0000fff4  __TI_int10                    
0000fff6  __TI_int11                    
0000fff8  __TI_int12                    
0000fffa  __TI_int13                    
0000fffc  __TI_int14                    
ffffffff  __TI_pprof_out_hndl           
ffffffff  __TI_prof_data_size           
ffffffff  __TI_prof_data_start          
ffffffff  __c_args__                    
000013ee  __mspabi_divul                
000017c6  __mspabi_func_epilog_1        
000017c4  __mspabi_func_epilog_2        
000017c2  __mspabi_func_epilog_3        
000017c0  __mspabi_func_epilog_4        
000017be  __mspabi_func_epilog_5        
000017bc  __mspabi_func_epilog_6        
000017ba  __mspabi_func_epilog_7        
000013ee  __mspabi_remul                
0000167a  __mspabi_slli                 
000016a2  __mspabi_slli_1               
00001690  __mspabi_slli_10              
0000168e  __mspabi_slli_11              
0000168c  __mspabi_slli_12              
0000168a  __mspabi_slli_13              
00001688  __mspabi_slli_14              
00001686  __mspabi_slli_15              
000016a0  __mspabi_slli_2               
0000169e  __mspabi_slli_3               
0000169c  __mspabi_slli_4               
0000169a  __mspabi_slli_5               
00001698  __mspabi_slli_6               
00001696  __mspabi_slli_7               
00001694  __mspabi_slli_8               
00001692  __mspabi_slli_9               
000014e4  __mspabi_srli                 
0000152a  __mspabi_srli_1               
00001506  __mspabi_srli_10              
00001502  __mspabi_srli_11              
000014fe  __mspabi_srli_12              
000014fa  __mspabi_srli_13              
000014f6  __mspabi_srli_14              
000014f2  __mspabi_srli_15              
00001526  __mspabi_srli_2               
00001522  __mspabi_srli_3               
0000151e  __mspabi_srli_4               
0000151a  __mspabi_srli_5               
00001516  __mspabi_srli_6               
00001512  __mspabi_srli_7               
0000150e  __mspabi_srli_8               
0000150a  __mspabi_srli_9               
00001738  _c_int00_noargs               
0000fffe  _reset_vector                 
000009b0  _stack                        
000017ec  _system_post_cinit            
000017e6  _system_pre_init              
00000202  a                             
000017e0  abort                         
00000200  key                           
000012aa  main                          
000017a8  memcpy                        
000015ba  speed                         
000016ce  start                         
00001782  stop                          


GLOBAL SYMBOLS: SORTED BY Symbol Address 

address   name                          
-------   ----                          
00000000  IE1                           
00000001  IE2                           
00000002  IFG1                          
00000003  IFG2                          
00000004  ME1                           
00000005  ME2                           
00000018  P3IN                          
00000019  P3OUT                         
0000001a  P3DIR                         
0000001b  P3SEL                         
0000001c  P4IN                          
0000001d  P4OUT                         
0000001e  P4DIR                         
0000001f  P4SEL                         
00000020  P1IN                          
00000021  P1OUT                         
00000022  P1DIR                         
00000023  P1IFG                         
00000024  P1IES                         
00000025  P1IE                          
00000026  P1SEL                         
00000028  P2IN                          
00000029  P2OUT                         
0000002a  P2DIR                         
0000002b  P2IFG                         
0000002c  P2IES                         
0000002d  P2IE                          
0000002e  P2SEL                         
00000030  P5IN                          
00000031  P5OUT                         
00000032  P5DIR                         
00000033  P5SEL                         
00000034  P6IN                          
00000035  P6OUT                         
00000036  P6DIR                         
00000037  P6SEL                         
00000050  I2CIE                         
00000050  __STACK_SIZE                  
00000051  I2CIFG                        
00000052  I2CNDAT                       
00000055  SVSCTL                        
00000056  DCOCTL                        
00000057  BCSCTL1                       
00000058  BCSCTL2                       
00000059  CACTL1                        
0000005a  CACTL2                        
0000005b  CAPD                          
00000070  U0CTL                         
00000071  I2CTCTL                       
00000071  U0TCTL                        
00000072  I2CDCTL                       
00000072  U0RCTL                        
00000073  I2CPSC                        
00000073  U0MCTL                        
00000074  I2CSCLH                       
00000074  U0BR0                         
00000075  I2CSCLL                       
00000075  U0BR1                         
00000076  I2CDRB                        
00000076  I2CDRW                        
00000076  U0RXBUF                       
00000077  U0TXBUF                       
00000078  U1CTL                         
00000079  U1TCTL                        
0000007a  U1RCTL                        
0000007b  U1MCTL                        
0000007c  U1BR0                         
0000007d  U1BR1                         
0000007e  U1RXBUF                       
0000007f  U1TXBUF                       
00000080  ADC12MCTL0                    
00000081  ADC12MCTL1                    
00000082  ADC12MCTL2                    
00000083  ADC12MCTL3                    
00000084  ADC12MCTL4                    
00000085  ADC12MCTL5                    
00000086  ADC12MCTL6                    
00000087  ADC12MCTL7                    
00000088  ADC12MCTL8                    
00000089  ADC12MCTL9                    
0000008a  ADC12MCTL10                   
0000008b  ADC12MCTL11                   
0000008c  ADC12MCTL12                   
0000008d  ADC12MCTL13                   
0000008e  ADC12MCTL14                   
0000008f  ADC12MCTL15                   
00000118  I2COA                         
0000011a  I2CSA                         
0000011c  I2CIV                         
0000011e  TBIV                          
00000120  WDTCTL                        
00000122  DMACTL0                       
00000124  DMACTL1                       
00000128  FCTL1                         
0000012a  FCTL2                         
0000012c  FCTL3                         
0000012e  TAIV                          
00000130  MPY                           
00000132  MPYS                          
00000134  MAC                           
00000136  MACS                          
00000138  OP2                           
0000013a  RESLO                         
0000013c  RESHI                         
0000013e  SUMEXT                        
00000140  ADC12MEM0                     
00000142  ADC12MEM1                     
00000144  ADC12MEM2                     
00000146  ADC12MEM3                     
00000148  ADC12MEM4                     
0000014a  ADC12MEM5                     
0000014c  ADC12MEM6                     
0000014e  ADC12MEM7                     
00000150  ADC12MEM8                     
00000152  ADC12MEM9                     
00000154  ADC12MEM10                    
00000156  ADC12MEM11                    
00000158  ADC12MEM12                    
0000015a  ADC12MEM13                    
0000015c  ADC12MEM14                    
0000015e  ADC12MEM15                    
00000160  TACTL                         
00000162  TACCTL0                       
00000164  TACCTL1                       
00000166  TACCTL2                       
00000170  TAR                           
00000172  TACCR0                        
00000174  TACCR1                        
00000176  TACCR2                        
00000180  TBCTL                         
00000182  TBCCTL0                       
00000184  TBCCTL1                       
00000186  TBCCTL2                       
00000188  TBCCTL3                       
0000018a  TBCCTL4                       
0000018c  TBCCTL5                       
0000018e  TBCCTL6                       
00000190  TBR                           
00000192  TBCCR0                        
00000194  TBCCR1                        
00000196  TBCCR2                        
00000198  TBCCR3                        
0000019a  TBCCR4                        
0000019c  TBCCR5                        
0000019e  TBCCR6                        
000001a0  ADC12CTL0                     
000001a2  ADC12CTL1                     
000001a4  ADC12IFG                      
000001a6  ADC12IE                       
000001a8  ADC12IV                       
000001c0  DAC12_0CTL                    
000001c2  DAC12_1CTL                    
000001c8  DAC12_0DAT                    
000001ca  DAC12_1DAT                    
000001e0  DMA0CTL                       
000001e2  DMA0SA                        
000001e4  DMA0DA                        
000001e6  DMA0SZ                        
000001e8  DMA1CTL                       
000001ea  DMA1SA                        
000001ec  DMA1DA                        
000001ee  DMA1SZ                        
000001f0  DMA2CTL                       
000001f2  DMA2SA                        
000001f4  DMA2DA                        
000001f6  DMA2SZ                        
00000200  key                           
00000201  Statu                         
00000202  a                             
000009b0  _stack                        
00000a00  __STACK_END                   
00001100  LCD_Display_num               
000012aa  main                          
00001372  __TI_decompress_lzss          
000013ee  __mspabi_divul                
000013ee  __mspabi_remul                
00001446  LCD_Write_data                
00001498  UART0_Init                    
000014e4  __mspabi_srli                 
000014f2  __mspabi_srli_15              
000014f6  __mspabi_srli_14              
000014fa  __mspabi_srli_13              
000014fe  __mspabi_srli_12              
00001502  __mspabi_srli_11              
00001506  __mspabi_srli_10              
0000150a  __mspabi_srli_9               
0000150e  __mspabi_srli_8               
00001512  __mspabi_srli_7               
00001516  __mspabi_srli_6               
0000151a  __mspabi_srli_5               
0000151e  __mspabi_srli_4               
00001522  __mspabi_srli_3               
00001526  __mspabi_srli_2               
0000152a  __mspabi_srli_1               
00001530  LCD_Write_com                 
00001576  LCD_Init                      
000015ba  speed                         
000015fe  __TI_auto_init_nobinit_nopinit
00001640  Clock_Init                    
0000167a  __mspabi_slli                 
00001686  __mspabi_slli_15              
00001688  __mspabi_slli_14              
0000168a  __mspabi_slli_13              
0000168c  __mspabi_slli_12              
0000168e  __mspabi_slli_11              
00001690  __mspabi_slli_10              
00001692  __mspabi_slli_9               
00001694  __mspabi_slli_8               
00001696  __mspabi_slli_7               
00001698  __mspabi_slli_6               
0000169a  __mspabi_slli_5               
0000169c  __mspabi_slli_4               
0000169e  __mspabi_slli_3               
000016a0  __mspabi_slli_2               
000016a2  __mspabi_slli_1               
000016a6  LCD_Write_str                 
000016ce  start                         
000016f4  PWM_init                      
00001716  USART0_RX_ISR                 
00001738  _c_int00_noargs               
00001754  LCD_Desk                      
0000176e  LCD_Port_init                 
00001782  stop                          
00001796  __TI_decompress_none          
000017a8  memcpy                        
000017ba  __mspabi_func_epilog_7        
000017bc  __mspabi_func_epilog_6        
000017be  __mspabi_func_epilog_5        
000017c0  __mspabi_func_epilog_4        
000017c2  __mspabi_func_epilog_3        
000017c4  __mspabi_func_epilog_2        
000017c6  __mspabi_func_epilog_1        
000017ca  Uart0Send_Byte                
000017d8  __TI_ISR_TRAP                 
000017e0  C$$EXIT                       
000017e0  abort                         
000017e6  _system_pre_init              
000017ea  USART0_TX_ISR                 
000017ec  _system_post_cinit            
00001812  __TI_Handler_Table_Base       
00001816  __TI_CINIT_Base               
00001816  __TI_Handler_Table_Limit      
0000181a  __TI_CINIT_Limit              
0000ffe0  __TI_int00                    
0000ffe2  __TI_int01                    
0000ffe4  __TI_int02                    
0000ffe6  __TI_int03                    
0000ffe8  __TI_int04                    
0000ffea  __TI_int05                    
0000ffec  __TI_int06                    
0000ffee  __TI_int07                    
0000fff0  __TI_int08                    
0000fff2  __TI_int09                    
0000fff4  __TI_int10                    
0000fff6  __TI_int11                    
0000fff8  __TI_int12                    
0000fffa  __TI_int13                    
0000fffc  __TI_int14                    
0000fffe  _reset_vector                 
ffffffff  __TI_pprof_out_hndl           
ffffffff  __TI_prof_data_size           
ffffffff  __TI_prof_data_start          
ffffffff  __c_args__                    

[263 symbols]
