******************************************************************************
                  MSP430 Linker PC v18.1.3                     
******************************************************************************
>> Linked Fri Dec 28 14:37:37 2018

OUTPUT FILE NAME:   <els.out>
ENTRY POINT SYMBOL: "_c_int00_noargs"  address: 00002578


MEMORY CONFIGURATION

         name            origin    length      used     unused   attr    fill
----------------------  --------  ---------  --------  --------  ----  --------
  SFR                   00000000   00000010  00000000  00000010  RWIX
  PERIPHERALS_8BIT      00000010   000000f0  00000000  000000f0  RWIX
  PERIPHERALS_16BIT     00000100   00000100  00000000  00000100  RWIX
  RAM                   00000200   00000800  000001f8  00000608  RWIX
  INFOB                 00001000   00000080  00000000  00000080  RWIX
  INFOA                 00001080   00000080  00000000  00000080  RWIX
  FLASH                 00001100   0000eee0  00001ec0  0000d020  RWIX
  INT00                 0000ffe0   00000002  00000002  00000000  RWIX
  INT01                 0000ffe2   00000002  00000002  00000000  RWIX
  INT02                 0000ffe4   00000002  00000002  00000000  RWIX
  INT03                 0000ffe6   00000002  00000002  00000000  RWIX
  INT04                 0000ffe8   00000002  00000002  00000000  RWIX
  INT05                 0000ffea   00000002  00000002  00000000  RWIX
  INT06                 0000ffec   00000002  00000002  00000000  RWIX
  INT07                 0000ffee   00000002  00000002  00000000  RWIX
  INT08                 0000fff0   00000002  00000002  00000000  RWIX
  INT09                 0000fff2   00000002  00000002  00000000  RWIX
  INT10                 0000fff4   00000002  00000002  00000000  RWIX
  INT11                 0000fff6   00000002  00000002  00000000  RWIX
  INT12                 0000fff8   00000002  00000002  00000000  RWIX
  INT13                 0000fffa   00000002  00000002  00000000  RWIX
  INT14                 0000fffc   00000002  00000002  00000000  RWIX
  RESET                 0000fffe   00000002  00000002  00000000  RWIX


SECTION ALLOCATION MAP

 output                                  attributes/
section   page    origin      length       input sections
--------  ----  ----------  ----------   ----------------
.bss       0    00000200    0000019d     UNINITIALIZED
                  00000200    000000ae     (.common:background)
                  000002ae    000000ae     (.common:new)
                  0000035c    00000018     (.common:front)
                  00000374    00000018     (.common:fronttemp)
                  0000038c    00000008     (.common:fangkuai)
                  00000394    00000002     (.common:bt_led)
                  00000396    00000002     (.common:bt_led1)
                  00000398    00000001     (.common:down)
                  00000399    00000001     (.common:fknext)
                  0000039a    00000001     (.common:fknow)
                  0000039b    00000001     (.common:other)
                  0000039c    00000001     (.common:speedtemp)

.data      0    0000039e    0000000b     UNINITIALIZED
                  0000039e    00000008     process.obj (.data)
                  000003a6    00000003     golbal.obj (.data)

.stack     0    000009b0    00000050     UNINITIALIZED
                  000009b0    00000002     rts430_eabi.lib : boot.c.obj (.stack)
                  000009b2    0000004e     --HOLE--

.text      0    00001100    0000155c     
                  00001100    00000104     process.obj (.text:pause)
                  00001204    000000fc     process.obj (.text:godown)
                  00001300    000000fa     process.obj (.text:up)
                  000013fa    000000e6     process.obj (.text:renew)
                  000014e0    000000e0     process.obj (.text:change)
                  000015c0    000000dc     process.obj (.text:move_down)
                  0000169c    000000da     process.obj (.text:move_up)
                  00001776    000000ca     process.obj (.text:disstep)
                  00001840    000000c8     process.obj (.text:disscore)
                  00001908    0000009a     process.obj (.text:disguoguan)
                  000019a2    00000086     process.obj (.text:win)
                  00001a28    00000082     key.obj (.text:key)
                  00001aaa    00000082     process.obj (.text:xiao)
                  00001b2c    0000007e     process.obj (.text:ping)
                  00001baa    0000007c     rts430_eabi.lib : copy_decompress_lzss.c.obj (.text:decompress:lzss:__TI_decompress_lzss)
                  00001c26    00000076     display.obj (.text:write)
                  00001c9c    0000006e     display.obj (.text:writeshuzi)
                  00001d0a    00000066     main.obj (.text:main)
                  00001d70    00000064     process.obj (.text:welcome)
                  00001dd4    0000005c     process.obj (.text:allow2)
                  00001e30    0000005c     process.obj (.text:allow)
                  00001e8c    0000005a     process.obj (.text:bg_init)
                  00001ee6    0000005a     process.obj (.text:cut)
                  00001f40    0000005a     process.obj (.text:fangkuai_init)
                  00001f9a    00000056     display.obj (.text:lcd_init)
                  00001ff0    00000050     process.obj (.text:disandroid)
                  00002040    00000050     process.obj (.text:disnokia)
                  00002090    0000004c     rts430_eabi.lib : lsr16.asm.obj (.text)
                  000020dc    0000004a     UART.obj (.text:UART0_Init)
                  00002126    0000004a     beep.obj (.text:beep)
                  00002170    00000048     process.obj (.text:load)
                  000021b8    00000046     process.obj (.text:cut1)
                  000021fe    00000046     key.obj (.text:scankey)
                  00002244    00000044     process.obj (.text:game_over)
                  00002288    00000042     rts430_eabi.lib : autoinit.c.obj (.text:__TI_auto_init_nobinit_nopinit:__TI_auto_init_nobinit_nopinit)
                  000022ca    00000040     main.obj (.text:TB_ISR)
                  0000230a    0000003e     display.obj (.text:send)
                  00002348    0000003c     display.obj (.text:lcd_clear)
                  00002384    00000036     display.obj (.text:write_char)
                  000023ba    00000030     process.obj (.text:create)
                  000023ea    0000002e     process.obj (.text:disguan)
                  00002418    0000002c     rts430_eabi.lib : asr16.asm.obj (.text)
                  00002444    0000002c                     : div16s.asm.obj (.text)
                  00002470    0000002c                     : lsl16.asm.obj (.text)
                  0000249c    0000002a     process.obj (.text:disover)
                  000024c6    00000028     main.obj (.text:TA_ISR)
                  000024ee    00000026     main.obj (.text:timer_init)
                  00002514    00000024     display.obj (.text:set_xy)
                  00002538    00000022     process.obj (.text:move)
                  0000255a    0000001e     UART.obj (.text:USART0_RX_ISR)
                  00002578    0000001c     rts430_eabi.lib : boot.c.obj (.text:_c_int00_noargs)
                  00002594    0000001c     display.obj (.text:write_string)
                  000025b0    00000016     rts430_eabi.lib : div16u.asm.obj (.text)
                  000025c6    00000014                     : copy_zero_init.c.obj (.text:decompress:ZI:__TI_zero_init_nomemset:__TI_zero_init_nomemset)
                  000025da    00000014                     : mult16_hw.asm.obj (.text)
                  000025ee    00000012                     : copy_decompress_none.c.obj (.text:decompress:none:__TI_decompress_none)
                  00002600    00000012                     : memcpy.c.obj (.text:memcpy)
                  00002612    00000010                     : epilog.asm.obj (.text)
                  00002622    0000000e     UART.obj (.text:Uart0Send_Byte)
                  00002630    0000000e     led.obj (.text:led_init)
                  0000263e    00000008     rts430_eabi.lib : isr_trap.asm.obj (.text:_isr:__TI_ISR_TRAP)
                  00002646    00000008     key.obj (.text:key_init)
                  0000264e    00000006     rts430_eabi.lib : exit.c.obj (.text:abort)
                  00002654    00000004                     : pre_init.c.obj (.text:_system_pre_init)
                  00002658    00000002     UART.obj (.text:USART0_TX_ISR)
                  0000265a    00000002     rts430_eabi.lib : startup.c.obj (.text:_system_post_cinit)

.const     0    0000265c    00000942     
                  0000265c    00000228     golbal.obj (.const:font6x8)
                  00002884    000001f8     golbal.obj (.const:android)
                  00002a7c    000001f8     golbal.obj (.const:nokia)
                  00002c74    000000e0     golbal.obj (.const:.string:han)
                  00002d54    000000e0     golbal.obj (.const:fk)
                  00002e34    000000ca     process.obj (.const:.string)
                  00002efe    000000a0     golbal.obj (.const:.string:shuzi)

.cinit     0    00002f9e    00000022     
                  00002f9e    0000000f     (.cinit..data.load) [load image]
                  00002fad    00000001     --HOLE-- [fill = 0]
                  00002fae    00000006     (__TI_handler_table)
                  00002fb4    00000004     (.cinit..bss.load) [load image, compression = zero_init]
                  00002fb8    00000008     (__TI_cinit_table)

.binit     0    00001100    00000000     

.init_array 
*          0    00001100    00000000     UNINITIALIZED

DACDMA     0    0000ffe0    00000002     
                  0000ffe0    00000002     rts430_eabi.lib : int00.asm.obj (.int00)

PORT2      0    0000ffe2    00000002     
                  0000ffe2    00000002     rts430_eabi.lib : int01.asm.obj (.int01)

USART1TX   0    0000ffe4    00000002     
                  0000ffe4    00000002     rts430_eabi.lib : int02.asm.obj (.int02)

USART1RX   0    0000ffe6    00000002     
                  0000ffe6    00000002     rts430_eabi.lib : int03.asm.obj (.int03)

PORT1      0    0000ffe8    00000002     
                  0000ffe8    00000002     rts430_eabi.lib : int04.asm.obj (.int04)

TIMERA1    0    0000ffea    00000002     
                  0000ffea    00000002     rts430_eabi.lib : int05.asm.obj (.int05)

TIMERA0    0    0000ffec    00000002     
                  0000ffec    00000002     main.obj (.int06)

ADC12      0    0000ffee    00000002     
                  0000ffee    00000002     rts430_eabi.lib : int07.asm.obj (.int07)

USART0TX   0    0000fff0    00000002     
                  0000fff0    00000002     UART.obj (.int08)

USART0RX   0    0000fff2    00000002     
                  0000fff2    00000002     UART.obj (.int09)

WDT        0    0000fff4    00000002     
                  0000fff4    00000002     rts430_eabi.lib : int10.asm.obj (.int10)

COMPARATORA 
*          0    0000fff6    00000002     
                  0000fff6    00000002     rts430_eabi.lib : int11.asm.obj (.int11)

TIMERB1    0    0000fff8    00000002     
                  0000fff8    00000002     rts430_eabi.lib : int12.asm.obj (.int12)

TIMERB0    0    0000fffa    00000002     
                  0000fffa    00000002     main.obj (.int13)

NMI        0    0000fffc    00000002     
                  0000fffc    00000002     rts430_eabi.lib : int14.asm.obj (.int14)

.reset     0    0000fffe    00000002     
                  0000fffe    00000002     rts430_eabi.lib : boot.c.obj (.reset)

MODULE SUMMARY

       Module                       code   ro data   rw data
       ------                       ----   -------   -------
    .\
       process.obj                  3694   202       414    
       golbal.obj                   0      2168      3      
       display.obj                  554    0         0      
       main.obj                     244    4         5      
       key.obj                      208    0         2      
       UART.obj                     120    4         0      
       beep.obj                     74     0         0      
       led.obj                      14     0         0      
    +--+----------------------------+------+---------+---------+
       Total:                       4908   2378      424    
                                                            
    D:\Learn\CCS\ccsv8\tools\compiler\ti-cgt-msp430_18.1.3.LTS\lib\rts430_eabi.lib
       copy_decompress_lzss.c.obj   124    0         0      
       lsr16.asm.obj                76     0         0      
       autoinit.c.obj               66     0         0      
       asr16.asm.obj                44     0         0      
       div16s.asm.obj               44     0         0      
       lsl16.asm.obj                44     0         0      
       boot.c.obj                   28     2         0      
       div16u.asm.obj               22     0         0      
       copy_zero_init.c.obj         20     0         0      
       mult16_hw.asm.obj            20     0         0      
       copy_decompress_none.c.obj   18     0         0      
       memcpy.c.obj                 18     0         0      
       epilog.asm.obj               16     0         0      
       isr_trap.asm.obj             8      0         0      
       exit.c.obj                   6      0         0      
       pre_init.c.obj               4      0         0      
       int00.asm.obj                0      2         0      
       int01.asm.obj                0      2         0      
       int02.asm.obj                0      2         0      
       int03.asm.obj                0      2         0      
       int04.asm.obj                0      2         0      
       int05.asm.obj                0      2         0      
       int07.asm.obj                0      2         0      
       int10.asm.obj                0      2         0      
       int11.asm.obj                0      2         0      
       int12.asm.obj                0      2         0      
       int14.asm.obj                0      2         0      
       startup.c.obj                2      0         0      
    +--+----------------------------+------+---------+---------+
       Total:                       560    24        0      
                                                            
       Stack:                       0      0         80     
       Linker Generated:            0      33        0      
    +--+----------------------------+------+---------+---------+
       Grand Total:                 5468   2435      504    


LINKER GENERATED COPY TABLES

__TI_cinit_table @ 00002fb8 records: 2, size/record: 4, table size: 8
	.data: load addr=00002f9e, load size=0000000f bytes, run addr=0000039e, run size=0000000b bytes, compression=copy
	.bss: load addr=00002fb4, load size=00000004 bytes, run addr=00000200, run size=0000019d bytes, compression=zero_init


LINKER GENERATED HANDLER TABLE

__TI_handler_table @ 00002fae records: 3, size/record: 2, table size: 6
	index: 0, handler: __TI_zero_init
	index: 1, handler: __TI_decompress_lzss
	index: 2, handler: __TI_decompress_none


GLOBAL SYMBOLS: SORTED ALPHABETICALLY BY Name 

address   name                          
-------   ----                          
000001a0  ADC12CTL0                     
000001a2  ADC12CTL1                     
000001a6  ADC12IE                       
000001a4  ADC12IFG                      
000001a8  ADC12IV                       
00000080  ADC12MCTL0                    
00000081  ADC12MCTL1                    
0000008a  ADC12MCTL10                   
0000008b  ADC12MCTL11                   
0000008c  ADC12MCTL12                   
0000008d  ADC12MCTL13                   
0000008e  ADC12MCTL14                   
0000008f  ADC12MCTL15                   
00000082  ADC12MCTL2                    
00000083  ADC12MCTL3                    
00000084  ADC12MCTL4                    
00000085  ADC12MCTL5                    
00000086  ADC12MCTL6                    
00000087  ADC12MCTL7                    
00000088  ADC12MCTL8                    
00000089  ADC12MCTL9                    
00000140  ADC12MEM0                     
00000142  ADC12MEM1                     
00000154  ADC12MEM10                    
00000156  ADC12MEM11                    
00000158  ADC12MEM12                    
0000015a  ADC12MEM13                    
0000015c  ADC12MEM14                    
0000015e  ADC12MEM15                    
00000144  ADC12MEM2                     
00000146  ADC12MEM3                     
00000148  ADC12MEM4                     
0000014a  ADC12MEM5                     
0000014c  ADC12MEM6                     
0000014e  ADC12MEM7                     
00000150  ADC12MEM8                     
00000152  ADC12MEM9                     
00000057  BCSCTL1                       
00000058  BCSCTL2                       
0000264e  C$$EXIT                       
00000059  CACTL1                        
0000005a  CACTL2                        
0000005b  CAPD                          
000001c0  DAC12_0CTL                    
000001c8  DAC12_0DAT                    
000001c2  DAC12_1CTL                    
000001ca  DAC12_1DAT                    
00000056  DCOCTL                        
000001e0  DMA0CTL                       
000001e4  DMA0DA                        
000001e2  DMA0SA                        
000001e6  DMA0SZ                        
000001e8  DMA1CTL                       
000001ec  DMA1DA                        
000001ea  DMA1SA                        
000001ee  DMA1SZ                        
000001f0  DMA2CTL                       
000001f4  DMA2DA                        
000001f2  DMA2SA                        
000001f6  DMA2SZ                        
00000122  DMACTL0                       
00000124  DMACTL1                       
00000128  FCTL1                         
0000012a  FCTL2                         
0000012c  FCTL3                         
00000072  I2CDCTL                       
00000076  I2CDRB                        
00000076  I2CDRW                        
00000050  I2CIE                         
00000051  I2CIFG                        
0000011c  I2CIV                         
00000052  I2CNDAT                       
00000118  I2COA                         
00000073  I2CPSC                        
0000011a  I2CSA                         
00000074  I2CSCLH                       
00000075  I2CSCLL                       
00000071  I2CTCTL                       
00000000  IE1                           
00000001  IE2                           
00000002  IFG1                          
00000003  IFG2                          
00000134  MAC                           
00000136  MACS                          
00000004  ME1                           
00000005  ME2                           
00000130  MPY                           
00000132  MPYS                          
00000138  OP2                           
00000022  P1DIR                         
00000025  P1IE                          
00000024  P1IES                         
00000023  P1IFG                         
00000020  P1IN                          
00000021  P1OUT                         
00000026  P1SEL                         
0000002a  P2DIR                         
0000002d  P2IE                          
0000002c  P2IES                         
0000002b  P2IFG                         
00000028  P2IN                          
00000029  P2OUT                         
0000002e  P2SEL                         
0000001a  P3DIR                         
00000018  P3IN                          
00000019  P3OUT                         
0000001b  P3SEL                         
0000001e  P4DIR                         
0000001c  P4IN                          
0000001d  P4OUT                         
0000001f  P4SEL                         
00000032  P5DIR                         
00000030  P5IN                          
00000031  P5OUT                         
00000033  P5SEL                         
00000036  P6DIR                         
00000034  P6IN                          
00000035  P6OUT                         
00000037  P6SEL                         
0000013c  RESHI                         
0000013a  RESLO                         
0000013e  SUMEXT                        
00000055  SVSCTL                        
00000172  TACCR0                        
00000174  TACCR1                        
00000176  TACCR2                        
00000162  TACCTL0                       
00000164  TACCTL1                       
00000166  TACCTL2                       
00000160  TACTL                         
0000012e  TAIV                          
00000170  TAR                           
000024c6  TA_ISR                        
00000192  TBCCR0                        
00000194  TBCCR1                        
00000196  TBCCR2                        
00000198  TBCCR3                        
0000019a  TBCCR4                        
0000019c  TBCCR5                        
0000019e  TBCCR6                        
00000182  TBCCTL0                       
00000184  TBCCTL1                       
00000186  TBCCTL2                       
00000188  TBCCTL3                       
0000018a  TBCCTL4                       
0000018c  TBCCTL5                       
0000018e  TBCCTL6                       
00000180  TBCTL                         
0000011e  TBIV                          
00000190  TBR                           
000022ca  TB_ISR                        
00000074  U0BR0                         
00000075  U0BR1                         
00000070  U0CTL                         
00000073  U0MCTL                        
00000072  U0RCTL                        
00000076  U0RXBUF                       
00000071  U0TCTL                        
00000077  U0TXBUF                       
0000007c  U1BR0                         
0000007d  U1BR1                         
00000078  U1CTL                         
0000007b  U1MCTL                        
0000007a  U1RCTL                        
0000007e  U1RXBUF                       
00000079  U1TCTL                        
0000007f  U1TXBUF                       
000020dc  UART0_Init                    
0000255a  USART0_RX_ISR                 
00002658  USART0_TX_ISR                 
00002622  Uart0Send_Byte                
00000120  WDTCTL                        
00000a00  __STACK_END                   
00000050  __STACK_SIZE                  
00002fb8  __TI_CINIT_Base               
00002fc0  __TI_CINIT_Limit              
00002fae  __TI_Handler_Table_Base       
00002fb4  __TI_Handler_Table_Limit      
0000263e  __TI_ISR_TRAP                 
00002288  __TI_auto_init_nobinit_nopinit
00001baa  __TI_decompress_lzss          
000025ee  __TI_decompress_none          
0000ffe0  __TI_int00                    
0000ffe2  __TI_int01                    
0000ffe4  __TI_int02                    
0000ffe6  __TI_int03                    
0000ffe8  __TI_int04                    
0000ffea  __TI_int05                    
0000ffec  __TI_int06                    
0000ffee  __TI_int07                    
0000fff0  __TI_int08                    
0000fff2  __TI_int09                    
0000fff4  __TI_int10                    
0000fff6  __TI_int11                    
0000fff8  __TI_int12                    
0000fffa  __TI_int13                    
0000fffc  __TI_int14                    
ffffffff  __TI_pprof_out_hndl           
ffffffff  __TI_prof_data_size           
ffffffff  __TI_prof_data_start          
000025c6  __TI_zero_init_nomemset       
ffffffff  __c_args__                    
00002444  __mspabi_divi                 
000025b0  __mspabi_divu                 
0000261e  __mspabi_func_epilog_1        
0000261c  __mspabi_func_epilog_2        
0000261a  __mspabi_func_epilog_3        
00002618  __mspabi_func_epilog_4        
00002616  __mspabi_func_epilog_5        
00002614  __mspabi_func_epilog_6        
00002612  __mspabi_func_epilog_7        
000025da  __mspabi_mpyi_hw              
00002444  __mspabi_remi                 
000025b0  __mspabi_remu                 
00002470  __mspabi_slli                 
00002498  __mspabi_slli_1               
00002486  __mspabi_slli_10              
00002484  __mspabi_slli_11              
00002482  __mspabi_slli_12              
00002480  __mspabi_slli_13              
0000247e  __mspabi_slli_14              
0000247c  __mspabi_slli_15              
00002496  __mspabi_slli_2               
00002494  __mspabi_slli_3               
00002492  __mspabi_slli_4               
00002490  __mspabi_slli_5               
0000248e  __mspabi_slli_6               
0000248c  __mspabi_slli_7               
0000248a  __mspabi_slli_8               
00002488  __mspabi_slli_9               
00002418  __mspabi_srai                 
00002440  __mspabi_srai_1               
0000242e  __mspabi_srai_10              
0000242c  __mspabi_srai_11              
0000242a  __mspabi_srai_12              
00002428  __mspabi_srai_13              
00002426  __mspabi_srai_14              
00002424  __mspabi_srai_15              
0000243e  __mspabi_srai_2               
0000243c  __mspabi_srai_3               
0000243a  __mspabi_srai_4               
00002438  __mspabi_srai_5               
00002436  __mspabi_srai_6               
00002434  __mspabi_srai_7               
00002432  __mspabi_srai_8               
00002430  __mspabi_srai_9               
00002090  __mspabi_srli                 
000020d6  __mspabi_srli_1               
000020b2  __mspabi_srli_10              
000020ae  __mspabi_srli_11              
000020aa  __mspabi_srli_12              
000020a6  __mspabi_srli_13              
000020a2  __mspabi_srli_14              
0000209e  __mspabi_srli_15              
000020d2  __mspabi_srli_2               
000020ce  __mspabi_srli_3               
000020ca  __mspabi_srli_4               
000020c6  __mspabi_srli_5               
000020c2  __mspabi_srli_6               
000020be  __mspabi_srli_7               
000020ba  __mspabi_srli_8               
000020b6  __mspabi_srli_9               
00002578  _c_int00_noargs               
0000fffe  _reset_vector                 
000009b0  _stack                        
0000265a  _system_post_cinit            
00002654  _system_pre_init              
0000264e  abort                         
00001e30  allow                         
00001dd4  allow2                        
00002884  android                       
00000200  background                    
00002126  beep                          
000003a8  beep2                         
00001e8c  bg_init                       
000003a4  bianhuan                      
00000394  bt_led                        
00000396  bt_led1                       
000014e0  change                        
000023ba  create                        
00001ee6  cut                           
000021b8  cut1                          
00001ff0  disandroid                    
000023ea  disguan                       
00001908  disguoguan                    
00002040  disnokia                      
0000249c  disover                       
00001840  disscore                      
00001776  disstep                       
00000398  down                          
0000038c  fangkuai                      
00001f40  fangkuai_init                 
00002d54  fk                            
00000399  fknext                        
0000039a  fknow                         
0000265c  font6x8                       
0000035c  front                         
000003a0  front_x                       
00000374  fronttemp                     
00002244  game_over                     
00001204  godown                        
000003a1  guan                          
00002c74  han                           
00001a28  key                           
00002646  key_init                      
00002348  lcd_clear                     
00001f9a  lcd_init                      
00002630  led_init                      
00002170  load                          
00001d0a  main                          
00002600  memcpy                        
00002538  move                          
000015c0  move_down                     
0000169c  move_up                       
000003a5  moved                         
000002ae  new                           
00002a7c  nokia                         
0000039b  other                         
00001100  pause                         
00001b2c  ping                          
000013fa  renew                         
000021fe  scankey                       
000003a2  score                         
0000230a  send                          
00002514  set_xy                        
00002efe  shuzi                         
000003a7  speed                         
0000039c  speedtemp                     
0000039e  step                          
000003a6  suijishu                      
000024ee  timer_init                    
00001300  up                            
00001d70  welcome                       
000019a2  win                           
00001c26  write                         
00002384  write_char                    
00002594  write_string                  
00001c9c  writeshuzi                    
00001aaa  xiao                          


GLOBAL SYMBOLS: SORTED BY Symbol Address 

address   name                          
-------   ----                          
00000000  IE1                           
00000001  IE2                           
00000002  IFG1                          
00000003  IFG2                          
00000004  ME1                           
00000005  ME2                           
00000018  P3IN                          
00000019  P3OUT                         
0000001a  P3DIR                         
0000001b  P3SEL                         
0000001c  P4IN                          
0000001d  P4OUT                         
0000001e  P4DIR                         
0000001f  P4SEL                         
00000020  P1IN                          
00000021  P1OUT                         
00000022  P1DIR                         
00000023  P1IFG                         
00000024  P1IES                         
00000025  P1IE                          
00000026  P1SEL                         
00000028  P2IN                          
00000029  P2OUT                         
0000002a  P2DIR                         
0000002b  P2IFG                         
0000002c  P2IES                         
0000002d  P2IE                          
0000002e  P2SEL                         
00000030  P5IN                          
00000031  P5OUT                         
00000032  P5DIR                         
00000033  P5SEL                         
00000034  P6IN                          
00000035  P6OUT                         
00000036  P6DIR                         
00000037  P6SEL                         
00000050  I2CIE                         
00000050  __STACK_SIZE                  
00000051  I2CIFG                        
00000052  I2CNDAT                       
00000055  SVSCTL                        
00000056  DCOCTL                        
00000057  BCSCTL1                       
00000058  BCSCTL2                       
00000059  CACTL1                        
0000005a  CACTL2                        
0000005b  CAPD                          
00000070  U0CTL                         
00000071  I2CTCTL                       
00000071  U0TCTL                        
00000072  I2CDCTL                       
00000072  U0RCTL                        
00000073  I2CPSC                        
00000073  U0MCTL                        
00000074  I2CSCLH                       
00000074  U0BR0                         
00000075  I2CSCLL                       
00000075  U0BR1                         
00000076  I2CDRB                        
00000076  I2CDRW                        
00000076  U0RXBUF                       
00000077  U0TXBUF                       
00000078  U1CTL                         
00000079  U1TCTL                        
0000007a  U1RCTL                        
0000007b  U1MCTL                        
0000007c  U1BR0                         
0000007d  U1BR1                         
0000007e  U1RXBUF                       
0000007f  U1TXBUF                       
00000080  ADC12MCTL0                    
00000081  ADC12MCTL1                    
00000082  ADC12MCTL2                    
00000083  ADC12MCTL3                    
00000084  ADC12MCTL4                    
00000085  ADC12MCTL5                    
00000086  ADC12MCTL6                    
00000087  ADC12MCTL7                    
00000088  ADC12MCTL8                    
00000089  ADC12MCTL9                    
0000008a  ADC12MCTL10                   
0000008b  ADC12MCTL11                   
0000008c  ADC12MCTL12                   
0000008d  ADC12MCTL13                   
0000008e  ADC12MCTL14                   
0000008f  ADC12MCTL15                   
00000118  I2COA                         
0000011a  I2CSA                         
0000011c  I2CIV                         
0000011e  TBIV                          
00000120  WDTCTL                        
00000122  DMACTL0                       
00000124  DMACTL1                       
00000128  FCTL1                         
0000012a  FCTL2                         
0000012c  FCTL3                         
0000012e  TAIV                          
00000130  MPY                           
00000132  MPYS                          
00000134  MAC                           
00000136  MACS                          
00000138  OP2                           
0000013a  RESLO                         
0000013c  RESHI                         
0000013e  SUMEXT                        
00000140  ADC12MEM0                     
00000142  ADC12MEM1                     
00000144  ADC12MEM2                     
00000146  ADC12MEM3                     
00000148  ADC12MEM4                     
0000014a  ADC12MEM5                     
0000014c  ADC12MEM6                     
0000014e  ADC12MEM7                     
00000150  ADC12MEM8                     
00000152  ADC12MEM9                     
00000154  ADC12MEM10                    
00000156  ADC12MEM11                    
00000158  ADC12MEM12                    
0000015a  ADC12MEM13                    
0000015c  ADC12MEM14                    
0000015e  ADC12MEM15                    
00000160  TACTL                         
00000162  TACCTL0                       
00000164  TACCTL1                       
00000166  TACCTL2                       
00000170  TAR                           
00000172  TACCR0                        
00000174  TACCR1                        
00000176  TACCR2                        
00000180  TBCTL                         
00000182  TBCCTL0                       
00000184  TBCCTL1                       
00000186  TBCCTL2                       
00000188  TBCCTL3                       
0000018a  TBCCTL4                       
0000018c  TBCCTL5                       
0000018e  TBCCTL6                       
00000190  TBR                           
00000192  TBCCR0                        
00000194  TBCCR1                        
00000196  TBCCR2                        
00000198  TBCCR3                        
0000019a  TBCCR4                        
0000019c  TBCCR5                        
0000019e  TBCCR6                        
000001a0  ADC12CTL0                     
000001a2  ADC12CTL1                     
000001a4  ADC12IFG                      
000001a6  ADC12IE                       
000001a8  ADC12IV                       
000001c0  DAC12_0CTL                    
000001c2  DAC12_1CTL                    
000001c8  DAC12_0DAT                    
000001ca  DAC12_1DAT                    
000001e0  DMA0CTL                       
000001e2  DMA0SA                        
000001e4  DMA0DA                        
000001e6  DMA0SZ                        
000001e8  DMA1CTL                       
000001ea  DMA1SA                        
000001ec  DMA1DA                        
000001ee  DMA1SZ                        
000001f0  DMA2CTL                       
000001f2  DMA2SA                        
000001f4  DMA2DA                        
000001f6  DMA2SZ                        
00000200  background                    
000002ae  new                           
0000035c  front                         
00000374  fronttemp                     
0000038c  fangkuai                      
00000394  bt_led                        
00000396  bt_led1                       
00000398  down                          
00000399  fknext                        
0000039a  fknow                         
0000039b  other                         
0000039c  speedtemp                     
0000039e  step                          
000003a0  front_x                       
000003a1  guan                          
000003a2  score                         
000003a4  bianhuan                      
000003a5  moved                         
000003a6  suijishu                      
000003a7  speed                         
000003a8  beep2                         
000009b0  _stack                        
00000a00  __STACK_END                   
00001100  pause                         
00001204  godown                        
00001300  up                            
000013fa  renew                         
000014e0  change                        
000015c0  move_down                     
0000169c  move_up                       
00001776  disstep                       
00001840  disscore                      
00001908  disguoguan                    
000019a2  win                           
00001a28  key                           
00001aaa  xiao                          
00001b2c  ping                          
00001baa  __TI_decompress_lzss          
00001c26  write                         
00001c9c  writeshuzi                    
00001d0a  main                          
00001d70  welcome                       
00001dd4  allow2                        
00001e30  allow                         
00001e8c  bg_init                       
00001ee6  cut                           
00001f40  fangkuai_init                 
00001f9a  lcd_init                      
00001ff0  disandroid                    
00002040  disnokia                      
00002090  __mspabi_srli                 
0000209e  __mspabi_srli_15              
000020a2  __mspabi_srli_14              
000020a6  __mspabi_srli_13              
000020aa  __mspabi_srli_12              
000020ae  __mspabi_srli_11              
000020b2  __mspabi_srli_10              
000020b6  __mspabi_srli_9               
000020ba  __mspabi_srli_8               
000020be  __mspabi_srli_7               
000020c2  __mspabi_srli_6               
000020c6  __mspabi_srli_5               
000020ca  __mspabi_srli_4               
000020ce  __mspabi_srli_3               
000020d2  __mspabi_srli_2               
000020d6  __mspabi_srli_1               
000020dc  UART0_Init                    
00002126  beep                          
00002170  load                          
000021b8  cut1                          
000021fe  scankey                       
00002244  game_over                     
00002288  __TI_auto_init_nobinit_nopinit
000022ca  TB_ISR                        
0000230a  send                          
00002348  lcd_clear                     
00002384  write_char                    
000023ba  create                        
000023ea  disguan                       
00002418  __mspabi_srai                 
00002424  __mspabi_srai_15              
00002426  __mspabi_srai_14              
00002428  __mspabi_srai_13              
0000242a  __mspabi_srai_12              
0000242c  __mspabi_srai_11              
0000242e  __mspabi_srai_10              
00002430  __mspabi_srai_9               
00002432  __mspabi_srai_8               
00002434  __mspabi_srai_7               
00002436  __mspabi_srai_6               
00002438  __mspabi_srai_5               
0000243a  __mspabi_srai_4               
0000243c  __mspabi_srai_3               
0000243e  __mspabi_srai_2               
00002440  __mspabi_srai_1               
00002444  __mspabi_divi                 
00002444  __mspabi_remi                 
00002470  __mspabi_slli                 
0000247c  __mspabi_slli_15              
0000247e  __mspabi_slli_14              
00002480  __mspabi_slli_13              
00002482  __mspabi_slli_12              
00002484  __mspabi_slli_11              
00002486  __mspabi_slli_10              
00002488  __mspabi_slli_9               
0000248a  __mspabi_slli_8               
0000248c  __mspabi_slli_7               
0000248e  __mspabi_slli_6               
00002490  __mspabi_slli_5               
00002492  __mspabi_slli_4               
00002494  __mspabi_slli_3               
00002496  __mspabi_slli_2               
00002498  __mspabi_slli_1               
0000249c  disover                       
000024c6  TA_ISR                        
000024ee  timer_init                    
00002514  set_xy                        
00002538  move                          
0000255a  USART0_RX_ISR                 
00002578  _c_int00_noargs               
00002594  write_string                  
000025b0  __mspabi_divu                 
000025b0  __mspabi_remu                 
000025c6  __TI_zero_init_nomemset       
000025da  __mspabi_mpyi_hw              
000025ee  __TI_decompress_none          
00002600  memcpy                        
00002612  __mspabi_func_epilog_7        
00002614  __mspabi_func_epilog_6        
00002616  __mspabi_func_epilog_5        
00002618  __mspabi_func_epilog_4        
0000261a  __mspabi_func_epilog_3        
0000261c  __mspabi_func_epilog_2        
0000261e  __mspabi_func_epilog_1        
00002622  Uart0Send_Byte                
00002630  led_init                      
0000263e  __TI_ISR_TRAP                 
00002646  key_init                      
0000264e  C$$EXIT                       
0000264e  abort                         
00002654  _system_pre_init              
00002658  USART0_TX_ISR                 
0000265a  _system_post_cinit            
0000265c  font6x8                       
00002884  android                       
00002a7c  nokia                         
00002c74  han                           
00002d54  fk                            
00002efe  shuzi                         
00002fae  __TI_Handler_Table_Base       
00002fb4  __TI_Handler_Table_Limit      
00002fb8  __TI_CINIT_Base               
00002fc0  __TI_CINIT_Limit              
0000ffe0  __TI_int00                    
0000ffe2  __TI_int01                    
0000ffe4  __TI_int02                    
0000ffe6  __TI_int03                    
0000ffe8  __TI_int04                    
0000ffea  __TI_int05                    
0000ffec  __TI_int06                    
0000ffee  __TI_int07                    
0000fff0  __TI_int08                    
0000fff2  __TI_int09                    
0000fff4  __TI_int10                    
0000fff6  __TI_int11                    
0000fff8  __TI_int12                    
0000fffa  __TI_int13                    
0000fffc  __TI_int14                    
0000fffe  _reset_vector                 
ffffffff  __TI_pprof_out_hndl           
ffffffff  __TI_prof_data_size           
ffffffff  __TI_prof_data_start          
ffffffff  __c_args__                    

[339 symbols]
